Archive member included to satisfy reference by file (symbol)

c:/program files (x86)/gnu arm embedded toolchain/10 2021.10/bin/../lib/gcc/arm-none-eabi/10.3.1/../../../../arm-none-eabi/lib/thumb/v7-m/nofp\libc_nano.a(lib_a-errno.o)
                              ./Core/Src/syscalls.o (__errno)
c:/program files (x86)/gnu arm embedded toolchain/10 2021.10/bin/../lib/gcc/arm-none-eabi/10.3.1/../../../../arm-none-eabi/lib/thumb/v7-m/nofp\libc_nano.a(lib_a-exit.o)
                              c:/program files (x86)/gnu arm embedded toolchain/10 2021.10/bin/../lib/gcc/arm-none-eabi/10.3.1/../../../../arm-none-eabi/lib/thumb/v7-m/nofp/crt0.o (exit)
c:/program files (x86)/gnu arm embedded toolchain/10 2021.10/bin/../lib/gcc/arm-none-eabi/10.3.1/../../../../arm-none-eabi/lib/thumb/v7-m/nofp\libc_nano.a(lib_a-impure.o)
                              c:/program files (x86)/gnu arm embedded toolchain/10 2021.10/bin/../lib/gcc/arm-none-eabi/10.3.1/../../../../arm-none-eabi/lib/thumb/v7-m/nofp\libc_nano.a(lib_a-exit.o) (_global_impure_ptr)
c:/program files (x86)/gnu arm embedded toolchain/10 2021.10/bin/../lib/gcc/arm-none-eabi/10.3.1/../../../../arm-none-eabi/lib/thumb/v7-m/nofp\libc_nano.a(lib_a-init.o)
                              c:/program files (x86)/gnu arm embedded toolchain/10 2021.10/bin/../lib/gcc/arm-none-eabi/10.3.1/../../../../arm-none-eabi/lib/thumb/v7-m/nofp/crt0.o (__libc_init_array)
c:/program files (x86)/gnu arm embedded toolchain/10 2021.10/bin/../lib/gcc/arm-none-eabi/10.3.1/../../../../arm-none-eabi/lib/thumb/v7-m/nofp\libc_nano.a(lib_a-memset.o)
                              c:/program files (x86)/gnu arm embedded toolchain/10 2021.10/bin/../lib/gcc/arm-none-eabi/10.3.1/../../../../arm-none-eabi/lib/thumb/v7-m/nofp/crt0.o (memset)
c:/program files (x86)/gnu arm embedded toolchain/10 2021.10/bin/../lib/gcc/arm-none-eabi/10.3.1/../../../../arm-none-eabi/lib/thumb/v7-m/nofp\libc_nano.a(lib_a-nano-vfprintf_float.o)
                              (_printf_float)
c:/program files (x86)/gnu arm embedded toolchain/10 2021.10/bin/../lib/gcc/arm-none-eabi/10.3.1/../../../../arm-none-eabi/lib/thumb/v7-m/nofp\libc_nano.a(lib_a-nano-vfprintf_i.o)
                              c:/program files (x86)/gnu arm embedded toolchain/10 2021.10/bin/../lib/gcc/arm-none-eabi/10.3.1/../../../../arm-none-eabi/lib/thumb/v7-m/nofp\libc_nano.a(lib_a-nano-vfprintf_float.o) (_printf_common)
c:/program files (x86)/gnu arm embedded toolchain/10 2021.10/bin/../lib/gcc/arm-none-eabi/10.3.1/../../../../arm-none-eabi/lib/thumb/v7-m/nofp\libc_nano.a(lib_a-sprintf.o)
                              ./Core/Src/main.o (sprintf)
c:/program files (x86)/gnu arm embedded toolchain/10 2021.10/bin/../lib/gcc/arm-none-eabi/10.3.1/../../../../arm-none-eabi/lib/thumb/v7-m/nofp\libc_nano.a(lib_a-strlen.o)
                              ./Core/Src/main.o (strlen)
c:/program files (x86)/gnu arm embedded toolchain/10 2021.10/bin/../lib/gcc/arm-none-eabi/10.3.1/../../../../arm-none-eabi/lib/thumb/v7-m/nofp\libc_nano.a(lib_a-dtoa.o)
                              c:/program files (x86)/gnu arm embedded toolchain/10 2021.10/bin/../lib/gcc/arm-none-eabi/10.3.1/../../../../arm-none-eabi/lib/thumb/v7-m/nofp\libc_nano.a(lib_a-nano-vfprintf_float.o) (_dtoa_r)
c:/program files (x86)/gnu arm embedded toolchain/10 2021.10/bin/../lib/gcc/arm-none-eabi/10.3.1/../../../../arm-none-eabi/lib/thumb/v7-m/nofp\libc_nano.a(lib_a-localeconv.o)
                              c:/program files (x86)/gnu arm embedded toolchain/10 2021.10/bin/../lib/gcc/arm-none-eabi/10.3.1/../../../../arm-none-eabi/lib/thumb/v7-m/nofp\libc_nano.a(lib_a-nano-vfprintf_float.o) (_localeconv_r)
c:/program files (x86)/gnu arm embedded toolchain/10 2021.10/bin/../lib/gcc/arm-none-eabi/10.3.1/../../../../arm-none-eabi/lib/thumb/v7-m/nofp\libc_nano.a(lib_a-malloc.o)
                              c:/program files (x86)/gnu arm embedded toolchain/10 2021.10/bin/../lib/gcc/arm-none-eabi/10.3.1/../../../../arm-none-eabi/lib/thumb/v7-m/nofp\libc_nano.a(lib_a-dtoa.o) (malloc)
c:/program files (x86)/gnu arm embedded toolchain/10 2021.10/bin/../lib/gcc/arm-none-eabi/10.3.1/../../../../arm-none-eabi/lib/thumb/v7-m/nofp\libc_nano.a(lib_a-memchr-stub.o)
                              c:/program files (x86)/gnu arm embedded toolchain/10 2021.10/bin/../lib/gcc/arm-none-eabi/10.3.1/../../../../arm-none-eabi/lib/thumb/v7-m/nofp\libc_nano.a(lib_a-nano-vfprintf_i.o) (memchr)
c:/program files (x86)/gnu arm embedded toolchain/10 2021.10/bin/../lib/gcc/arm-none-eabi/10.3.1/../../../../arm-none-eabi/lib/thumb/v7-m/nofp\libc_nano.a(lib_a-memcpy-stub.o)
                              c:/program files (x86)/gnu arm embedded toolchain/10 2021.10/bin/../lib/gcc/arm-none-eabi/10.3.1/../../../../arm-none-eabi/lib/thumb/v7-m/nofp\libc_nano.a(lib_a-dtoa.o) (memcpy)
c:/program files (x86)/gnu arm embedded toolchain/10 2021.10/bin/../lib/gcc/arm-none-eabi/10.3.1/../../../../arm-none-eabi/lib/thumb/v7-m/nofp\libc_nano.a(lib_a-mprec.o)
[...]
Memory Configuration

Name             Origin             Length             Attributes
FLASH            0x08000000         0x00010000         xr
RAM              0x20000000         0x00005000         xrw
*default*        0x00000000         0xffffffff

Linker script and memory map

LOAD c:/program files (x86)/gnu arm embedded toolchain/10 2021.10/bin/../lib/gcc/arm-none-eabi/10.3.1/thumb/v7-m/nofp/crti.o
LOAD c:/program files (x86)/gnu arm embedded toolchain/10 2021.10/bin/../lib/gcc/arm-none-eabi/10.3.1/thumb/v7-m/nofp/crtbegin.o
LOAD c:/program files (x86)/gnu arm embedded toolchain/10 2021.10/bin/../lib/gcc/arm-none-eabi/10.3.1/../../../../arm-none-eabi/lib/thumb/v7-m/nofp/crt0.o
LOAD ./Core/Src/adc.o
LOAD ./Core/Src/dma.o
LOAD ./Core/Src/gpio.o
LOAD ./Core/Src/lcd.o
LOAD ./Core/Src/main.o
LOAD ./Core/Src/motor_control.o
LOAD ./Core/Src/stm32f1xx_hal_msp.o
LOAD ./Core/Src/stm32f1xx_it.o
LOAD ./Core/Src/syscalls.o
LOAD ./Core/Src/sysmem.o
LOAD ./Core/Src/system_stm32f1xx.o
LOAD ./Core/Src/tim.o
LOAD ./Core/Src/usart.o
LOAD ./Core/Startup/startup_stm32f103c8tx.o
LOAD ./Drivers/STM32F1xx_HAL_Driver/stm32f1xx_hal.o
LOAD ./Drivers/STM32F1xx_HAL_Driver/stm32f1xx_hal_adc.o
LOAD ./Drivers/STM32F1xx_HAL_Driver/stm32f1xx_hal_adc_ex.o
LOAD ./Drivers/STM32F1xx_HAL_Driver/stm32f1xx_hal_cortex.o
LOAD ./Drivers/STM32F1xx_HAL_Driver/stm32f1xx_hal_dma.o
LOAD ./Drivers/STM32F1xx_HAL_Driver/stm32f1xx_hal_exti.o
LOAD ./Drivers/STM32F1xx_HAL_Driver/stm32f1xx_hal_flash.o
LOAD ./Drivers/STM32F1xx_HAL_Driver/stm32f1xx_hal_flash_ex.o
LOAD ./Drivers/STM32F1xx_HAL_Driver/stm32f1xx_hal_gpio.o
LOAD ./Drivers/STM32F1xx_HAL_Driver/stm32f1xx_hal_gpio_ex.o
LOAD ./Drivers/STM32F1xx_HAL_Driver/stm32f1xx_hal_pwr.o
LOAD ./Drivers/STM32F1xx_HAL_Driver/stm32f1xx_hal_rcc.o
LOAD ./Drivers/STM32F1xx_HAL_Driver/stm32f1xx_hal_rcc_ex.o
LOAD ./Drivers/STM32F1xx_HAL_Driver/stm32f1xx_hal_tim.o
LOAD ./Drivers/STM32F1xx_HAL_Driver/stm32f1xx_hal_tim_ex.o
LOAD ./Drivers/STM32F1xx_HAL_Driver/stm32f1xx_hal_uart.o
START GROUP
LOAD c:/program files (x86)/gnu arm embedded toolchain/10 2021.10/bin/../lib/gcc/arm-none-eabi/10.3.1/../../../../arm-none-eabi/lib/thumb/v7-m/nofp\libc_nano.a
LOAD c:/program files (x86)/gnu arm embedded toolchain/10 2021.10/bin/../lib/gcc/arm-none-eabi/10.3.1/../../../../arm-none-eabi/lib/thumb/v7-m/nofp\libm.a
END GROUP
START GROUP
LOAD c:/program files (x86)/gnu arm embedded toolchain/10 2021.10/bin/../lib/gcc/arm-none-eabi/10.3.1/thumb/v7-m/nofp\libgcc.a
LOAD c:/program files (x86)/gnu arm embedded toolchain/10 2021.10/bin/../lib/gcc/arm-none-eabi/10.3.1/../../../../arm-none-eabi/lib/thumb/v7-m/nofp\libc_nano.a
END GROUP
START GROUP
LOAD c:/program files (x86)/gnu arm embedded toolchain/10 2021.10/bin/../lib/gcc/arm-none-eabi/10.3.1/thumb/v7-m/nofp\libgcc.a
LOAD c:/program files (x86)/gnu arm embedded toolchain/10 2021.10/bin/../lib/gcc/arm-none-eabi/10.3.1/../../../../arm-none-eabi/lib/thumb/v7-m/nofp\libc_nano.a
LOAD c:/program files (x86)/gnu arm embedded toolchain/10 2021.10/bin/../lib/gcc/arm-none-eabi/10.3.1/../../../../arm-none-eabi/lib/thumb/v7-m/nofp\libnosys.a
END GROUP
START GROUP
LOAD c:/program files (x86)/gnu arm embedded toolchain/10 2021.10/bin/../lib/gcc/arm-none-eabi/10.3.1/thumb/v7-m/nofp\libgcc.a
LOAD c:/program files (x86)/gnu arm embedded toolchain/10 2021.10/bin/../lib/gcc/arm-none-eabi/10.3.1/../../../../arm-none-eabi/lib/thumb/v7-m/nofp\libc_nano.a
LOAD c:/program files (x86)/gnu arm embedded toolchain/10 2021.10/bin/../lib/gcc/arm-none-eabi/10.3.1/../../../../arm-none-eabi/lib/thumb/v7-m/nofp\libnosys.a
END GROUP
LOAD c:/program files (x86)/gnu arm embedded toolchain/10 2021.10/bin/../lib/gcc/arm-none-eabi/10.3.1/thumb/v7-m/nofp/crtend.o
LOAD c:/program files (x86)/gnu arm embedded toolchain/10 2021.10/bin/../lib/gcc/arm-none-eabi/10.3.1/thumb/v7-m/nofp/crtn.o
                0x00000200                _Min_Heap_Size = 0x200
                0x00000400                _Min_Stack_Size = 0x400

.isr_vector     0x08000000      0x10c
                0x08000000                . = ALIGN (0x4)
 *(.isr_vector)
 .isr_vector    0x08000000      0x10c ./Core/Startup/startup_stm32f103c8tx.o
                0x08000000                g_pfnVectors
                0x0800010c                . = ALIGN (0x4)

.text           0x08000110     0x7e2c
                0x08000110                . = ALIGN (0x4)
 *(.text*)
 .text.MX_ADC1_Init
                0x08000110       0xd4 ./Core/Src/adc.o
                0x08000110                MX_ADC1_Init
 .text.HAL_ADC_MspInit
                0x080001e4       0xe0 ./Core/Src/adc.o
                0x080001e4                HAL_ADC_MspInit
 .text.MX_DMA_Init
                0x080002c4       0x3c ./Core/Src/dma.o
                0x080002c4                MX_DMA_Init
 .text.MX_GPIO_Init
                0x08000300      0x13c ./Core/Src/gpio.o
                0x08000300                MX_GPIO_Init
 .text.LCD_Enable
                0x0800043c       0x2c ./Core/Src/lcd.o
                0x0800043c                LCD_Enable
 .text.LCD_Send_4Bits
                0x08000468       0x70 ./Core/Src/lcd.o
                0x08000468                LCD_Send_4Bits
 .text.LCD_Send_Command
                0x080004d8       0x40 ./Core/Src/lcd.o
                0x080004d8                LCD_Send_Command
 .text.LCD_Send_Data
                0x08000518       0x40 ./Core/Src/lcd.o
                0x08000518                LCD_Send_Data
 .text.LCD_Send_String
                0x08000558       0x2c ./Core/Src/lcd.o
                0x08000558                LCD_Send_String
 .text.LCD_Set_Cursor
                0x08000584       0x40 ./Core/Src/lcd.o
                0x08000584                LCD_Set_Cursor
 .text.LCD_Init
                0x080005c4       0x56 ./Core/Src/lcd.o
                0x080005c4                LCD_Init
 *fill*         0x0800061a        0x2 
 .text.main     0x0800061c      0x2c8 ./Core/Src/main.o
                0x0800061c                main
 .text.SystemClock_Config
                0x080008e4       0xb8 ./Core/Src/main.o
                0x080008e4                SystemClock_Config
 .text.HAL_TIM_PeriodElapsedCallback
                0x0800099c       0xd8 ./Core/Src/main.o
                0x0800099c                HAL_TIM_PeriodElapsedCallback
 .text.Error_Handler
                0x08000a74        0xa ./Core/Src/main.o
                0x08000a74                Error_Handler
 *fill*         0x08000a7e        0x2 
 .text.MotorControl_UpdateSpeed
                0x08000a80      0x288 ./Core/Src/motor_control.o
                0x08000a80                MotorControl_UpdateSpeed
 .text.MotorControl_TIMCallback
                0x08000d08       0x58 ./Core/Src/motor_control.o
                0x08000d08                MotorControl_TIMCallback
 .text.MotorControl_TIMCallback_2
                0x08000d60       0x58 ./Core/Src/motor_control.o
                0x08000d60                MotorControl_TIMCallback_2
 .text.MotorControl_LCDUpdate
                0x08000db8       0x3c ./Core/Src/motor_control.o
                0x08000db8                MotorControl_LCDUpdate
 .text.MotorControl_StepMotor_homing
                0x08000df4       0xac ./Core/Src/motor_control.o
                0x08000df4                MotorControl_StepMotor_homing
 .text.HAL_MspInit
                0x08000ea0       0x64 ./Core/Src/stm32f1xx_hal_msp.o
                0x08000ea0                HAL_MspInit
 .text.NMI_Handler
                0x08000f04        0x6 ./Core/Src/stm32f1xx_it.o
                0x08000f04                NMI_Handler
 .text.HardFault_Handler
                0x08000f0a        0x6 ./Core/Src/stm32f1xx_it.o
                0x08000f0a                HardFault_Handler
 .text.MemManage_Handler
                0x08000f10        0x6 ./Core/Src/stm32f1xx_it.o
                0x08000f10                MemManage_Handler
 .text.BusFault_Handler
                0x08000f16        0x6 ./Core/Src/stm32f1xx_it.o
                0x08000f16                BusFault_Handler
 .text.UsageFault_Handler
                0x08000f1c        0x6 ./Core/Src/stm32f1xx_it.o
                0x08000f1c                UsageFault_Handler
 .text.SVC_Handler
                0x08000f22        0xc ./Core/Src/stm32f1xx_it.o
                0x08000f22                SVC_Handler
 .text.DebugMon_Handler
                0x08000f2e        0xc ./Core/Src/stm32f1xx_it.o
                0x08000f2e                DebugMon_Handler
 .text.PendSV_Handler
                0x08000f3a        0xc ./Core/Src/stm32f1xx_it.o
                0x08000f3a                PendSV_Handler
 .text.SysTick_Handler
                0x08000f46        0xc ./Core/Src/stm32f1xx_it.o
                0x08000f46                SysTick_Handler
 *fill*         0x08000f52        0x2 
 .text.DMA1_Channel1_IRQHandler
                0x08000f54       0x14 ./Core/Src/stm32f1xx_it.o
                0x08000f54                DMA1_Channel1_IRQHandler
 .text.ADC1_2_IRQHandler
                0x08000f68       0x14 ./Core/Src/stm32f1xx_it.o
                0x08000f68                ADC1_2_IRQHandler
 .text.TIM1_UP_IRQHandler
                0x08000f7c       0x14 ./Core/Src/stm32f1xx_it.o
                0x08000f7c                TIM1_UP_IRQHandler
 .text.TIM2_IRQHandler
                0x08000f90       0x14 ./Core/Src/stm32f1xx_it.o
                0x08000f90                TIM2_IRQHandler
 .text._getpid  0x08000fa4        0xe ./Core/Src/syscalls.o
                0x08000fa4                _getpid
 .text._kill    0x08000fb2       0x20 ./Core/Src/syscalls.o
                0x08000fb2                _kill
 .text._exit    0x08000fd2       0x14 ./Core/Src/syscalls.o
                0x08000fd2                _exit
 .text._read    0x08000fe6       0x3a ./Core/Src/syscalls.o
                0x08000fe6                _read
 .text._write   0x08001020       0x38 ./Core/Src/syscalls.o
                0x08001020                _write
 .text._close   0x08001058       0x16 ./Core/Src/syscalls.o
                0x08001058                _close
 .text._fstat   0x0800106e       0x1e ./Core/Src/syscalls.o
                0x0800106e                _fstat
 .text._isatty  0x0800108c       0x14 ./Core/Src/syscalls.o
                0x0800108c                _isatty
 .text._lseek   0x080010a0       0x18 ./Core/Src/syscalls.o
                0x080010a0                _lseek
 .text._sbrk    0x080010b8       0x6c ./Core/Src/sysmem.o
                0x080010b8                _sbrk
 .text.SystemInit
                0x08001124        0xc ./Core/Src/system_stm32f1xx.o
                0x08001124                SystemInit
 .text.MX_TIM1_Init
                0x08001130       0xa0 ./Core/Src/tim.o
                0x08001130                MX_TIM1_Init
 .text.MX_TIM2_Init
                0x080011d0       0x98 ./Core/Src/tim.o
                0x080011d0                MX_TIM2_Init
 .text.HAL_TIM_Base_MspInit
                0x08001268       0x80 ./Core/Src/tim.o
                0x08001268                HAL_TIM_Base_MspInit
 .text.MX_USART1_UART_Init
                0x080012e8       0x54 ./Core/Src/usart.o
                0x080012e8                MX_USART1_UART_Init
 .text.HAL_UART_MspInit
                0x0800133c       0x98 ./Core/Src/usart.o
                0x0800133c                HAL_UART_MspInit
 .text.Reset_Handler
                0x080013d4       0x48 ./Core/Startup/startup_stm32f103c8tx.o
                0x080013d4                Reset_Handler
 .text.Default_Handler
                0x0800141c        0x2 ./Core/Startup/startup_stm32f103c8tx.o
                0x0800141c                RTC_Alarm_IRQHandler
                0x0800141c                EXTI2_IRQHandler
                0x0800141c                TIM1_CC_IRQHandler
                0x0800141c                PVD_IRQHandler
                0x0800141c                EXTI3_IRQHandler
                0x0800141c                EXTI0_IRQHandler
                0x0800141c                I2C2_EV_IRQHandler
                0x0800141c                SPI1_IRQHandler
                0x0800141c                TAMPER_IRQHandler
                0x0800141c                DMA1_Channel4_IRQHandler
                0x0800141c                USART3_IRQHandler
                0x0800141c                RTC_IRQHandler
                0x0800141c                DMA1_Channel7_IRQHandler
                0x0800141c                CAN1_RX1_IRQHandler
                0x0800141c                TIM4_IRQHandler
                0x0800141c                I2C1_EV_IRQHandler
                0x0800141c                DMA1_Channel6_IRQHandler
                0x0800141c                TIM3_IRQHandler
                0x0800141c                RCC_IRQHandler
                0x0800141c                TIM1_TRG_COM_IRQHandler
                0x0800141c                Default_Handler
                0x0800141c                EXTI15_10_IRQHandler
                0x0800141c                EXTI9_5_IRQHandler
                0x0800141c                SPI2_IRQHandler
                0x0800141c                DMA1_Channel5_IRQHandler
                0x0800141c                EXTI4_IRQHandler
                0x0800141c                USB_LP_CAN1_RX0_IRQHandler
                0x0800141c                USB_HP_CAN1_TX_IRQHandler
                0x0800141c                DMA1_Channel3_IRQHandler
                0x0800141c                WWDG_IRQHandler
                0x0800141c                TIM1_BRK_IRQHandler
                0x0800141c                EXTI1_IRQHandler
                0x0800141c                USART2_IRQHandler
                0x0800141c                I2C2_ER_IRQHandler
                0x0800141c                DMA1_Channel2_IRQHandler
                0x0800141c                CAN1_SCE_IRQHandler
                0x0800141c                FLASH_IRQHandler
                0x0800141c                USART1_IRQHandler
                0x0800141c                I2C1_ER_IRQHandler
                0x0800141c                USBWakeUp_IRQHandler
 *fill*         0x0800141e        0x2 
 .text.HAL_Init
                0x08001420       0x2c ./Drivers/STM32F1xx_HAL_Driver/stm32f1xx_hal.o
                0x08001420                HAL_Init
 .text.HAL_InitTick
                0x0800144c       0x60 ./Drivers/STM32F1xx_HAL_Driver/stm32f1xx_hal.o
                0x0800144c                HAL_InitTick
 .text.HAL_IncTick
                0x080014ac       0x24 ./Drivers/STM32F1xx_HAL_Driver/stm32f1xx_hal.o
                0x080014ac                HAL_IncTick
 .text.HAL_GetTick
                0x080014d0       0x14 ./Drivers/STM32F1xx_HAL_Driver/stm32f1xx_hal.o
                0x080014d0                HAL_GetTick
 .text.HAL_Delay
                0x080014e4       0x48 ./Drivers/STM32F1xx_HAL_Driver/stm32f1xx_hal.o
                0x080014e4                HAL_Delay
 .text.HAL_ADC_Init
                0x0800152c      0x1b0 ./Drivers/STM32F1xx_HAL_Driver/stm32f1xx_hal_adc.o
                0x0800152c                HAL_ADC_Init
 .text.HAL_ADC_Start_DMA
                0x080016dc      0x1bc ./Drivers/STM32F1xx_HAL_Driver/stm32f1xx_hal_adc.o
                0x080016dc                HAL_ADC_Start_DMA
 .text.HAL_ADC_IRQHandler
                0x08001898      0x17e ./Drivers/STM32F1xx_HAL_Driver/stm32f1xx_hal_adc.o
                0x08001898                HAL_ADC_IRQHandler
 .text.HAL_ADC_ConvCpltCallback
                0x08001a16       0x12 ./Drivers/STM32F1xx_HAL_Driver/stm32f1xx_hal_adc.o
                0x08001a16                HAL_ADC_ConvCpltCallback
 .text.HAL_ADC_ConvHalfCpltCallback
                0x08001a28       0x12 ./Drivers/STM32F1xx_HAL_Driver/stm32f1xx_hal_adc.o
                0x08001a28                HAL_ADC_ConvHalfCpltCallback
 .text.HAL_ADC_LevelOutOfWindowCallback
                0x08001a3a       0x12 ./Drivers/STM32F1xx_HAL_Driver/stm32f1xx_hal_adc.o
                0x08001a3a                HAL_ADC_LevelOutOfWindowCallback
 .text.HAL_ADC_ErrorCallback
                0x08001a4c       0x12 ./Drivers/STM32F1xx_HAL_Driver/stm32f1xx_hal_adc.o
                0x08001a4c                HAL_ADC_ErrorCallback
 *fill*         0x08001a5e        0x2 
 .text.HAL_ADC_ConfigChannel
                0x08001a60      0x1f0 ./Drivers/STM32F1xx_HAL_Driver/stm32f1xx_hal_adc.o
                0x08001a60                HAL_ADC_ConfigChannel
 .text.ADC_Enable
                0x08001c50       0xb4 ./Drivers/STM32F1xx_HAL_Driver/stm32f1xx_hal_adc.o
                0x08001c50                ADC_Enable
 .text.ADC_ConversionStop_Disable
                0x08001d04       0x82 ./Drivers/STM32F1xx_HAL_Driver/stm32f1xx_hal_adc.o
                0x08001d04                ADC_ConversionStop_Disable
 .text.ADC_DMAConvCplt
                0x08001d86       0x7c ./Drivers/STM32F1xx_HAL_Driver/stm32f1xx_hal_adc.o
                0x08001d86                ADC_DMAConvCplt
 .text.ADC_DMAHalfConvCplt
                0x08001e02       0x1c ./Drivers/STM32F1xx_HAL_Driver/stm32f1xx_hal_adc.o
                0x08001e02                ADC_DMAHalfConvCplt
 .text.ADC_DMAError
                0x08001e1e       0x34 ./Drivers/STM32F1xx_HAL_Driver/stm32f1xx_hal_adc.o
                0x08001e1e                ADC_DMAError
 *fill*         0x08001e52        0x2 
 .text.HAL_ADCEx_Calibration_Start
                0x08001e54      0x15c ./Drivers/STM32F1xx_HAL_Driver/stm32f1xx_hal_adc_ex.o
                0x08001e54                HAL_ADCEx_Calibration_Start
 .text.HAL_ADCEx_InjectedConvCpltCallback
                0x08001fb0       0x12 ./Drivers/STM32F1xx_HAL_Driver/stm32f1xx_hal_adc_ex.o
                0x08001fb0                HAL_ADCEx_InjectedConvCpltCallback
 *fill*         0x08001fc2        0x2 
 .text.__NVIC_SetPriorityGrouping
                0x08001fc4       0x48 ./Drivers/STM32F1xx_HAL_Driver/stm32f1xx_hal_cortex.o
 .text.__NVIC_GetPriorityGrouping
                0x0800200c       0x1c ./Drivers/STM32F1xx_HAL_Driver/stm32f1xx_hal_cortex.o
 .text.__NVIC_EnableIRQ
                0x08002028       0x38 ./Drivers/STM32F1xx_HAL_Driver/stm32f1xx_hal_cortex.o
 .text.__NVIC_SetPriority
                0x08002060       0x54 ./Drivers/STM32F1xx_HAL_Driver/stm32f1xx_hal_cortex.o
 .text.NVIC_EncodePriority
                0x080020b4       0x64 ./Drivers/STM32F1xx_HAL_Driver/stm32f1xx_hal_cortex.o
 .text.SysTick_Config
                0x08002118       0x44 ./Drivers/STM32F1xx_HAL_Driver/stm32f1xx_hal_cortex.o
 .text.HAL_NVIC_SetPriorityGrouping
                0x0800215c       0x16 ./Drivers/STM32F1xx_HAL_Driver/stm32f1xx_hal_cortex.o
                0x0800215c                HAL_NVIC_SetPriorityGrouping
 .text.HAL_NVIC_SetPriority
                0x08002172       0x38 ./Drivers/STM32F1xx_HAL_Driver/stm32f1xx_hal_cortex.o
                0x08002172                HAL_NVIC_SetPriority
 .text.HAL_NVIC_EnableIRQ
                0x080021aa       0x1c ./Drivers/STM32F1xx_HAL_Driver/stm32f1xx_hal_cortex.o
                0x080021aa                HAL_NVIC_EnableIRQ
 .text.HAL_SYSTICK_Config
                0x080021c6       0x18 ./Drivers/STM32F1xx_HAL_Driver/stm32f1xx_hal_cortex.o
                0x080021c6                HAL_SYSTICK_Config
 *fill*         0x080021de        0x2 
 .text.HAL_DMA_Init
                0x080021e0       0xb4 ./Drivers/STM32F1xx_HAL_Driver/stm32f1xx_hal_dma.o
                0x080021e0                HAL_DMA_Init
 .text.HAL_DMA_Start_IT
                0x08002294       0xc0 ./Drivers/STM32F1xx_HAL_Driver/stm32f1xx_hal_dma.o
                0x08002294                HAL_DMA_Start_IT
 .text.HAL_DMA_IRQHandler
                0x08002354      0x20c ./Drivers/STM32F1xx_HAL_Driver/stm32f1xx_hal_dma.o
                0x08002354                HAL_DMA_IRQHandler
 .text.DMA_SetConfig
                0x08002560       0x5a ./Drivers/STM32F1xx_HAL_Driver/stm32f1xx_hal_dma.o
 *fill*         0x080025ba        0x2 
 .text.HAL_GPIO_Init
                0x080025bc      0x308 ./Drivers/STM32F1xx_HAL_Driver/stm32f1xx_hal_gpio.o
                0x080025bc                HAL_GPIO_Init
 .text.HAL_GPIO_ReadPin
                0x080028c4       0x2e ./Drivers/STM32F1xx_HAL_Driver/stm32f1xx_hal_gpio.o
                0x080028c4                HAL_GPIO_ReadPin
 .text.HAL_GPIO_WritePin
                0x080028f2       0x30 ./Drivers/STM32F1xx_HAL_Driver/stm32f1xx_hal_gpio.o
                0x080028f2                HAL_GPIO_WritePin
 .text.HAL_GPIO_TogglePin
                0x08002922       0x32 ./Drivers/STM32F1xx_HAL_Driver/stm32f1xx_hal_gpio.o
                0x08002922                HAL_GPIO_TogglePin
 .text.HAL_RCC_OscConfig
                0x08002954      0x504 ./Drivers/STM32F1xx_HAL_Driver/stm32f1xx_hal_rcc.o
                0x08002954                HAL_RCC_OscConfig
 .text.HAL_RCC_ClockConfig
                0x08002e58      0x1d4 ./Drivers/STM32F1xx_HAL_Driver/stm32f1xx_hal_rcc.o
                0x08002e58                HAL_RCC_ClockConfig
 .text.HAL_RCC_GetSysClockFreq
                0x0800302c       0xa8 ./Drivers/STM32F1xx_HAL_Driver/stm32f1xx_hal_rcc.o
                0x0800302c                HAL_RCC_GetSysClockFreq
 .text.HAL_RCC_GetHCLKFreq
                0x080030d4       0x14 ./Drivers/STM32F1xx_HAL_Driver/stm32f1xx_hal_rcc.o
                0x080030d4                HAL_RCC_GetHCLKFreq
 .text.HAL_RCC_GetPCLK1Freq
                0x080030e8       0x28 ./Drivers/STM32F1xx_HAL_Driver/stm32f1xx_hal_rcc.o
                0x080030e8                HAL_RCC_GetPCLK1Freq
 .text.HAL_RCC_GetPCLK2Freq
                0x08003110       0x28 ./Drivers/STM32F1xx_HAL_Driver/stm32f1xx_hal_rcc.o
                0x08003110                HAL_RCC_GetPCLK2Freq
 .text.RCC_Delay
                0x08003138       0x3c ./Drivers/STM32F1xx_HAL_Driver/stm32f1xx_hal_rcc.o
 .text.HAL_RCCEx_PeriphCLKConfig
                0x08003174      0x16c ./Drivers/STM32F1xx_HAL_Driver/stm32f1xx_hal_rcc_ex.o
                0x08003174                HAL_RCCEx_PeriphCLKConfig
 .text.HAL_RCCEx_GetPeriphCLKFreq
                0x080032e0      0x16c ./Drivers/STM32F1xx_HAL_Driver/stm32f1xx_hal_rcc_ex.o
                0x080032e0                HAL_RCCEx_GetPeriphCLKFreq
 .text.HAL_TIM_Base_Init
                0x0800344c       0x9e ./Drivers/STM32F1xx_HAL_Driver/stm32f1xx_hal_tim.o
                0x0800344c                HAL_TIM_Base_Init
 *fill*         0x080034ea        0x2 
 .text.HAL_TIM_Base_Start_IT
                0x080034ec       0xa4 ./Drivers/STM32F1xx_HAL_Driver/stm32f1xx_hal_tim.o
                0x080034ec                HAL_TIM_Base_Start_IT
 .text.HAL_TIM_Base_Stop_IT
                0x08003590       0x5c ./Drivers/STM32F1xx_HAL_Driver/stm32f1xx_hal_tim.o
                0x08003590                HAL_TIM_Base_Stop_IT
 .text.HAL_TIM_IRQHandler
                0x080035ec      0x1e0 ./Drivers/STM32F1xx_HAL_Driver/stm32f1xx_hal_tim.o
                0x080035ec                HAL_TIM_IRQHandler
 .text.HAL_TIM_ConfigClockSource
                0x080037cc      0x18e ./Drivers/STM32F1xx_HAL_Driver/stm32f1xx_hal_tim.o
                0x080037cc                HAL_TIM_ConfigClockSource
 .text.HAL_TIM_OC_DelayElapsedCallback
                0x0800395a       0x12 ./Drivers/STM32F1xx_HAL_Driver/stm32f1xx_hal_tim.o
                0x0800395a                HAL_TIM_OC_DelayElapsedCallback
 .text.HAL_TIM_IC_CaptureCallback
                0x0800396c       0x12 ./Drivers/STM32F1xx_HAL_Driver/stm32f1xx_hal_tim.o
                0x0800396c                HAL_TIM_IC_CaptureCallback
 .text.HAL_TIM_PWM_PulseFinishedCallback
                0x0800397e       0x12 ./Drivers/STM32F1xx_HAL_Driver/stm32f1xx_hal_tim.o
                0x0800397e                HAL_TIM_PWM_PulseFinishedCallback
 .text.HAL_TIM_TriggerCallback
                0x08003990       0x12 ./Drivers/STM32F1xx_HAL_Driver/stm32f1xx_hal_tim.o
                0x08003990                HAL_TIM_TriggerCallback
 *fill*         0x080039a2        0x2 
 .text.TIM_Base_SetConfig
                0x080039a4       0xdc ./Drivers/STM32F1xx_HAL_Driver/stm32f1xx_hal_tim.o
                0x080039a4                TIM_Base_SetConfig
 .text.TIM_TI1_ConfigInputStage
                0x08003a80       0x5c ./Drivers/STM32F1xx_HAL_Driver/stm32f1xx_hal_tim.o
 .text.TIM_TI2_ConfigInputStage
                0x08003adc       0x5e ./Drivers/STM32F1xx_HAL_Driver/stm32f1xx_hal_tim.o
 .text.TIM_ITRx_SetConfig
                0x08003b3a       0x34 ./Drivers/STM32F1xx_HAL_Driver/stm32f1xx_hal_tim.o
 .text.TIM_ETR_SetConfig
                0x08003b6e       0x3e ./Drivers/STM32F1xx_HAL_Driver/stm32f1xx_hal_tim.o
                0x08003b6e                TIM_ETR_SetConfig
 .text.HAL_TIMEx_MasterConfigSynchronization
                0x08003bac       0xbc ./Drivers/STM32F1xx_HAL_Driver/stm32f1xx_hal_tim_ex.o
                0x08003bac                HAL_TIMEx_MasterConfigSynchronization
 .text.HAL_TIMEx_CommutCallback
                0x08003c68       0x12 ./Drivers/STM32F1xx_HAL_Driver/stm32f1xx_hal_tim_ex.o
                0x08003c68                HAL_TIMEx_CommutCallback
 .text.HAL_TIMEx_BreakCallback
                0x08003c7a       0x12 ./Drivers/STM32F1xx_HAL_Driver/stm32f1xx_hal_tim_ex.o
                0x08003c7a                HAL_TIMEx_BreakCallback
 .text.HAL_UART_Init
                0x08003c8c       0xa0 ./Drivers/STM32F1xx_HAL_Driver/stm32f1xx_hal_uart.o
                0x08003c8c                HAL_UART_Init
 .text.HAL_UART_Transmit
                0x08003d2c      0x116 ./Drivers/STM32F1xx_HAL_Driver/stm32f1xx_hal_uart.o
                0x08003d2c                HAL_UART_Transmit
 .text.UART_WaitOnFlagUntilTimeout
                0x08003e42       0xb2 ./Drivers/STM32F1xx_HAL_Driver/stm32f1xx_hal_uart.o
 .text.UART_EndRxTransfer
                0x08003ef4       0xc4 ./Drivers/STM32F1xx_HAL_Driver/stm32f1xx_hal_uart.o
 .text.UART_SetConfig
                0x08003fb8      0x11c ./Drivers/STM32F1xx_HAL_Driver/stm32f1xx_hal_uart.o
 .text.__errno  0x080040d4        0xc c:/program files (x86)/gnu arm embedded toolchain/10 2021.10/bin/../lib/gcc/arm-none-eabi/10.3.1/../../../../arm-none-eabi/lib/thumb/v7-m/nofp\libc_nano.a(lib_a-errno.o)
                0x080040d4                __errno
 .text.__libc_init_array
                0x080040e0       0x48 c:/program files (x86)/gnu arm embedded toolchain/10 2021.10/bin/../lib/gcc/arm-none-eabi/10.3.1/../../../../arm-none-eabi/lib/thumb/v7-m/nofp\libc_nano.a(lib_a-init.o)
                0x080040e0                __libc_init_array
 .text.memset   0x08004128       0x10 c:/program files (x86)/gnu arm embedded toolchain/10 2021.10/bin/../lib/gcc/arm-none-eabi/10.3.1/../../../../arm-none-eabi/lib/thumb/v7-m/nofp\libc_nano.a(lib_a-memset.o)
                0x08004128                memset
 .text.__cvt    0x08004138       0xbe c:/program files (x86)/gnu arm embedded toolchain/10 2021.10/bin/../lib/gcc/arm-none-eabi/10.3.1/../../../../arm-none-eabi/lib/thumb/v7-m/nofp\libc_nano.a(lib_a-nano-vfprintf_float.o)
                0x08004138                __cvt
 .text.__exponent
                0x080041f6       0x7c c:/program files (x86)/gnu arm embedded toolchain/10 2021.10/bin/../lib/gcc/arm-none-eabi/10.3.1/../../../../arm-none-eabi/lib/thumb/v7-m/nofp\libc_nano.a(lib_a-nano-vfprintf_float.o)
                0x080041f6                __exponent
 *fill*         0x08004272        0x2 
 .text._printf_float
                0x08004274      0x458 c:/program files (x86)/gnu arm embedded toolchain/10 2021.10/bin/../lib/gcc/arm-none-eabi/10.3.1/../../../../arm-none-eabi/lib/thumb/v7-m/nofp\libc_nano.a(lib_a-nano-vfprintf_float.o)
                0x08004274                _printf_float
 .text._printf_common
                0x080046cc       0xde c:/program files (x86)/gnu arm embedded toolchain/10 2021.10/bin/../lib/gcc/arm-none-eabi/10.3.1/../../../../arm-none-eabi/lib/thumb/v7-m/nofp\libc_nano.a(lib_a-nano-vfprintf_i.o)
                0x080046cc                _printf_common
 *fill*         0x080047aa        0x2 
 .text._printf_i
                0x080047ac      0x24c c:/program files (x86)/gnu arm embedded toolchain/10 2021.10/bin/../lib/gcc/arm-none-eabi/10.3.1/../../../../arm-none-eabi/lib/thumb/v7-m/nofp\libc_nano.a(lib_a-nano-vfprintf_i.o)
                0x080047ac                _printf_i
 .text.sprintf  0x080049f8       0x40 c:/program files (x86)/gnu arm embedded toolchain/10 2021.10/bin/../lib/gcc/arm-none-eabi/10.3.1/../../../../arm-none-eabi/lib/thumb/v7-m/nofp\libc_nano.a(lib_a-sprintf.o)
                0x080049f8                siprintf
                0x080049f8                sprintf
 .text          0x08004a38       0x10 c:/program files (x86)/gnu arm embedded toolchain/10 2021.10/bin/../lib/gcc/arm-none-eabi/10.3.1/../../../../arm-none-eabi/lib/thumb/v7-m/nofp\libc_nano.a(lib_a-strlen.o)
                0x08004a38                strlen
 .text.quorem   0x08004a48      0x118 c:/program files (x86)/gnu arm embedded toolchain/10 2021.10/bin/../lib/gcc/arm-none-eabi/10.3.1/../../../../arm-none-eabi/lib/thumb/v7-m/nofp\libc_nano.a(lib_a-dtoa.o)
 .text._dtoa_r  0x08004b60      0xbdc c:/program files (x86)/gnu arm embedded toolchain/10 2021.10/bin/../lib/gcc/arm-none-eabi/10.3.1/../../../../arm-none-eabi/lib/thumb/v7-m/nofp\libc_nano.a(lib_a-dtoa.o)
                0x08004b60                _dtoa_r
 .text._localeconv_r
                0x0800573c        0x8 c:/program files (x86)/gnu arm embedded toolchain/10 2021.10/bin/../lib/gcc/arm-none-eabi/10.3.1/../../../../arm-none-eabi/lib/thumb/v7-m/nofp\libc_nano.a(lib_a-localeconv.o)
                0x0800573c                _localeconv_r
 .text.malloc   0x08005744       0x10 c:/program files (x86)/gnu arm embedded toolchain/10 2021.10/bin/../lib/gcc/arm-none-eabi/10.3.1/../../../../arm-none-eabi/lib/thumb/v7-m/nofp\libc_nano.a(lib_a-malloc.o)
                0x08005744                malloc
 .text.memchr   0x08005754       0x1c c:/program files (x86)/gnu arm embedded toolchain/10 2021.10/bin/../lib/gcc/arm-none-eabi/10.3.1/../../../../arm-none-eabi/lib/thumb/v7-m/nofp\libc_nano.a(lib_a-memchr-stub.o)
                0x08005754                memchr
 .text.memcpy   0x08005770       0x1c c:/program files (x86)/gnu arm embedded toolchain/10 2021.10/bin/../lib/gcc/arm-none-eabi/10.3.1/../../../../arm-none-eabi/lib/thumb/v7-m/nofp\libc_nano.a(lib_a-memcpy-stub.o)
                0x08005770                memcpy
 .text._Balloc  0x0800578c       0x80 c:/program files (x86)/gnu arm embedded toolchain/10 2021.10/bin/../lib/gcc/arm-none-eabi/10.3.1/../../../../arm-none-eabi/lib/thumb/v7-m/nofp\libc_nano.a(lib_a-mprec.o)
                0x0800578c                _Balloc
 .text._Bfree   0x0800580c       0x44 c:/program files (x86)/gnu arm embedded toolchain/10 2021.10/bin/../lib/gcc/arm-none-eabi/10.3.1/../../../../arm-none-eabi/lib/thumb/v7-m/nofp\libc_nano.a(lib_a-mprec.o)
                0x0800580c                _Bfree
 .text.__multadd
                0x08005850       0x8c c:/program files (x86)/gnu arm embedded toolchain/10 2021.10/bin/../lib/gcc/arm-none-eabi/10.3.1/../../../../arm-none-eabi/lib/thumb/v7-m/nofp\libc_nano.a(lib_a-mprec.o)
                0x08005850                __multadd
 .text.__hi0bits
                0x080058dc       0x40 c:/program files (x86)/gnu arm embedded toolchain/10 2021.10/bin/../lib/gcc/arm-none-eabi/10.3.1/../../../../arm-none-eabi/lib/thumb/v7-m/nofp\libc_nano.a(lib_a-mprec.o)
                0x080058dc                __hi0bits
 .text.__lo0bits
                0x0800591c       0x5a c:/program files (x86)/gnu arm embedded toolchain/10 2021.10/bin/../lib/gcc/arm-none-eabi/10.3.1/../../../../arm-none-eabi/lib/thumb/v7-m/nofp\libc_nano.a(lib_a-mprec.o)
                0x0800591c                __lo0bits
 *fill*         0x08005976        0x2 
 .text.__i2b    0x08005978       0x2c c:/program files (x86)/gnu arm embedded toolchain/10 2021.10/bin/../lib/gcc/arm-none-eabi/10.3.1/../../../../arm-none-eabi/lib/thumb/v7-m/nofp\libc_nano.a(lib_a-mprec.o)
                0x08005978                __i2b
 .text.__multiply
                0x080059a4      0x150 c:/program files (x86)/gnu arm embedded toolchain/10 2021.10/bin/../lib/gcc/arm-none-eabi/10.3.1/../../../../arm-none-eabi/lib/thumb/v7-m/nofp\libc_nano.a(lib_a-mprec.o)
                0x080059a4                __multiply
 .text.__pow5mult
                0x08005af4       0xb4 c:/program files (x86)/gnu arm embedded toolchain/10 2021.10/bin/../lib/gcc/arm-none-eabi/10.3.1/../../../../arm-none-eabi/lib/thumb/v7-m/nofp\libc_nano.a(lib_a-mprec.o)
                0x08005af4                __pow5mult
 .text.__lshift
                0x08005ba8       0xe0 c:/program files (x86)/gnu arm embedded toolchain/10 2021.10/bin/../lib/gcc/arm-none-eabi/10.3.1/../../../../arm-none-eabi/lib/thumb/v7-m/nofp\libc_nano.a(lib_a-mprec.o)
                0x08005ba8                __lshift
 .text.__mcmp   0x08005c88       0x36 c:/program files (x86)/gnu arm embedded toolchain/10 2021.10/bin/../lib/gcc/arm-none-eabi/10.3.1/../../../../arm-none-eabi/lib/thumb/v7-m/nofp\libc_nano.a(lib_a-mprec.o)
                0x08005c88                __mcmp
 *fill*         0x08005cbe        0x2 
 .text.__mdiff  0x08005cc0      0x118 c:/program files (x86)/gnu arm embedded toolchain/10 2021.10/bin/../lib/gcc/arm-none-eabi/10.3.1/../../../../arm-none-eabi/lib/thumb/v7-m/nofp\libc_nano.a(lib_a-mprec.o)
                0x08005cc0                __mdiff
 .text.__d2b    0x08005dd8       0xb8 c:/program files (x86)/gnu arm embedded toolchain/10 2021.10/bin/../lib/gcc/arm-none-eabi/10.3.1/../../../../arm-none-eabi/lib/thumb/v7-m/nofp\libc_nano.a(lib_a-mprec.o)
                0x08005dd8                __d2b
 .text._calloc_r
                0x08005e90       0x28 c:/program files (x86)/gnu arm embedded toolchain/10 2021.10/bin/../lib/gcc/arm-none-eabi/10.3.1/../../../../arm-none-eabi/lib/thumb/v7-m/nofp\libc_nano.a(lib_a-nano-callocr.o)
                0x08005e90                _calloc_r
 .text._free_r  0x08005eb8       0x90 c:/program files (x86)/gnu arm embedded toolchain/10 2021.10/bin/../lib/gcc/arm-none-eabi/10.3.1/../../../../arm-none-eabi/lib/thumb/v7-m/nofp\libc_nano.a(lib_a-nano-freer.o)
                0x08005eb8                _free_r
 .text.sbrk_aligned
                0x08005f48       0x40 c:/program files (x86)/gnu arm embedded toolchain/10 2021.10/bin/../lib/gcc/arm-none-eabi/10.3.1/../../../../arm-none-eabi/lib/thumb/v7-m/nofp\libc_nano.a(lib_a-nano-mallocr.o)
 .text._malloc_r
                0x08005f88       0xe8 c:/program files (x86)/gnu arm embedded toolchain/10 2021.10/bin/../lib/gcc/arm-none-eabi/10.3.1/../../../../arm-none-eabi/lib/thumb/v7-m/nofp\libc_nano.a(lib_a-nano-mallocr.o)
                0x08005f88                _malloc_r
 .text.__ssputs_r
                0x08006070       0xb6 c:/program files (x86)/gnu arm embedded toolchain/10 2021.10/bin/../lib/gcc/arm-none-eabi/10.3.1/../../../../arm-none-eabi/lib/thumb/v7-m/nofp\libc_nano.a(lib_a-nano-svfprintf.o)
                0x08006070                __ssputs_r
 *fill*         0x08006126        0x2 
 .text._svfprintf_r
                0x08006128      0x200 c:/program files (x86)/gnu arm embedded toolchain/10 2021.10/bin/../lib/gcc/arm-none-eabi/10.3.1/../../../../arm-none-eabi/lib/thumb/v7-m/nofp\libc_nano.a(lib_a-nano-svfprintf.o)
                0x08006128                _svfiprintf_r
                0x08006128                _svfprintf_r
 .text._sbrk_r  0x08006328       0x20 c:/program files (x86)/gnu arm embedded toolchain/10 2021.10/bin/../lib/gcc/arm-none-eabi/10.3.1/../../../../arm-none-eabi/lib/thumb/v7-m/nofp\libc_nano.a(lib_a-sbrkr.o)
                0x08006328                _sbrk_r
 .text.__assert_func
                0x08006348       0x3c c:/program files (x86)/gnu arm embedded toolchain/10 2021.10/bin/../lib/gcc/arm-none-eabi/10.3.1/../../../../arm-none-eabi/lib/thumb/v7-m/nofp\libc_nano.a(lib_a-assert.o)
                0x08006348                __assert_func
 .text.fprintf  0x08006384       0x24 c:/program files (x86)/gnu arm embedded toolchain/10 2021.10/bin/../lib/gcc/arm-none-eabi/10.3.1/../../../../arm-none-eabi/lib/thumb/v7-m/nofp\libc_nano.a(lib_a-fprintf.o)
                0x08006384                fiprintf
                0x08006384                fprintf
 .text.__ascii_mbtowc
                0x080063a8       0x24 c:/program files (x86)/gnu arm embedded toolchain/10 2021.10/bin/../lib/gcc/arm-none-eabi/10.3.1/../../../../arm-none-eabi/lib/thumb/v7-m/nofp\libc_nano.a(lib_a-mbtowc_r.o)
                0x080063a8                __ascii_mbtowc
 .text.memmove  0x080063cc       0x34 c:/program files (x86)/gnu arm embedded toolchain/10 2021.10/bin/../lib/gcc/arm-none-eabi/10.3.1/../../../../arm-none-eabi/lib/thumb/v7-m/nofp\libc_nano.a(lib_a-memmove.o)
                0x080063cc                memmove
 .text.__malloc_lock
                0x08006400        0xc c:/program files (x86)/gnu arm embedded toolchain/10 2021.10/bin/../lib/gcc/arm-none-eabi/10.3.1/../../../../arm-none-eabi/lib/thumb/v7-m/nofp\libc_nano.a(lib_a-mlock.o)
                0x08006400                __malloc_lock
 .text.__malloc_unlock
                0x0800640c        0xc c:/program files (x86)/gnu arm embedded toolchain/10 2021.10/bin/../lib/gcc/arm-none-eabi/10.3.1/../../../../arm-none-eabi/lib/thumb/v7-m/nofp\libc_nano.a(lib_a-mlock.o)
                0x0800640c                __malloc_unlock
 .text._realloc_r
                0x08006418       0x5e c:/program files (x86)/gnu arm embedded toolchain/10 2021.10/bin/../lib/gcc/arm-none-eabi/10.3.1/../../../../arm-none-eabi/lib/thumb/v7-m/nofp\libc_nano.a(lib_a-nano-reallocr.o)
                0x08006418                _realloc_r
 .text.__sfputc_r
                0x08006476       0x2a c:/program files (x86)/gnu arm embedded toolchain/10 2021.10/bin/../lib/gcc/arm-none-eabi/10.3.1/../../../../arm-none-eabi/lib/thumb/v7-m/nofp\libc_nano.a(lib_a-nano-vfprintf.o)
 .text.__sfputs_r
                0x080064a0       0x24 c:/program files (x86)/gnu arm embedded toolchain/10 2021.10/bin/../lib/gcc/arm-none-eabi/10.3.1/../../../../arm-none-eabi/lib/thumb/v7-m/nofp\libc_nano.a(lib_a-nano-vfprintf.o)
                0x080064a0                __sfputs_r
 .text._vfprintf_r
                0x080064c4      0x260 c:/program files (x86)/gnu arm embedded toolchain/10 2021.10/bin/../lib/gcc/arm-none-eabi/10.3.1/../../../../arm-none-eabi/lib/thumb/v7-m/nofp\libc_nano.a(lib_a-nano-vfprintf.o)
                0x080064c4                _vfprintf_r
                0x080064c4                _vfiprintf_r
 .text.__swbuf_r
                0x08006724       0xa4 c:/program files (x86)/gnu arm embedded toolchain/10 2021.10/bin/../lib/gcc/arm-none-eabi/10.3.1/../../../../arm-none-eabi/lib/thumb/v7-m/nofp\libc_nano.a(lib_a-wbuf.o)
                0x08006724                __swbuf_r
 .text.__ascii_wctomb
                0x080067c8       0x1a c:/program files (x86)/gnu arm embedded toolchain/10 2021.10/bin/../lib/gcc/arm-none-eabi/10.3.1/../../../../arm-none-eabi/lib/thumb/v7-m/nofp\libc_nano.a(lib_a-wctomb_r.o)
                0x080067c8                __ascii_wctomb
 *fill*         0x080067e2        0x2 
 .text.__swsetup_r
                0x080067e4       0xdc c:/program files (x86)/gnu arm embedded toolchain/10 2021.10/bin/../lib/gcc/arm-none-eabi/10.3.1/../../../../arm-none-eabi/lib/thumb/v7-m/nofp\libc_nano.a(lib_a-wsetup.o)
                0x080067e4                __swsetup_r
 .text.abort    0x080068c0        0xe c:/program files (x86)/gnu arm embedded toolchain/10 2021.10/bin/../lib/gcc/arm-none-eabi/10.3.1/../../../../arm-none-eabi/lib/thumb/v7-m/nofp\libc_nano.a(lib_a-abort.o)
                0x080068c0                abort
 *fill*         0x080068ce        0x2 
 .text.__sflush_r
                0x080068d0      0x104 c:/program files (x86)/gnu arm embedded toolchain/10 2021.10/bin/../lib/gcc/arm-none-eabi/10.3.1/../../../../arm-none-eabi/lib/thumb/v7-m/nofp\libc_nano.a(lib_a-fflush.o)
                0x080068d0                __sflush_r
 .text._fflush_r
                0x080069d4       0x78 c:/program files (x86)/gnu arm embedded toolchain/10 2021.10/bin/../lib/gcc/arm-none-eabi/10.3.1/../../../../arm-none-eabi/lib/thumb/v7-m/nofp\libc_nano.a(lib_a-fflush.o)
                0x080069d4                _fflush_r
 .text.std      0x08006a4c       0x48 c:/program files (x86)/gnu arm embedded toolchain/10 2021.10/bin/../lib/gcc/arm-none-eabi/10.3.1/../../../../arm-none-eabi/lib/thumb/v7-m/nofp\libc_nano.a(lib_a-findfp.o)
 .text._cleanup_r
                0x08006a94        0xc c:/program files (x86)/gnu arm embedded toolchain/10 2021.10/bin/../lib/gcc/arm-none-eabi/10.3.1/../../../../arm-none-eabi/lib/thumb/v7-m/nofp\libc_nano.a(lib_a-findfp.o)
                0x08006a94                _cleanup_r
 .text.__sfmoreglue
                0x08006aa0       0x2c c:/program files (x86)/gnu arm embedded toolchain/10 2021.10/bin/../lib/gcc/arm-none-eabi/10.3.1/../../../../arm-none-eabi/lib/thumb/v7-m/nofp\libc_nano.a(lib_a-findfp.o)
                0x08006aa0                __sfmoreglue
 .text.__sfp_lock_acquire
                0x08006acc        0xc c:/program files (x86)/gnu arm embedded toolchain/10 2021.10/bin/../lib/gcc/arm-none-eabi/10.3.1/../../../../arm-none-eabi/lib/thumb/v7-m/nofp\libc_nano.a(lib_a-findfp.o)
                0x08006acc                __sfp_lock_acquire
 .text.__sfp_lock_release
                0x08006ad8        0xc c:/program files (x86)/gnu arm embedded toolchain/10 2021.10/bin/../lib/gcc/arm-none-eabi/10.3.1/../../../../arm-none-eabi/lib/thumb/v7-m/nofp\libc_nano.a(lib_a-findfp.o)
                0x08006ad8                __sfp_lock_release
 .text.__sinit_lock_acquire
                0x08006ae4        0xc c:/program files (x86)/gnu arm embedded toolchain/10 2021.10/bin/../lib/gcc/arm-none-eabi/10.3.1/../../../../arm-none-eabi/lib/thumb/v7-m/nofp\libc_nano.a(lib_a-findfp.o)
                0x08006ae4                __sinit_lock_acquire
 .text.__sinit_lock_release
                0x08006af0        0xc c:/program files (x86)/gnu arm embedded toolchain/10 2021.10/bin/../lib/gcc/arm-none-eabi/10.3.1/../../../../arm-none-eabi/lib/thumb/v7-m/nofp\libc_nano.a(lib_a-findfp.o)
                0x08006af0                __sinit_lock_release
 .text.__sinit  0x08006afc       0x70 c:/program files (x86)/gnu arm embedded toolchain/10 2021.10/bin/../lib/gcc/arm-none-eabi/10.3.1/../../../../arm-none-eabi/lib/thumb/v7-m/nofp\libc_nano.a(lib_a-findfp.o)
                0x08006afc                __sinit
 .text.__sfp    0x08006b6c       0x8c c:/program files (x86)/gnu arm embedded toolchain/10 2021.10/bin/../lib/gcc/arm-none-eabi/10.3.1/../../../../arm-none-eabi/lib/thumb/v7-m/nofp\libc_nano.a(lib_a-findfp.o)
                0x08006b6c                __sfp
 .text._fwalk_reent
                0x08006bf8       0x3e c:/program files (x86)/gnu arm embedded toolchain/10 2021.10/bin/../lib/gcc/arm-none-eabi/10.3.1/../../../../arm-none-eabi/lib/thumb/v7-m/nofp\libc_nano.a(lib_a-fwalk.o)
                0x08006bf8                _fwalk_reent
 .text.__retarget_lock_init_recursive
                0x08006c36        0x2 c:/program files (x86)/gnu arm embedded toolchain/10 2021.10/bin/../lib/gcc/arm-none-eabi/10.3.1/../../../../arm-none-eabi/lib/thumb/v7-m/nofp\libc_nano.a(lib_a-lock.o)
                0x08006c36                __retarget_lock_init_recursive
 .text.__retarget_lock_acquire_recursive
                0x08006c38        0x2 c:/program files (x86)/gnu arm embedded toolchain/10 2021.10/bin/../lib/gcc/arm-none-eabi/10.3.1/../../../../arm-none-eabi/lib/thumb/v7-m/nofp\libc_nano.a(lib_a-lock.o)
                0x08006c38                __retarget_lock_acquire_recursive
 .text.__retarget_lock_release_recursive
                0x08006c3a        0x2 c:/program files (x86)/gnu arm embedded toolchain/10 2021.10/bin/../lib/gcc/arm-none-eabi/10.3.1/../../../../arm-none-eabi/lib/thumb/v7-m/nofp\libc_nano.a(lib_a-lock.o)
                0x08006c3a                __retarget_lock_release_recursive
 .text.__swhatbuf_r
                0x08006c3c       0x4a c:/program files (x86)/gnu arm embedded toolchain/10 2021.10/bin/../lib/gcc/arm-none-eabi/10.3.1/../../../../arm-none-eabi/lib/thumb/v7-m/nofp\libc_nano.a(lib_a-makebuf.o)
                0x08006c3c                __swhatbuf_r
 *fill*         0x08006c86        0x2 
 .text.__smakebuf_r
                0x08006c88       0x80 c:/program files (x86)/gnu arm embedded toolchain/10 2021.10/bin/../lib/gcc/arm-none-eabi/10.3.1/../../../../arm-none-eabi/lib/thumb/v7-m/nofp\libc_nano.a(lib_a-makebuf.o)
                0x08006c88                __smakebuf_r
 .text._malloc_usable_size_r
                0x08006d08       0x10 c:/program files (x86)/gnu arm embedded toolchain/10 2021.10/bin/../lib/gcc/arm-none-eabi/10.3.1/../../../../arm-none-eabi/lib/thumb/v7-m/nofp\libc_nano.a(lib_a-nano-msizer.o)
                0x08006d08                _malloc_usable_size_r
 .text._raise_r
                0x08006d18       0x50 c:/program files (x86)/gnu arm embedded toolchain/10 2021.10/bin/../lib/gcc/arm-none-eabi/10.3.1/../../../../arm-none-eabi/lib/thumb/v7-m/nofp\libc_nano.a(lib_a-signal.o)
                0x08006d18                _raise_r
 .text.raise    0x08006d68       0x10 c:/program files (x86)/gnu arm embedded toolchain/10 2021.10/bin/../lib/gcc/arm-none-eabi/10.3.1/../../../../arm-none-eabi/lib/thumb/v7-m/nofp\libc_nano.a(lib_a-signal.o)
                0x08006d68                raise
 .text._kill_r  0x08006d78       0x24 c:/program files (x86)/gnu arm embedded toolchain/10 2021.10/bin/../lib/gcc/arm-none-eabi/10.3.1/../../../../arm-none-eabi/lib/thumb/v7-m/nofp\libc_nano.a(lib_a-signalr.o)
                0x08006d78                _kill_r
 .text._getpid_r
                0x08006d9c        0x4 c:/program files (x86)/gnu arm embedded toolchain/10 2021.10/bin/../lib/gcc/arm-none-eabi/10.3.1/../../../../arm-none-eabi/lib/thumb/v7-m/nofp\libc_nano.a(lib_a-signalr.o)
                0x08006d9c                _getpid_r
 .text.__sread  0x08006da0       0x22 c:/program files (x86)/gnu arm embedded toolchain/10 2021.10/bin/../lib/gcc/arm-none-eabi/10.3.1/../../../../arm-none-eabi/lib/thumb/v7-m/nofp\libc_nano.a(lib_a-stdio.o)
                0x08006da0                __sread
 .text.__swrite
                0x08006dc2       0x38 c:/program files (x86)/gnu arm embedded toolchain/10 2021.10/bin/../lib/gcc/arm-none-eabi/10.3.1/../../../../arm-none-eabi/lib/thumb/v7-m/nofp\libc_nano.a(lib_a-stdio.o)
                0x08006dc2                __swrite
 .text.__sseek  0x08006dfa       0x24 c:/program files (x86)/gnu arm embedded toolchain/10 2021.10/bin/../lib/gcc/arm-none-eabi/10.3.1/../../../../arm-none-eabi/lib/thumb/v7-m/nofp\libc_nano.a(lib_a-stdio.o)
                0x08006dfa                __sseek
 .text.__sclose
                0x08006e1e        0x8 c:/program files (x86)/gnu arm embedded toolchain/10 2021.10/bin/../lib/gcc/arm-none-eabi/10.3.1/../../../../arm-none-eabi/lib/thumb/v7-m/nofp\libc_nano.a(lib_a-stdio.o)
                0x08006e1e                __sclose
 *fill*         0x08006e26        0x2 
 .text._write_r
                0x08006e28       0x24 c:/program files (x86)/gnu arm embedded toolchain/10 2021.10/bin/../lib/gcc/arm-none-eabi/10.3.1/../../../../arm-none-eabi/lib/thumb/v7-m/nofp\libc_nano.a(lib_a-writer.o)
                0x08006e28                _write_r
 .text._close_r
                0x08006e4c       0x20 c:/program files (x86)/gnu arm embedded toolchain/10 2021.10/bin/../lib/gcc/arm-none-eabi/10.3.1/../../../../arm-none-eabi/lib/thumb/v7-m/nofp\libc_nano.a(lib_a-closer.o)
                0x08006e4c                _close_r
 .text._fstat_r
                0x08006e6c       0x24 c:/program files (x86)/gnu arm embedded toolchain/10 2021.10/bin/../lib/gcc/arm-none-eabi/10.3.1/../../../../arm-none-eabi/lib/thumb/v7-m/nofp\libc_nano.a(lib_a-fstatr.o)
                0x08006e6c                _fstat_r
 .text._isatty_r
                0x08006e90       0x20 c:/program files (x86)/gnu arm embedded toolchain/10 2021.10/bin/../lib/gcc/arm-none-eabi/10.3.1/../../../../arm-none-eabi/lib/thumb/v7-m/nofp\libc_nano.a(lib_a-isattyr.o)
                0x08006e90                _isatty_r
 .text._lseek_r
                0x08006eb0       0x24 c:/program files (x86)/gnu arm embedded toolchain/10 2021.10/bin/../lib/gcc/arm-none-eabi/10.3.1/../../../../arm-none-eabi/lib/thumb/v7-m/nofp\libc_nano.a(lib_a-lseekr.o)
                0x08006eb0                _lseek_r
 .text._read_r  0x08006ed4       0x24 c:/program files (x86)/gnu arm embedded toolchain/10 2021.10/bin/../lib/gcc/arm-none-eabi/10.3.1/../../../../arm-none-eabi/lib/thumb/v7-m/nofp\libc_nano.a(lib_a-readr.o)
                0x08006ed4                _read_r
 .text          0x08006ef8      0x378 c:/program files (x86)/gnu arm embedded toolchain/10 2021.10/bin/../lib/gcc/arm-none-eabi/10.3.1/thumb/v7-m/nofp\libgcc.a(_arm_addsubdf3.o)
                0x08006ef8                __aeabi_drsub
                0x08006f00                __aeabi_dsub
                0x08006f00                __subdf3
                0x08006f04                __aeabi_dadd
                0x08006f04                __adddf3
                0x0800717c                __floatunsidf
                0x0800717c                __aeabi_ui2d
                0x0800719c                __floatsidf
                0x0800719c                __aeabi_i2d
                0x080071c0                __aeabi_f2d
                0x080071c0                __extendsfdf2
                0x08007204                __floatundidf
                0x08007204                __aeabi_ul2d
                0x08007214                __floatdidf
                0x08007214                __aeabi_l2d
 .text          0x08007270      0x424 c:/program files (x86)/gnu arm embedded toolchain/10 2021.10/bin/../lib/gcc/arm-none-eabi/10.3.1/thumb/v7-m/nofp\libgcc.a(_arm_muldivdf3.o)
                0x08007270                __aeabi_dmul
                0x08007270                __muldf3
                0x080074c4                __divdf3
                0x080074c4                __aeabi_ddiv
 .text          0x08007694      0x110 c:/program files (x86)/gnu arm embedded toolchain/10 2021.10/bin/../lib/gcc/arm-none-eabi/10.3.1/thumb/v7-m/nofp\libgcc.a(_arm_cmpdf2.o)
                0x08007694                __gtdf2
                0x08007694                __gedf2
                0x0800769c                __ltdf2
                0x0800769c                __ledf2
                0x080076a4                __nedf2
                0x080076a4                __eqdf2
                0x080076a4                __cmpdf2
                0x08007720                __aeabi_cdrcmple
                0x08007730                __aeabi_cdcmpeq
                0x08007730                __aeabi_cdcmple
                0x08007740                __aeabi_dcmpeq
                0x08007754                __aeabi_dcmplt
                0x08007768                __aeabi_dcmple
                0x0800777c                __aeabi_dcmpge
                0x08007790                __aeabi_dcmpgt
 .text          0x080077a4       0x2c c:/program files (x86)/gnu arm embedded toolchain/10 2021.10/bin/../lib/gcc/arm-none-eabi/10.3.1/thumb/v7-m/nofp\libgcc.a(_arm_unorddf2.o)
                0x080077a4                __unorddf2
                0x080077a4                __aeabi_dcmpun
 .text          0x080077d0       0x50 c:/program files (x86)/gnu arm embedded toolchain/10 2021.10/bin/../lib/gcc/arm-none-eabi/10.3.1/thumb/v7-m/nofp\libgcc.a(_arm_fixdfsi.o)
                0x080077d0                __aeabi_d2iz
                0x080077d0                __fixdfsi
 .text          0x08007820      0x21c c:/program files (x86)/gnu arm embedded toolchain/10 2021.10/bin/../lib/gcc/arm-none-eabi/10.3.1/thumb/v7-m/nofp\libgcc.a(_arm_addsubsf3.o)
                0x08007820                __aeabi_frsub
                0x08007828                __subsf3
                0x08007828                __aeabi_fsub
                0x0800782c                __aeabi_fadd
                0x0800782c                __addsf3
                0x0800798c                __aeabi_ui2f
                0x0800798c                __floatunsisf
                0x08007994                __aeabi_i2f
                0x08007994                __floatsisf
                0x080079b0                __aeabi_ul2f
                0x080079b0                __floatundisf
                0x080079c0                __aeabi_l2f
                0x080079c0                __floatdisf
 .text          0x08007a3c       0x40 c:/program files (x86)/gnu arm embedded toolchain/10 2021.10/bin/../lib/gcc/arm-none-eabi/10.3.1/thumb/v7-m/nofp\libgcc.a(_arm_fixunssfsi.o)
                0x08007a3c                __fixunssfsi
                0x08007a3c                __aeabi_f2uiz
 *(.rodata*)
 .rodata        0x08007a7c       0x3d ./Core/Src/main.o
 *fill*         0x08007ab9        0x3 
 .rodata        0x08007abc        0x5 ./Core/Src/motor_control.o
 *fill*         0x08007ac1        0x3 
 .rodata.AHBPrescTable
                0x08007ac4       0x10 ./Core/Src/system_stm32f1xx.o
                0x08007ac4                AHBPrescTable
 .rodata.APBPrescTable
                0x08007ad4        0x8 ./Core/Src/system_stm32f1xx.o
                0x08007ad4                APBPrescTable
 .rodata.aPLLMULFactorTable.1
                0x08007adc       0x10 ./Drivers/STM32F1xx_HAL_Driver/stm32f1xx_hal_rcc.o
 .rodata.aPredivFactorTable.0
                0x08007aec        0x2 ./Drivers/STM32F1xx_HAL_Driver/stm32f1xx_hal_rcc.o
 *fill*         0x08007aee        0x2 
 .rodata.aPLLMULFactorTable.1
                0x08007af0       0x10 ./Drivers/STM32F1xx_HAL_Driver/stm32f1xx_hal_rcc_ex.o
 .rodata.aPredivFactorTable.0
                0x08007b00        0x2 ./Drivers/STM32F1xx_HAL_Driver/stm32f1xx_hal_rcc_ex.o
 *fill*         0x08007b02        0x2 
 .rodata._global_impure_ptr
                0x08007b04        0x4 c:/program files (x86)/gnu arm embedded toolchain/10 2021.10/bin/../lib/gcc/arm-none-eabi/10.3.1/../../../../arm-none-eabi/lib/thumb/v7-m/nofp\libc_nano.a(lib_a-impure.o)
                0x08007b04                _global_impure_ptr
 .rodata._printf_float.str1.1
                0x08007b08       0x12 c:/program files (x86)/gnu arm embedded toolchain/10 2021.10/bin/../lib/gcc/arm-none-eabi/10.3.1/../../../../arm-none-eabi/lib/thumb/v7-m/nofp\libc_nano.a(lib_a-nano-vfprintf_float.o)
 .rodata._printf_i.str1.1
                0x08007b1a       0x22 c:/program files (x86)/gnu arm embedded toolchain/10 2021.10/bin/../lib/gcc/arm-none-eabi/10.3.1/../../../../arm-none-eabi/lib/thumb/v7-m/nofp\libc_nano.a(lib_a-nano-vfprintf_i.o)
 .rodata._dtoa_r.str1.1
                0x08007b3c       0xb3 c:/program files (x86)/gnu arm embedded toolchain/10 2021.10/bin/../lib/gcc/arm-none-eabi/10.3.1/../../../../arm-none-eabi/lib/thumb/v7-m/nofp\libc_nano.a(lib_a-dtoa.o)
                                 0xb5 (size before relaxing)
 .rodata._Balloc.str1.1
                0x08007bef       0x7f c:/program files (x86)/gnu arm embedded toolchain/10 2021.10/bin/../lib/gcc/arm-none-eabi/10.3.1/../../../../arm-none-eabi/lib/thumb/v7-m/nofp\libc_nano.a(lib_a-mprec.o)
                                 0x96 (size before relaxing)
 .rodata.__multadd.str1.1
                0x08007c6e       0x11 c:/program files (x86)/gnu arm embedded toolchain/10 2021.10/bin/../lib/gcc/arm-none-eabi/10.3.1/../../../../arm-none-eabi/lib/thumb/v7-m/nofp\libc_nano.a(lib_a-mprec.o)
 *fill*         0x08007c6e        0x2 
 .rodata.__mprec_bigtens
                0x08007c70       0x28 c:/program files (x86)/gnu arm embedded toolchain/10 2021.10/bin/../lib/gcc/arm-none-eabi/10.3.1/../../../../arm-none-eabi/lib/thumb/v7-m/nofp\libc_nano.a(lib_a-mprec.o)
                0x08007c70                __mprec_bigtens
 .rodata.__mprec_tens
                0x08007c98       0xc8 c:/program files (x86)/gnu arm embedded toolchain/10 2021.10/bin/../lib/gcc/arm-none-eabi/10.3.1/../../../../arm-none-eabi/lib/thumb/v7-m/nofp\libc_nano.a(lib_a-mprec.o)
                0x08007c98                __mprec_tens
 .rodata.p05.0  0x08007d60        0xc c:/program files (x86)/gnu arm embedded toolchain/10 2021.10/bin/../lib/gcc/arm-none-eabi/10.3.1/../../../../arm-none-eabi/lib/thumb/v7-m/nofp\libc_nano.a(lib_a-mprec.o)
 .rodata._svfprintf_r.str1.1
                0x08007d6c       0x11 c:/program files (x86)/gnu arm embedded toolchain/10 2021.10/bin/../lib/gcc/arm-none-eabi/10.3.1/../../../../arm-none-eabi/lib/thumb/v7-m/nofp\libc_nano.a(lib_a-nano-svfprintf.o)
 .rodata.__assert_func.str1.1
                0x08007d7d       0x3c c:/program files (x86)/gnu arm embedded toolchain/10 2021.10/bin/../lib/gcc/arm-none-eabi/10.3.1/../../../../arm-none-eabi/lib/thumb/v7-m/nofp\libc_nano.a(lib_a-assert.o)
                                 0x3d (size before relaxing)
 .rodata._setlocale_r.str1.1
                0x08007db9        0x8 c:/program files (x86)/gnu arm embedded toolchain/10 2021.10/bin/../lib/gcc/arm-none-eabi/10.3.1/../../../../arm-none-eabi/lib/thumb/v7-m/nofp\libc_nano.a(lib_a-locale.o)
                                  0x9 (size before relaxing)
 .rodata.str1.1
                0x08007dc1        0x2 c:/program files (x86)/gnu arm embedded toolchain/10 2021.10/bin/../lib/gcc/arm-none-eabi/10.3.1/../../../../arm-none-eabi/lib/thumb/v7-m/nofp\libc_nano.a(lib_a-locale.o)
 .rodata._vfprintf_r.str1.1
                0x08007dc3       0x11 c:/program files (x86)/gnu arm embedded toolchain/10 2021.10/bin/../lib/gcc/arm-none-eabi/10.3.1/../../../../arm-none-eabi/lib/thumb/v7-m/nofp\libc_nano.a(lib_a-nano-vfprintf.o)
 .rodata._ctype_
                0x08007dc3      0x101 c:/program files (x86)/gnu arm embedded toolchain/10 2021.10/bin/../lib/gcc/arm-none-eabi/10.3.1/../../../../arm-none-eabi/lib/thumb/v7-m/nofp\libc_nano.a(lib_a-ctype_.o)
                0x08007dc3                _ctype_
 .rodata.__sf_fake_stderr
                0x08007ec4       0x20 c:/program files (x86)/gnu arm embedded toolchain/10 2021.10/bin/../lib/gcc/arm-none-eabi/10.3.1/../../../../arm-none-eabi/lib/thumb/v7-m/nofp\libc_nano.a(lib_a-findfp.o)
                0x08007ec4                __sf_fake_stderr
 .rodata.__sf_fake_stdin
                0x08007ee4       0x20 c:/program files (x86)/gnu arm embedded toolchain/10 2021.10/bin/../lib/gcc/arm-none-eabi/10.3.1/../../../../arm-none-eabi/lib/thumb/v7-m/nofp\libc_nano.a(lib_a-findfp.o)
                0x08007ee4                __sf_fake_stdin
 .rodata.__sf_fake_stdout
                0x08007f04       0x20 c:/program files (x86)/gnu arm embedded toolchain/10 2021.10/bin/../lib/gcc/arm-none-eabi/10.3.1/../../../../arm-none-eabi/lib/thumb/v7-m/nofp\libc_nano.a(lib_a-findfp.o)
                0x08007f04                __sf_fake_stdout
 *(.glue_7)
 .glue_7        0x08007f24        0x0 linker stubs
 *(.glue_7t)
 .glue_7t       0x08007f24        0x0 linker stubs
 *(.init)
 .init          0x08007f24        0x4 c:/program files (x86)/gnu arm embedded toolchain/10 2021.10/bin/../lib/gcc/arm-none-eabi/10.3.1/thumb/v7-m/nofp/crti.o
                0x08007f24                _init
 .init          0x08007f28        0x8 c:/program files (x86)/gnu arm embedded toolchain/10 2021.10/bin/../lib/gcc/arm-none-eabi/10.3.1/thumb/v7-m/nofp/crtn.o
 *(.fini)
 .fini          0x08007f30        0x4 c:/program files (x86)/gnu arm embedded toolchain/10 2021.10/bin/../lib/gcc/arm-none-eabi/10.3.1/thumb/v7-m/nofp/crti.o
                0x08007f30                _fini
 .fini          0x08007f34        0x8 c:/program files (x86)/gnu arm embedded toolchain/10 2021.10/bin/../lib/gcc/arm-none-eabi/10.3.1/thumb/v7-m/nofp/crtn.o
                0x08007f3c                . = ALIGN (0x4)
                0x08007f3c                _etext = .

.vfp11_veneer   0x08007f3c        0x0
 .vfp11_veneer  0x08007f3c        0x0 linker stubs

.v4_bx          0x08007f3c        0x0
 .v4_bx         0x08007f3c        0x0 linker stubs

.iplt           0x08007f3c        0x0
 .iplt          0x08007f3c        0x0 ./Core/Src/adc.o

.rel.dyn        0x08007f3c        0x0
 .rel.iplt      0x08007f3c        0x0 ./Core/Src/adc.o

.ARM.extab
 *(.ARM.extab*)

.ARM.exidx
 *(.ARM.exidx*)

.data           0x20000000      0x1dc load address 0x08007f3c
                0x20000000                . = ALIGN (0x4)
                0x20000000                _sdata = .
 *(.data*)
 .data.SystemCoreClock
                0x20000000        0x4 ./Core/Src/system_stm32f1xx.o
                0x20000000                SystemCoreClock
 .data.uwTickPrio
                0x20000004        0x4 ./Drivers/STM32F1xx_HAL_Driver/stm32f1xx_hal.o
                0x20000004                uwTickPrio
 .data.uwTickFreq
                0x20000008        0x1 ./Drivers/STM32F1xx_HAL_Driver/stm32f1xx_hal.o
                0x20000008                uwTickFreq
 *fill*         0x20000009        0x3 
 .data._impure_ptr
                0x2000000c        0x4 c:/program files (x86)/gnu arm embedded toolchain/10 2021.10/bin/../lib/gcc/arm-none-eabi/10.3.1/../../../../arm-none-eabi/lib/thumb/v7-m/nofp\libc_nano.a(lib_a-impure.o)
                0x2000000c                _impure_ptr
 .data.impure_data
                0x20000010       0x60 c:/program files (x86)/gnu arm embedded toolchain/10 2021.10/bin/../lib/gcc/arm-none-eabi/10.3.1/../../../../arm-none-eabi/lib/thumb/v7-m/nofp\libc_nano.a(lib_a-impure.o)
 .data.__global_locale
                0x20000070      0x16c c:/program files (x86)/gnu arm embedded toolchain/10 2021.10/bin/../lib/gcc/arm-none-eabi/10.3.1/../../../../arm-none-eabi/lib/thumb/v7-m/nofp\libc_nano.a(lib_a-locale.o)
                0x20000070                __global_locale
                0x200001dc                . = ALIGN (0x4)
                0x200001dc                _edata = .
                0x08007f3c                _sidata = LOADADDR (.data)

.igot.plt       0x200001dc        0x0 load address 0x08008118
 .igot.plt      0x200001dc        0x0 ./Core/Src/adc.o

.bss            0x200001dc      0x198 load address 0x08008118
                0x200001dc                . = ALIGN (0x4)
                0x200001dc                _sbss = .
 *(.bss*)
 .bss.hadc1     0x200001dc       0x30 ./Core/Src/adc.o
                0x200001dc                hadc1
 .bss.hdma_adc1
                0x2000020c       0x44 ./Core/Src/adc.o
                0x2000020c                hdma_adc1
 .bss.adcValues
                0x20000250       0x10 ./Core/Src/main.o
                0x20000250                adcValues
 .bss.stepCount
                0x20000260        0x4 ./Core/Src/motor_control.o
                0x20000260                stepCount
 .bss.stepCount_2
                0x20000264        0x4 ./Core/Src/motor_control.o
                0x20000264                stepCount_2
 .bss.motorEnable
                0x20000268        0x1 ./Core/Src/motor_control.o
                0x20000268                motorEnable
 .bss.motorEnable_2
                0x20000269        0x1 ./Core/Src/motor_control.o
                0x20000269                motorEnable_2
 *fill*         0x2000026a        0x2 
 .bss.adcValue  0x2000026c        0x4 ./Core/Src/motor_control.o
                0x2000026c                adcValue
 .bss.lcd0      0x20000270       0x14 ./Core/Src/motor_control.o
                0x20000270                lcd0
 .bss.__sbrk_heap_end
                0x20000284        0x4 ./Core/Src/sysmem.o
 .bss.htim1     0x20000288       0x48 ./Core/Src/tim.o
                0x20000288                htim1
 .bss.htim2     0x200002d0       0x48 ./Core/Src/tim.o
                0x200002d0                htim2
 .bss.huart1    0x20000318       0x48 ./Core/Src/usart.o
                0x20000318                huart1
 .bss.uwTick    0x20000360        0x4 ./Drivers/STM32F1xx_HAL_Driver/stm32f1xx_hal.o
                0x20000360                uwTick
 .bss.__malloc_free_list
                0x20000364        0x4 c:/program files (x86)/gnu arm embedded toolchain/10 2021.10/bin/../lib/gcc/arm-none-eabi/10.3.1/../../../../arm-none-eabi/lib/thumb/v7-m/nofp\libc_nano.a(lib_a-nano-mallocr.o)
                0x20000364                __malloc_free_list
 .bss.__malloc_sbrk_start
                0x20000368        0x4 c:/program files (x86)/gnu arm embedded toolchain/10 2021.10/bin/../lib/gcc/arm-none-eabi/10.3.1/../../../../arm-none-eabi/lib/thumb/v7-m/nofp\libc_nano.a(lib_a-nano-mallocr.o)
                0x20000368                __malloc_sbrk_start
 .bss.errno     0x2000036c        0x4 c:/program files (x86)/gnu arm embedded toolchain/10 2021.10/bin/../lib/gcc/arm-none-eabi/10.3.1/../../../../arm-none-eabi/lib/thumb/v7-m/nofp\libc_nano.a(lib_a-reent.o)
                0x2000036c                errno
 .bss.__lock___malloc_recursive_mutex
                0x20000370        0x1 c:/program files (x86)/gnu arm embedded toolchain/10 2021.10/bin/../lib/gcc/arm-none-eabi/10.3.1/../../../../arm-none-eabi/lib/thumb/v7-m/nofp\libc_nano.a(lib_a-lock.o)
                0x20000370                __lock___malloc_recursive_mutex
 .bss.__lock___sfp_recursive_mutex
                0x20000371        0x1 c:/program files (x86)/gnu arm embedded toolchain/10 2021.10/bin/../lib/gcc/arm-none-eabi/10.3.1/../../../../arm-none-eabi/lib/thumb/v7-m/nofp\libc_nano.a(lib_a-lock.o)
                0x20000371                __lock___sfp_recursive_mutex
 .bss.__lock___sinit_recursive_mutex
                0x20000372        0x1 c:/program files (x86)/gnu arm embedded toolchain/10 2021.10/bin/../lib/gcc/arm-none-eabi/10.3.1/../../../../arm-none-eabi/lib/thumb/v7-m/nofp\libc_nano.a(lib_a-lock.o)
                0x20000372                __lock___sinit_recursive_mutex
 *(COMMON)
                0x20000374                . = ALIGN (0x4)
 *fill*         0x20000373        0x1 
                0x20000374                _ebss = .
                0x20005000                _estack = (ORIGIN (RAM) + LENGTH (RAM))

._user_heap_stack
                0x20000374      0x600 load address 0x08008118
                0x20000374                . = ALIGN (0x4)
                [!provide]                PROVIDE (end = .)
                0x20000374                PROVIDE (_end = .)
                0x20000574                . = (. + _Min_Heap_Size)
 *fill*         0x20000374      0x200 
                0x20000974                . = (. + _Min_Stack_Size)
 *fill*         0x20000574      0x400 
                0x20000974                . = ALIGN (0x4)
OUTPUT(3axis1.elf elf32-littlearm)
LOAD linker stubs

.ARM.attributes
                0x00000000       0x29
 .ARM.attributes
                0x00000000       0x1d c:/program files (x86)/gnu arm embedded toolchain/10 2021.10/bin/../lib/gcc/arm-none-eabi/10.3.1/thumb/v7-m/nofp/crti.o
 .ARM.attributes
                0x0000001d       0x2d ./Core/Src/adc.o
 .ARM.attributes
                0x0000004a       0x2d ./Core/Src/dma.o
 .ARM.attributes
                0x00000077       0x2d ./Core/Src/gpio.o
 .ARM.attributes
                0x000000a4       0x2d ./Core/Src/lcd.o
 .ARM.attributes
                0x000000d1       0x2d ./Core/Src/main.o
 .ARM.attributes
                0x000000fe       0x2d ./Core/Src/motor_control.o
 .ARM.attributes
                0x0000012b       0x2d ./Core/Src/stm32f1xx_hal_msp.o
 .ARM.attributes
                0x00000158       0x2d ./Core/Src/stm32f1xx_it.o
 .ARM.attributes
                0x00000185       0x2d ./Core/Src/syscalls.o
 .ARM.attributes
                0x000001b2       0x2d ./Core/Src/sysmem.o
 .ARM.attributes
                0x000001df       0x2d ./Core/Src/system_stm32f1xx.o
 .ARM.attributes
                0x0000020c       0x2d ./Core/Src/tim.o
 .ARM.attributes
                0x00000239       0x2d ./Core/Src/usart.o
 .ARM.attributes
                0x00000266       0x21 ./Core/Startup/startup_stm32f103c8tx.o
 .ARM.attributes
                0x00000287       0x2d ./Drivers/STM32F1xx_HAL_Driver/stm32f1xx_hal.o
 .ARM.attributes
                0x000002b4       0x2d ./Drivers/STM32F1xx_HAL_Driver/stm32f1xx_hal_adc.o
 .ARM.attributes
                0x000002e1       0x2d ./Drivers/STM32F1xx_HAL_Driver/stm32f1xx_hal_adc_ex.o
 .ARM.attributes
                0x0000030e       0x2d ./Drivers/STM32F1xx_HAL_Driver/stm32f1xx_hal_cortex.o
 .ARM.attributes
                0x0000033b       0x2d ./Drivers/STM32F1xx_HAL_Driver/stm32f1xx_hal_dma.o
 .ARM.attributes
                0x00000368       0x2d ./Drivers/STM32F1xx_HAL_Driver/stm32f1xx_hal_gpio.o
 .ARM.attributes
                0x00000395       0x2d ./Drivers/STM32F1xx_HAL_Driver/stm32f1xx_hal_rcc.o
 .ARM.attributes
                0x000003c2       0x2d ./Drivers/STM32F1xx_HAL_Driver/stm32f1xx_hal_rcc_ex.o
 .ARM.attributes
                0x000003ef       0x2d ./Drivers/STM32F1xx_HAL_Driver/stm32f1xx_hal_tim.o
 .ARM.attributes
                0x0000041c       0x2d ./Drivers/STM32F1xx_HAL_Driver/stm32f1xx_hal_tim_ex.o
 .ARM.attributes
                0x00000449       0x2d ./Drivers/STM32F1xx_HAL_Driver/stm32f1xx_hal_uart.o
 .ARM.attributes
                0x00000476       0x2d c:/program files (x86)/gnu arm embedded toolchain/10 2021.10/bin/../lib/gcc/arm-none-eabi/10.3.1/../../../../arm-none-eabi/lib/thumb/v7-m/nofp\libc_nano.a(lib_a-errno.o)
 .ARM.attributes
                0x000004a3       0x2d c:/program files (x86)/gnu arm embedded toolchain/10 2021.10/bin/../lib/gcc/arm-none-eabi/10.3.1/../../../../arm-none-eabi/lib/thumb/v7-m/nofp\libc_nano.a(lib_a-impure.o)
 .ARM.attributes
                0x000004d0       0x2d c:/program files (x86)/gnu arm embedded toolchain/10 2021.10/bin/../lib/gcc/arm-none-eabi/10.3.1/../../../../arm-none-eabi/lib/thumb/v7-m/nofp\libc_nano.a(lib_a-init.o)
 .ARM.attributes
                0x000004fd       0x2d c:/program files (x86)/gnu arm embedded toolchain/10 2021.10/bin/../lib/gcc/arm-none-eabi/10.3.1/../../../../arm-none-eabi/lib/thumb/v7-m/nofp\libc_nano.a(lib_a-memset.o)
 .ARM.attributes
                0x0000052a       0x2d c:/program files (x86)/gnu arm embedded toolchain/10 2021.10/bin/../lib/gcc/arm-none-eabi/10.3.1/../../../../arm-none-eabi/lib/thumb/v7-m/nofp\libc_nano.a(lib_a-nano-vfprintf_float.o)
 .ARM.attributes
                0x00000557       0x2d c:/program files (x86)/gnu arm embedded toolchain/10 2021.10/bin/../lib/gcc/arm-none-eabi/10.3.1/../../../../arm-none-eabi/lib/thumb/v7-m/nofp\libc_nano.a(lib_a-nano-vfprintf_i.o)
 .ARM.attributes
                0x00000584       0x2d c:/program files (x86)/gnu arm embedded toolchain/10 2021.10/bin/../lib/gcc/arm-none-eabi/10.3.1/../../../../arm-none-eabi/lib/thumb/v7-m/nofp\libc_nano.a(lib_a-sprintf.o)
 .ARM.attributes
                0x000005b1       0x17 c:/program files (x86)/gnu arm embedded toolchain/10 2021.10/bin/../lib/gcc/arm-none-eabi/10.3.1/../../../../arm-none-eabi/lib/thumb/v7-m/nofp\libc_nano.a(lib_a-strlen.o)
 .ARM.attributes
                0x000005c8       0x2d c:/program files (x86)/gnu arm embedded toolchain/10 2021.10/bin/../lib/gcc/arm-none-eabi/10.3.1/../../../../arm-none-eabi/lib/thumb/v7-m/nofp\libc_nano.a(lib_a-dtoa.o)
 .ARM.attributes
                0x000005f5       0x2d c:/program files (x86)/gnu arm embedded toolchain/10 2021.10/bin/../lib/gcc/arm-none-eabi/10.3.1/../../../../arm-none-eabi/lib/thumb/v7-m/nofp\libc_nano.a(lib_a-localeconv.o)
 .ARM.attributes
                0x00000622       0x2d c:/program files (x86)/gnu arm embedded toolchain/10 2021.10/bin/../lib/gcc/arm-none-eabi/10.3.1/../../../../arm-none-eabi/lib/thumb/v7-m/nofp\libc_nano.a(lib_a-malloc.o)
 .ARM.attributes
                0x0000064f       0x2d c:/program files (x86)/gnu arm embedded toolchain/10 2021.10/bin/../lib/gcc/arm-none-eabi/10.3.1/../../../../arm-none-eabi/lib/thumb/v7-m/nofp\libc_nano.a(lib_a-memchr-stub.o)
 .ARM.attributes
                0x0000067c       0x2d c:/program files (x86)/gnu arm embedded toolchain/10 2021.10/bin/../lib/gcc/arm-none-eabi/10.3.1/../../../../arm-none-eabi/lib/thumb/v7-m/nofp\libc_nano.a(lib_a-memcpy-stub.o)
 .ARM.attributes
                0x000006a9       0x2d c:/program files (x86)/gnu arm embedded toolchain/10 2021.10/bin/../lib/gcc/arm-none-eabi/10.3.1/../../../../arm-none-eabi/lib/thumb/v7-m/nofp\libc_nano.a(lib_a-mprec.o)
 .ARM.attributes
                0x000006d6       0x2d c:/program files (x86)/gnu arm embedded toolchain/10 2021.10/bin/../lib/gcc/arm-none-eabi/10.3.1/../../../../arm-none-eabi/lib/thumb/v7-m/nofp\libc_nano.a(lib_a-nano-callocr.o)
 .ARM.attributes
                0x00000703       0x2d c:/program files (x86)/gnu arm embedded toolchain/10 2021.10/bin/../lib/gcc/arm-none-eabi/10.3.1/../../../../arm-none-eabi/lib/thumb/v7-m/nofp\libc_nano.a(lib_a-nano-freer.o)
 .ARM.attributes
                0x00000730       0x2d c:/program files (x86)/gnu arm embedded toolchain/10 2021.10/bin/../lib/gcc/arm-none-eabi/10.3.1/../../../../arm-none-eabi/lib/thumb/v7-m/nofp\libc_nano.a(lib_a-nano-mallocr.o)
 .ARM.attributes
                0x0000075d       0x2d c:/program files (x86)/gnu arm embedded toolchain/10 2021.10/bin/../lib/gcc/arm-none-eabi/10.3.1/../../../../arm-none-eabi/lib/thumb/v7-m/nofp\libc_nano.a(lib_a-nano-svfprintf.o)
 .ARM.attributes
                0x0000078a       0x2d c:/program files (x86)/gnu arm embedded toolchain/10 2021.10/bin/../lib/gcc/arm-none-eabi/10.3.1/../../../../arm-none-eabi/lib/thumb/v7-m/nofp\libc_nano.a(lib_a-sbrkr.o)
 .ARM.attributes
                0x000007b7       0x2d c:/program files (x86)/gnu arm embedded toolchain/10 2021.10/bin/../lib/gcc/arm-none-eabi/10.3.1/../../../../arm-none-eabi/lib/thumb/v7-m/nofp\libc_nano.a(lib_a-assert.o)
 .ARM.attributes
                0x000007e4       0x2d c:/program files (x86)/gnu arm embedded toolchain/10 2021.10/bin/../lib/gcc/arm-none-eabi/10.3.1/../../../../arm-none-eabi/lib/thumb/v7-m/nofp\libc_nano.a(lib_a-fprintf.o)
 .ARM.attributes
                0x00000811       0x2d c:/program files (x86)/gnu arm embedded toolchain/10 2021.10/bin/../lib/gcc/arm-none-eabi/10.3.1/../../../../arm-none-eabi/lib/thumb/v7-m/nofp\libc_nano.a(lib_a-locale.o)
 .ARM.attributes
                0x0000083e       0x2d c:/program files (x86)/gnu arm embedded toolchain/10 2021.10/bin/../lib/gcc/arm-none-eabi/10.3.1/../../../../arm-none-eabi/lib/thumb/v7-m/nofp\libc_nano.a(lib_a-mbtowc_r.o)
 .ARM.attributes
                0x0000086b       0x2d c:/program files (x86)/gnu arm embedded toolchain/10 2021.10/bin/../lib/gcc/arm-none-eabi/10.3.1/../../../../arm-none-eabi/lib/thumb/v7-m/nofp\libc_nano.a(lib_a-memmove.o)
 .ARM.attributes
                0x00000898       0x2d c:/program files (x86)/gnu arm embedded toolchain/10 2021.10/bin/../lib/gcc/arm-none-eabi/10.3.1/../../../../arm-none-eabi/lib/thumb/v7-m/nofp\libc_nano.a(lib_a-mlock.o)
 .ARM.attributes
                0x000008c5       0x2d c:/program files (x86)/gnu arm embedded toolchain/10 2021.10/bin/../lib/gcc/arm-none-eabi/10.3.1/../../../../arm-none-eabi/lib/thumb/v7-m/nofp\libc_nano.a(lib_a-nano-reallocr.o)
 .ARM.attributes
                0x000008f2       0x2d c:/program files (x86)/gnu arm embedded toolchain/10 2021.10/bin/../lib/gcc/arm-none-eabi/10.3.1/../../../../arm-none-eabi/lib/thumb/v7-m/nofp\libc_nano.a(lib_a-nano-vfprintf.o)
 .ARM.attributes
                0x0000091f       0x2d c:/program files (x86)/gnu arm embedded toolchain/10 2021.10/bin/../lib/gcc/arm-none-eabi/10.3.1/../../../../arm-none-eabi/lib/thumb/v7-m/nofp\libc_nano.a(lib_a-reent.o)
 .ARM.attributes
                0x0000094c       0x2d c:/program files (x86)/gnu arm embedded toolchain/10 2021.10/bin/../lib/gcc/arm-none-eabi/10.3.1/../../../../arm-none-eabi/lib/thumb/v7-m/nofp\libc_nano.a(lib_a-wbuf.o)
 .ARM.attributes
                0x00000979       0x2d c:/program files (x86)/gnu arm embedded toolchain/10 2021.10/bin/../lib/gcc/arm-none-eabi/10.3.1/../../../../arm-none-eabi/lib/thumb/v7-m/nofp\libc_nano.a(lib_a-wctomb_r.o)
 .ARM.attributes
                0x000009a6       0x2d c:/program files (x86)/gnu arm embedded toolchain/10 2021.10/bin/../lib/gcc/arm-none-eabi/10.3.1/../../../../arm-none-eabi/lib/thumb/v7-m/nofp\libc_nano.a(lib_a-wsetup.o)
 .ARM.attributes
                0x000009d3       0x2d c:/program files (x86)/gnu arm embedded toolchain/10 2021.10/bin/../lib/gcc/arm-none-eabi/10.3.1/../../../../arm-none-eabi/lib/thumb/v7-m/nofp\libc_nano.a(lib_a-abort.o)
 .ARM.attributes
                0x00000a00       0x2d c:/program files (x86)/gnu arm embedded toolchain/10 2021.10/bin/../lib/gcc/arm-none-eabi/10.3.1/../../../../arm-none-eabi/lib/thumb/v7-m/nofp\libc_nano.a(lib_a-ctype_.o)
 .ARM.attributes
                0x00000a2d       0x2d c:/program files (x86)/gnu arm embedded toolchain/10 2021.10/bin/../lib/gcc/arm-none-eabi/10.3.1/../../../../arm-none-eabi/lib/thumb/v7-m/nofp\libc_nano.a(lib_a-fflush.o)
 .ARM.attributes
                0x00000a5a       0x2d c:/program files (x86)/gnu arm embedded toolchain/10 2021.10/bin/../lib/gcc/arm-none-eabi/10.3.1/../../../../arm-none-eabi/lib/thumb/v7-m/nofp\libc_nano.a(lib_a-findfp.o)
 .ARM.attributes
                0x00000a87       0x2d c:/program files (x86)/gnu arm embedded toolchain/10 2021.10/bin/../lib/gcc/arm-none-eabi/10.3.1/../../../../arm-none-eabi/lib/thumb/v7-m/nofp\libc_nano.a(lib_a-fwalk.o)
 .ARM.attributes
                0x00000ab4       0x2d c:/program files (x86)/gnu arm embedded toolchain/10 2021.10/bin/../lib/gcc/arm-none-eabi/10.3.1/../../../../arm-none-eabi/lib/thumb/v7-m/nofp\libc_nano.a(lib_a-lock.o)
 .ARM.attributes
                0x00000ae1       0x2d c:/program files (x86)/gnu arm embedded toolchain/10 2021.10/bin/../lib/gcc/arm-none-eabi/10.3.1/../../../../arm-none-eabi/lib/thumb/v7-m/nofp\libc_nano.a(lib_a-makebuf.o)
 .ARM.attributes
                0x00000b0e       0x2d c:/program files (x86)/gnu arm embedded toolchain/10 2021.10/bin/../lib/gcc/arm-none-eabi/10.3.1/../../../../arm-none-eabi/lib/thumb/v7-m/nofp\libc_nano.a(lib_a-nano-msizer.o)
 .ARM.attributes
                0x00000b3b       0x2d c:/program files (x86)/gnu arm embedded toolchain/10 2021.10/bin/../lib/gcc/arm-none-eabi/10.3.1/../../../../arm-none-eabi/lib/thumb/v7-m/nofp\libc_nano.a(lib_a-signal.o)
 .ARM.attributes
                0x00000b68       0x2d c:/program files (x86)/gnu arm embedded toolchain/10 2021.10/bin/../lib/gcc/arm-none-eabi/10.3.1/../../../../arm-none-eabi/lib/thumb/v7-m/nofp\libc_nano.a(lib_a-signalr.o)
 .ARM.attributes
                0x00000b95       0x2d c:/program files (x86)/gnu arm embedded toolchain/10 2021.10/bin/../lib/gcc/arm-none-eabi/10.3.1/../../../../arm-none-eabi/lib/thumb/v7-m/nofp\libc_nano.a(lib_a-stdio.o)
 .ARM.attributes
                0x00000bc2       0x2d c:/program files (x86)/gnu arm embedded toolchain/10 2021.10/bin/../lib/gcc/arm-none-eabi/10.3.1/../../../../arm-none-eabi/lib/thumb/v7-m/nofp\libc_nano.a(lib_a-writer.o)
 .ARM.attributes
                0x00000bef       0x2d c:/program files (x86)/gnu arm embedded toolchain/10 2021.10/bin/../lib/gcc/arm-none-eabi/10.3.1/../../../../arm-none-eabi/lib/thumb/v7-m/nofp\libc_nano.a(lib_a-closer.o)
 .ARM.attributes
                0x00000c1c       0x2d c:/program files (x86)/gnu arm embedded toolchain/10 2021.10/bin/../lib/gcc/arm-none-eabi/10.3.1/../../../../arm-none-eabi/lib/thumb/v7-m/nofp\libc_nano.a(lib_a-fstatr.o)
 .ARM.attributes
                0x00000c49       0x2d c:/program files (x86)/gnu arm embedded toolchain/10 2021.10/bin/../lib/gcc/arm-none-eabi/10.3.1/../../../../arm-none-eabi/lib/thumb/v7-m/nofp\libc_nano.a(lib_a-isattyr.o)
 .ARM.attributes
                0x00000c76       0x2d c:/program files (x86)/gnu arm embedded toolchain/10 2021.10/bin/../lib/gcc/arm-none-eabi/10.3.1/../../../../arm-none-eabi/lib/thumb/v7-m/nofp\libc_nano.a(lib_a-lseekr.o)
 .ARM.attributes
                0x00000ca3       0x2d c:/program files (x86)/gnu arm embedded toolchain/10 2021.10/bin/../lib/gcc/arm-none-eabi/10.3.1/../../../../arm-none-eabi/lib/thumb/v7-m/nofp\libc_nano.a(lib_a-readr.o)
 .ARM.attributes
                0x00000cd0       0x1d c:/program files (x86)/gnu arm embedded toolchain/10 2021.10/bin/../lib/gcc/arm-none-eabi/10.3.1/thumb/v7-m/nofp\libgcc.a(_arm_addsubdf3.o)
 .ARM.attributes
                0x00000ced       0x1d c:/program files (x86)/gnu arm embedded toolchain/10 2021.10/bin/../lib/gcc/arm-none-eabi/10.3.1/thumb/v7-m/nofp\libgcc.a(_arm_muldivdf3.o)
 .ARM.attributes
                0x00000d0a       0x1d c:/program files (x86)/gnu arm embedded toolchain/10 2021.10/bin/../lib/gcc/arm-none-eabi/10.3.1/thumb/v7-m/nofp\libgcc.a(_arm_cmpdf2.o)
 .ARM.attributes
                0x00000d27       0x1d c:/program files (x86)/gnu arm embedded toolchain/10 2021.10/bin/../lib/gcc/arm-none-eabi/10.3.1/thumb/v7-m/nofp\libgcc.a(_arm_unorddf2.o)
 .ARM.attributes
                0x00000d44       0x1d c:/program files (x86)/gnu arm embedded toolchain/10 2021.10/bin/../lib/gcc/arm-none-eabi/10.3.1/thumb/v7-m/nofp\libgcc.a(_arm_fixdfsi.o)
 .ARM.attributes
                0x00000d61       0x1d c:/program files (x86)/gnu arm embedded toolchain/10 2021.10/bin/../lib/gcc/arm-none-eabi/10.3.1/thumb/v7-m/nofp\libgcc.a(_arm_addsubsf3.o)
 .ARM.attributes
                0x00000d7e       0x1d c:/program files (x86)/gnu arm embedded toolchain/10 2021.10/bin/../lib/gcc/arm-none-eabi/10.3.1/thumb/v7-m/nofp\libgcc.a(_arm_fixunssfsi.o)
 .ARM.attributes
                0x00000d9b       0x1d c:/program files (x86)/gnu arm embedded toolchain/10 2021.10/bin/../lib/gcc/arm-none-eabi/10.3.1/thumb/v7-m/nofp/crtn.o

.comment        0x00000000       0x49
 .comment       0x00000000       0x49 ./Core/Src/adc.o
                                 0x4a (size before relaxing)
 .comment       0x00000049       0x4a ./Core/Src/dma.o
 .comment       0x00000049       0x4a ./Core/Src/gpio.o
 .comment       0x00000049       0x4a ./Core/Src/lcd.o
 .comment       0x00000049       0x4a ./Core/Src/main.o
 .comment       0x00000049       0x4a ./Core/Src/motor_control.o
 .comment       0x00000049       0x4a ./Core/Src/stm32f1xx_hal_msp.o
 .comment       0x00000049       0x4a ./Core/Src/stm32f1xx_it.o
 .comment       0x00000049       0x4a ./Core/Src/syscalls.o
 .comment       0x00000049       0x4a ./Core/Src/sysmem.o
 .comment       0x00000049       0x4a ./Core/Src/system_stm32f1xx.o
 .comment       0x00000049       0x4a ./Core/Src/tim.o
 .comment       0x00000049       0x4a ./Core/Src/usart.o
 .comment       0x00000049       0x4a ./Drivers/STM32F1xx_HAL_Driver/stm32f1xx_hal.o
 .comment       0x00000049       0x4a ./Drivers/STM32F1xx_HAL_Driver/stm32f1xx_hal_adc.o
 .comment       0x00000049       0x4a ./Drivers/STM32F1xx_HAL_Driver/stm32f1xx_hal_adc_ex.o
 .comment       0x00000049       0x4a ./Drivers/STM32F1xx_HAL_Driver/stm32f1xx_hal_cortex.o
 .comment       0x00000049       0x4a ./Drivers/STM32F1xx_HAL_Driver/stm32f1xx_hal_dma.o
 .comment       0x00000049       0x4a ./Drivers/STM32F1xx_HAL_Driver/stm32f1xx_hal_gpio.o
 .comment       0x00000049       0x4a ./Drivers/STM32F1xx_HAL_Driver/stm32f1xx_hal_rcc.o
 .comment       0x00000049       0x4a ./Drivers/STM32F1xx_HAL_Driver/stm32f1xx_hal_rcc_ex.o
 .comment       0x00000049       0x4a ./Drivers/STM32F1xx_HAL_Driver/stm32f1xx_hal_tim.o
 .comment       0x00000049       0x4a ./Drivers/STM32F1xx_HAL_Driver/stm32f1xx_hal_tim_ex.o
 .comment       0x00000049       0x4a ./Drivers/STM32F1xx_HAL_Driver/stm32f1xx_hal_uart.o

.debug_info     0x00000000    0x10172
 .debug_info    0x00000000      0x8f6 ./Core/Src/adc.o
 .debug_info    0x000008f6      0x2aa ./Core/Src/dma.o
 .debug_info    0x00000ba0      0x2c0 ./Core/Src/gpio.o
 .debug_info    0x00000e60      0x276 ./Core/Src/lcd.o
 .debug_info    0x000010d6      0xecf ./Core/Src/main.o
 .debug_info    0x00001fa5      0x8dd ./Core/Src/motor_control.o
 .debug_info    0x00002882      0x210 ./Core/Src/stm32f1xx_hal_msp.o
 .debug_info    0x00002a92      0x945 ./Core/Src/stm32f1xx_it.o
 .debug_info    0x000033d7      0x6b2 ./Core/Src/syscalls.o
 .debug_info    0x00003a89      0x15f ./Core/Src/sysmem.o
 .debug_info    0x00003be8      0x23d ./Core/Src/system_stm32f1xx.o
 .debug_info    0x00003e25      0x9ba ./Core/Src/tim.o
 .debug_info    0x000047df      0x7ab ./Core/Src/usart.o
 .debug_info    0x00004f8a       0x22 ./Core/Startup/startup_stm32f103c8tx.o
 .debug_info    0x00004fac      0x6e1 ./Drivers/STM32F1xx_HAL_Driver/stm32f1xx_hal.o
 .debug_info    0x0000568d      0xc8a ./Drivers/STM32F1xx_HAL_Driver/stm32f1xx_hal_adc.o
 .debug_info    0x00006317      0x9cc ./Drivers/STM32F1xx_HAL_Driver/stm32f1xx_hal_adc_ex.o
 .debug_info    0x00006ce3      0xb20 ./Drivers/STM32F1xx_HAL_Driver/stm32f1xx_hal_cortex.o
 .debug_info    0x00007803      0x737 ./Drivers/STM32F1xx_HAL_Driver/stm32f1xx_hal_dma.o
 .debug_info    0x00007f3a      0x615 ./Drivers/STM32F1xx_HAL_Driver/stm32f1xx_hal_gpio.o
 .debug_info    0x0000854f      0x81e ./Drivers/STM32F1xx_HAL_Driver/stm32f1xx_hal_rcc.o
 .debug_info    0x00008d6d      0x3cc ./Drivers/STM32F1xx_HAL_Driver/stm32f1xx_hal_rcc_ex.o
 .debug_info    0x00009139     0x2b46 ./Drivers/STM32F1xx_HAL_Driver/stm32f1xx_hal_tim.o
 .debug_info    0x0000bc7f     0x1493 ./Drivers/STM32F1xx_HAL_Driver/stm32f1xx_hal_tim_ex.o
 .debug_info    0x0000d112     0x3060 ./Drivers/STM32F1xx_HAL_Driver/stm32f1xx_hal_uart.o

.debug_abbrev   0x00000000     0x28b1
 .debug_abbrev  0x00000000      0x1ab ./Core/Src/adc.o
 .debug_abbrev  0x000001ab       0xdc ./Core/Src/dma.o
 .debug_abbrev  0x00000287      0x10f ./Core/Src/gpio.o
 .debug_abbrev  0x00000396      0x123 ./Core/Src/lcd.o
 .debug_abbrev  0x000004b9      0x207 ./Core/Src/main.o
 .debug_abbrev  0x000006c0      0x1e8 ./Core/Src/motor_control.o
 .debug_abbrev  0x000008a8       0xd4 ./Core/Src/stm32f1xx_hal_msp.o
 .debug_abbrev  0x0000097c      0x16d ./Core/Src/stm32f1xx_it.o
 .debug_abbrev  0x00000ae9      0x180 ./Core/Src/syscalls.o
 .debug_abbrev  0x00000c69       0xa6 ./Core/Src/sysmem.o
 .debug_abbrev  0x00000d0f      0x13b ./Core/Src/system_stm32f1xx.o
 .debug_abbrev  0x00000e4a      0x1ac ./Core/Src/tim.o
 .debug_abbrev  0x00000ff6      0x196 ./Core/Src/usart.o
 .debug_abbrev  0x0000118c       0x12 ./Core/Startup/startup_stm32f103c8tx.o
 .debug_abbrev  0x0000119e      0x1c8 ./Drivers/STM32F1xx_HAL_Driver/stm32f1xx_hal.o
 .debug_abbrev  0x00001366      0x1cf ./Drivers/STM32F1xx_HAL_Driver/stm32f1xx_hal_adc.o
 .debug_abbrev  0x00001535      0x1f3 ./Drivers/STM32F1xx_HAL_Driver/stm32f1xx_hal_adc_ex.o
 .debug_abbrev  0x00001728      0x2ed ./Drivers/STM32F1xx_HAL_Driver/stm32f1xx_hal_cortex.o
 .debug_abbrev  0x00001a15      0x1e9 ./Drivers/STM32F1xx_HAL_Driver/stm32f1xx_hal_dma.o
 .debug_abbrev  0x00001bfe      0x1bb ./Drivers/STM32F1xx_HAL_Driver/stm32f1xx_hal_gpio.o
 .debug_abbrev  0x00001db9      0x260 ./Drivers/STM32F1xx_HAL_Driver/stm32f1xx_hal_rcc.o
 .debug_abbrev  0x00002019      0x16d ./Drivers/STM32F1xx_HAL_Driver/stm32f1xx_hal_rcc_ex.o
 .debug_abbrev  0x00002186      0x238 ./Drivers/STM32F1xx_HAL_Driver/stm32f1xx_hal_tim.o
 .debug_abbrev  0x000023be      0x240 ./Drivers/STM32F1xx_HAL_Driver/stm32f1xx_hal_tim_ex.o
 .debug_abbrev  0x000025fe      0x2b3 ./Drivers/STM32F1xx_HAL_Driver/stm32f1xx_hal_uart.o

.debug_aranges  0x00000000      0xf80
 .debug_aranges
                0x00000000       0x30 ./Core/Src/adc.o
 .debug_aranges
                0x00000030       0x20 ./Core/Src/dma.o
 .debug_aranges
                0x00000050       0x20 ./Core/Src/gpio.o
 .debug_aranges
                0x00000070       0x50 ./Core/Src/lcd.o
 .debug_aranges
                0x000000c0       0x38 ./Core/Src/main.o
 .debug_aranges
                0x000000f8       0x40 ./Core/Src/motor_control.o
 .debug_aranges
                0x00000138       0x20 ./Core/Src/stm32f1xx_hal_msp.o
 .debug_aranges
                0x00000158       0x80 ./Core/Src/stm32f1xx_it.o
 .debug_aranges
                0x000001d8       0xa8 ./Core/Src/syscalls.o
 .debug_aranges
                0x00000280       0x20 ./Core/Src/sysmem.o
 .debug_aranges
                0x000002a0       0x28 ./Core/Src/system_stm32f1xx.o
 .debug_aranges
                0x000002c8       0x38 ./Core/Src/tim.o
 .debug_aranges
                0x00000300       0x30 ./Core/Src/usart.o
 .debug_aranges
                0x00000330       0x28 ./Core/Startup/startup_stm32f103c8tx.o
 .debug_aranges
                0x00000358       0xe0 ./Drivers/STM32F1xx_HAL_Driver/stm32f1xx_hal.o
 .debug_aranges
                0x00000438       0xf0 ./Drivers/STM32F1xx_HAL_Driver/stm32f1xx_hal_adc.o
 .debug_aranges
                0x00000528       0x80 ./Drivers/STM32F1xx_HAL_Driver/stm32f1xx_hal_adc_ex.o
 .debug_aranges
                0x000005a8      0x100 ./Drivers/STM32F1xx_HAL_Driver/stm32f1xx_hal_cortex.o
 .debug_aranges
                0x000006a8       0x80 ./Drivers/STM32F1xx_HAL_Driver/stm32f1xx_hal_dma.o
 .debug_aranges
                0x00000728       0x58 ./Drivers/STM32F1xx_HAL_Driver/stm32f1xx_hal_gpio.o
 .debug_aranges
                0x00000780       0x90 ./Drivers/STM32F1xx_HAL_Driver/stm32f1xx_hal_rcc.o
 .debug_aranges
                0x00000810       0x30 ./Drivers/STM32F1xx_HAL_Driver/stm32f1xx_hal_rcc_ex.o
 .debug_aranges
                0x00000840      0x3d0 ./Drivers/STM32F1xx_HAL_Driver/stm32f1xx_hal_tim.o
 .debug_aranges
                0x00000c10      0x168 ./Drivers/STM32F1xx_HAL_Driver/stm32f1xx_hal_tim_ex.o
 .debug_aranges
                0x00000d78      0x208 ./Drivers/STM32F1xx_HAL_Driver/stm32f1xx_hal_uart.o

.debug_ranges   0x00000000      0xe28
 .debug_ranges  0x00000000       0x20 ./Core/Src/adc.o
 .debug_ranges  0x00000020       0x10 ./Core/Src/dma.o
 .debug_ranges  0x00000030       0x10 ./Core/Src/gpio.o
 .debug_ranges  0x00000040       0x40 ./Core/Src/lcd.o
 .debug_ranges  0x00000080       0x28 ./Core/Src/main.o
 .debug_ranges  0x000000a8       0x30 ./Core/Src/motor_control.o
 .debug_ranges  0x000000d8       0x10 ./Core/Src/stm32f1xx_hal_msp.o
 .debug_ranges  0x000000e8       0x70 ./Core/Src/stm32f1xx_it.o
 .debug_ranges  0x00000158       0x98 ./Core/Src/syscalls.o
 .debug_ranges  0x000001f0       0x10 ./Core/Src/sysmem.o
 .debug_ranges  0x00000200       0x18 ./Core/Src/system_stm32f1xx.o
 .debug_ranges  0x00000218       0x28 ./Core/Src/tim.o
 .debug_ranges  0x00000240       0x20 ./Core/Src/usart.o
 .debug_ranges  0x00000260       0x20 ./Core/Startup/startup_stm32f103c8tx.o
 .debug_ranges  0x00000280       0xd0 ./Drivers/STM32F1xx_HAL_Driver/stm32f1xx_hal.o
 .debug_ranges  0x00000350       0xe0 ./Drivers/STM32F1xx_HAL_Driver/stm32f1xx_hal_adc.o
 .debug_ranges  0x00000430       0x70 ./Drivers/STM32F1xx_HAL_Driver/stm32f1xx_hal_adc_ex.o
 .debug_ranges  0x000004a0       0xf0 ./Drivers/STM32F1xx_HAL_Driver/stm32f1xx_hal_cortex.o
 .debug_ranges  0x00000590       0x70 ./Drivers/STM32F1xx_HAL_Driver/stm32f1xx_hal_dma.o
 .debug_ranges  0x00000600       0x48 ./Drivers/STM32F1xx_HAL_Driver/stm32f1xx_hal_gpio.o
 .debug_ranges  0x00000648       0x80 ./Drivers/STM32F1xx_HAL_Driver/stm32f1xx_hal_rcc.o
 .debug_ranges  0x000006c8       0x20 ./Drivers/STM32F1xx_HAL_Driver/stm32f1xx_hal_rcc_ex.o
 .debug_ranges  0x000006e8      0x3c0 ./Drivers/STM32F1xx_HAL_Driver/stm32f1xx_hal_tim.o
 .debug_ranges  0x00000aa8      0x158 ./Drivers/STM32F1xx_HAL_Driver/stm32f1xx_hal_tim_ex.o
 .debug_ranges  0x00000c00      0x228 ./Drivers/STM32F1xx_HAL_Driver/stm32f1xx_hal_uart.o

.debug_macro    0x00000000    0x1a320
 .debug_macro   0x00000000      0x1cb ./Core/Src/adc.o
 .debug_macro   0x000001cb      0xa6c ./Core/Src/adc.o
 .debug_macro   0x00000c37      0x227 ./Core/Src/adc.o
 .debug_macro   0x00000e5e       0x2e ./Core/Src/adc.o
 .debug_macro   0x00000e8c       0x22 ./Core/Src/adc.o
 .debug_macro   0x00000eae       0x22 ./Core/Src/adc.o
 .debug_macro   0x00000ed0       0x8e ./Core/Src/adc.o
 .debug_macro   0x00000f5e       0x51 ./Core/Src/adc.o
 .debug_macro   0x00000faf      0x103 ./Core/Src/adc.o
 .debug_macro   0x000010b2       0x6a ./Core/Src/adc.o
 .debug_macro   0x0000111c      0x1df ./Core/Src/adc.o
 .debug_macro   0x000012fb       0x1c ./Core/Src/adc.o
 .debug_macro   0x00001317       0x22 ./Core/Src/adc.o
 .debug_macro   0x00001339       0xbd ./Core/Src/adc.o
 .debug_macro   0x000013f6      0xd23 ./Core/Src/adc.o
 .debug_macro   0x00002119     0xe09e ./Core/Src/adc.o
 .debug_macro   0x000101b7       0x6d ./Core/Src/adc.o
 .debug_macro   0x00010224     0x34a2 ./Core/Src/adc.o
 .debug_macro   0x000136c6      0x174 ./Core/Src/adc.o
 .debug_macro   0x0001383a       0x5c ./Core/Src/adc.o
 .debug_macro   0x00013896      0x5bc ./Core/Src/adc.o
 .debug_macro   0x00013e52      0x289 ./Core/Src/adc.o
 .debug_macro   0x000140db      0x1cb ./Core/Src/adc.o
 .debug_macro   0x000142a6      0x114 ./Core/Src/adc.o
 .debug_macro   0x000143ba      0x1b2 ./Core/Src/adc.o
 .debug_macro   0x0001456c       0x27 ./Core/Src/adc.o
 .debug_macro   0x00014593      0x136 ./Core/Src/adc.o
 .debug_macro   0x000146c9      0x1bc ./Core/Src/adc.o
 .debug_macro   0x00014885       0x34 ./Core/Src/adc.o
 .debug_macro   0x000148b9       0x3c ./Core/Src/adc.o
 .debug_macro   0x000148f5       0x57 ./Core/Src/adc.o
 .debug_macro   0x0001494c      0x46a ./Core/Src/adc.o
 .debug_macro   0x00014db6      0x1b5 ./Core/Src/adc.o
 .debug_macro   0x00014f6b       0x87 ./Core/Src/adc.o
 .debug_macro   0x00014ff2      0x240 ./Core/Src/adc.o
 .debug_macro   0x00015232      0x140 ./Core/Src/adc.o
 .debug_macro   0x00015372      0x8ed ./Core/Src/adc.o
 .debug_macro   0x00015c5f      0x28e ./Core/Src/adc.o
 .debug_macro   0x00015eed       0x83 ./Core/Src/adc.o
 .debug_macro   0x00015f70      0x1cb ./Core/Src/dma.o
 .debug_macro   0x0001613b      0x1cb ./Core/Src/gpio.o
 .debug_macro   0x00016306      0x2d1 ./Core/Src/lcd.o
 .debug_macro   0x000165d7       0x4c ./Core/Src/lcd.o
 .debug_macro   0x00016623       0x52 ./Core/Src/lcd.o
 .debug_macro   0x00016675       0x18 ./Core/Src/lcd.o
 .debug_macro   0x0001668d       0x3c ./Core/Src/lcd.o
 .debug_macro   0x000166c9       0x34 ./Core/Src/lcd.o
 .debug_macro   0x000166fd       0x16 ./Core/Src/lcd.o
 .debug_macro   0x00016713       0x43 ./Core/Src/lcd.o
 .debug_macro   0x00016756       0x34 ./Core/Src/lcd.o
 .debug_macro   0x0001678a       0x10 ./Core/Src/lcd.o
 .debug_macro   0x0001679a       0x58 ./Core/Src/lcd.o
 .debug_macro   0x000167f2       0x71 ./Core/Src/lcd.o
 .debug_macro   0x00016863       0x1c ./Core/Src/lcd.o
 .debug_macro   0x0001687f      0x12a ./Core/Src/lcd.o
 .debug_macro   0x000169a9      0x341 ./Core/Src/lcd.o
 .debug_macro   0x00016cea       0x10 ./Core/Src/lcd.o
 .debug_macro   0x00016cfa       0x35 ./Core/Src/lcd.o
 .debug_macro   0x00016d2f       0x16 ./Core/Src/lcd.o
 .debug_macro   0x00016d45       0x16 ./Core/Src/lcd.o
 .debug_macro   0x00016d5b       0x29 ./Core/Src/lcd.o
 .debug_macro   0x00016d84      0x3a1 ./Core/Src/main.o
 .debug_macro   0x00017125       0x16 ./Core/Src/main.o
 .debug_macro   0x0001713b       0x10 ./Core/Src/main.o
 .debug_macro   0x0001714b       0x10 ./Core/Src/main.o
 .debug_macro   0x0001715b       0x1c ./Core/Src/main.o
 .debug_macro   0x00017177       0x52 ./Core/Src/main.o
 .debug_macro   0x000171c9       0x22 ./Core/Src/main.o