Archive member included to satisfy reference by file (symbol)

F:/Program Files/STM32CubeIDE_1.18.0/STM32CubeIDE/plugins/com.st.stm32cube.ide.mcu.externaltools.gnu-tools-for-stm32.13.3.rel1.win32_1.0.0.202411081344/tools/bin/../lib/gcc/arm-none-eabi/13.3.1/../../../../arm-none-eabi/lib/thumb/v7-m/nofp\libc_nano.a(libc_a-exit.o)
                              F:/Program Files/STM32CubeIDE_1.18.0/STM32CubeIDE/plugins/com.st.stm32cube.ide.mcu.externaltools.gnu-tools-for-stm32.13.3.rel1.win32_1.0.0.202411081344/tools/bin/../lib/gcc/arm-none-eabi/13.3.1/../../../../arm-none-eabi/lib/thumb/v7-m/nofp/crt0.o (exit)
F:/Program Files/STM32CubeIDE_1.18.0/STM32CubeIDE/plugins/com.st.stm32cube.ide.mcu.externaltools.gnu-tools-for-stm32.13.3.rel1.win32_1.0.0.202411081344/tools/bin/../lib/gcc/arm-none-eabi/13.3.1/../../../../arm-none-eabi/lib/thumb/v7-m/nofp\libc_nano.a(libc_a-findfp.o)
                              F:/Program Files/STM32CubeIDE_1.18.0/STM32CubeIDE/plugins/com.st.stm32cube.ide.mcu.externaltools.gnu-tools-for-stm32.13.3.rel1.win32_1.0.0.202411081344/tools/bin/../lib/gcc/arm-none-eabi/13.3.1/../../../../arm-none-eabi/lib/thumb/v7-m/nofp\libc_nano.a(libc_a-exit.o) (__stdio_exit_handler)
F:/Program Files/STM32CubeIDE_1.18.0/STM32CubeIDE/plugins/com.st.stm32cube.ide.mcu.externaltools.gnu-tools-for-stm32.13.3.rel1.win32_1.0.0.202411081344/tools/bin/../lib/gcc/arm-none-eabi/13.3.1/../../../../arm-none-eabi/lib/thumb/v7-m/nofp\libc_nano.a(libc_a-fwalk.o)
                              F:/Program Files/STM32CubeIDE_1.18.0/STM32CubeIDE/plugins/com.st.stm32cube.ide.mcu.externaltools.gnu-tools-for-stm32.13.3.rel1.win32_1.0.0.202411081344/tools/bin/../lib/gcc/arm-none-eabi/13.3.1/../../../../arm-none-eabi/lib/thumb/v7-m/nofp\libc_nano.a(libc_a-findfp.o) (_fwalk_sglue)
F:/Program Files/STM32CubeIDE_1.18.0/STM32CubeIDE/plugins/com.st.stm32cube.ide.mcu.externaltools.gnu-tools-for-stm32.13.3.rel1.win32_1.0.0.202411081344/tools/bin/../lib/gcc/arm-none-eabi/13.3.1/../../../../arm-none-eabi/lib/thumb/v7-m/nofp\libc_nano.a(libc_a-sprintf.o)
                              ./Core/Src/main.o (sprintf)
F:/Program Files/STM32CubeIDE_1.18.0/STM32CubeIDE/plugins/com.st.stm32cube.ide.mcu.externaltools.gnu-tools-for-stm32.13.3.rel1.win32_1.0.0.202411081344/tools/bin/../lib/gcc/arm-none-eabi/13.3.1/../../../../arm-none-eabi/lib/thumb/v7-m/nofp\libc_nano.a(libc_a-stdio.o)
                              F:/Program Files/STM32CubeIDE_1.18.0/STM32CubeIDE/plugins/com.st.stm32cube.ide.mcu.externaltools.gnu-tools-for-stm32.13.3.rel1.win32_1.0.0.202411081344/tools/bin/../lib/gcc/arm-none-eabi/13.3.1/../../../../arm-none-eabi/lib/thumb/v7-m/nofp\libc_nano.a(libc_a-findfp.o) (__sread)
F:/Program Files/STM32CubeIDE_1.18.0/STM32CubeIDE/plugins/com.st.stm32cube.ide.mcu.externaltools.gnu-tools-for-stm32.13.3.rel1.win32_1.0.0.202411081344/tools/bin/../lib/gcc/arm-none-eabi/13.3.1/../../../../arm-none-eabi/lib/thumb/v7-m/nofp\libc_nano.a(libc_a-memset.o)
                              F:/Program Files/STM32CubeIDE_1.18.0/STM32CubeIDE/plugins/com.st.stm32cube.ide.mcu.externaltools.gnu-tools-for-stm32.13.3.rel1.win32_1.0.0.202411081344/tools/bin/../lib/gcc/arm-none-eabi/13.3.1/../../../../arm-none-eabi/lib/thumb/v7-m/nofp/crt0.o (memset)
F:/Program Files/STM32CubeIDE_1.18.0/STM32CubeIDE/plugins/com.st.stm32cube.ide.mcu.externaltools.gnu-tools-for-stm32.13.3.rel1.win32_1.0.0.202411081344/tools/bin/../lib/gcc/arm-none-eabi/13.3.1/../../../../arm-none-eabi/lib/thumb/v7-m/nofp\libc_nano.a(libc_a-closer.o)
                              F:/Program Files/STM32CubeIDE_1.18.0/STM32CubeIDE/plugins/com.st.stm32cube.ide.mcu.externaltools.gnu-tools-for-stm32.13.3.rel1.win32_1.0.0.202411081344/tools/bin/../lib/gcc/arm-none-eabi/13.3.1/../../../../arm-none-eabi/lib/thumb/v7-m/nofp\libc_nano.a(libc_a-stdio.o) (_close_r)
F:/Program Files/STM32CubeIDE_1.18.0/STM32CubeIDE/plugins/com.st.stm32cube.ide.mcu.externaltools.gnu-tools-for-stm32.13.3.rel1.win32_1.0.0.202411081344/tools/bin/../lib/gcc/arm-none-eabi/13.3.1/../../../../arm-none-eabi/lib/thumb/v7-m/nofp\libc_nano.a(libc_a-reent.o)
                              F:/Program Files/STM32CubeIDE_1.18.0/STM32CubeIDE/plugins/com.st.stm32cube.ide.mcu.externaltools.gnu-tools-for-stm32.13.3.rel1.win32_1.0.0.202411081344/tools/bin/../lib/gcc/arm-none-eabi/13.3.1/../../../../arm-none-eabi/lib/thumb/v7-m/nofp\libc_nano.a(libc_a-closer.o) (errno)
F:/Program Files/STM32CubeIDE_1.18.0/STM32CubeIDE/plugins/com.st.stm32cube.ide.mcu.externaltools.gnu-tools-for-stm32.13.3.rel1.win32_1.0.0.202411081344/tools/bin/../lib/gcc/arm-none-eabi/13.3.1/../../../../arm-none-eabi/lib/thumb/v7-m/nofp\libc_nano.a(libc_a-impure.o)
                              F:/Program Files/STM32CubeIDE_1.18.0/STM32CubeIDE/plugins/com.st.stm32cube.ide.mcu.externaltools.gnu-tools-for-stm32.13.3.rel1.win32_1.0.0.202411081344/tools/bin/../lib/gcc/arm-none-eabi/13.3.1/../../../../arm-none-eabi/lib/thumb/v7-m/nofp\libc_nano.a(libc_a-sprintf.o) (_impure_ptr)
[...]
Memory Configuration

Name             Origin             Length             Attributes
RAM              0x20000000         0x00005000         xrw
FLASH            0x08000000         0x00010000         xr
*default*        0x00000000         0xffffffff

Linker script and memory map

LOAD F:/Program Files/STM32CubeIDE_1.18.0/STM32CubeIDE/plugins/com.st.stm32cube.ide.mcu.externaltools.gnu-tools-for-stm32.13.3.rel1.win32_1.0.0.202411081344/tools/bin/../lib/gcc/arm-none-eabi/13.3.1/thumb/v7-m/nofp/crti.o
LOAD F:/Program Files/STM32CubeIDE_1.18.0/STM32CubeIDE/plugins/com.st.stm32cube.ide.mcu.externaltools.gnu-tools-for-stm32.13.3.rel1.win32_1.0.0.202411081344/tools/bin/../lib/gcc/arm-none-eabi/13.3.1/thumb/v7-m/nofp/crtbegin.o
LOAD F:/Program Files/STM32CubeIDE_1.18.0/STM32CubeIDE/plugins/com.st.stm32cube.ide.mcu.externaltools.gnu-tools-for-stm32.13.3.rel1.win32_1.0.0.202411081344/tools/bin/../lib/gcc/arm-none-eabi/13.3.1/../../../../arm-none-eabi/lib/thumb/v7-m/nofp/crt0.o
LOAD ./Core/Src/adc.o
LOAD ./Core/Src/gpio.o
LOAD ./Core/Src/lcd.o
LOAD ./Core/Src/main.o
LOAD ./Core/Src/motor.o
LOAD ./Core/Src/motor_control.o
LOAD ./Core/Src/stm32f1xx_hal_msp.o
LOAD ./Core/Src/stm32f1xx_it.o
LOAD ./Core/Src/syscalls.o
LOAD ./Core/Src/sysmem.o
LOAD ./Core/Src/system_stm32f1xx.o
LOAD ./Core/Src/tim.o
LOAD ./Core/Src/usart.o
LOAD ./Core/Startup/startup_stm32f103c8tx.o
LOAD ./Drivers/STM32F1xx_HAL_Driver/stm32f1xx_hal.o
LOAD ./Drivers/STM32F1xx_HAL_Driver/stm32f1xx_hal_adc.o
LOAD ./Drivers/STM32F1xx_HAL_Driver/stm32f1xx_hal_adc_ex.o
LOAD ./Drivers/STM32F1xx_HAL_Driver/stm32f1xx_hal_cortex.o
LOAD ./Drivers/STM32F1xx_HAL_Driver/stm32f1xx_hal_dma.o
LOAD ./Drivers/STM32F1xx_HAL_Driver/stm32f1xx_hal_exti.o
LOAD ./Drivers/STM32F1xx_HAL_Driver/stm32f1xx_hal_flash.o
LOAD ./Drivers/STM32F1xx_HAL_Driver/stm32f1xx_hal_flash_ex.o
LOAD ./Drivers/STM32F1xx_HAL_Driver/stm32f1xx_hal_gpio.o
LOAD ./Drivers/STM32F1xx_HAL_Driver/stm32f1xx_hal_gpio_ex.o
LOAD ./Drivers/STM32F1xx_HAL_Driver/stm32f1xx_hal_pwr.o
LOAD ./Drivers/STM32F1xx_HAL_Driver/stm32f1xx_hal_rcc.o
LOAD ./Drivers/STM32F1xx_HAL_Driver/stm32f1xx_hal_rcc_ex.o
LOAD ./Drivers/STM32F1xx_HAL_Driver/stm32f1xx_hal_tim.o
LOAD ./Drivers/STM32F1xx_HAL_Driver/stm32f1xx_hal_tim_ex.o
LOAD ./Drivers/STM32F1xx_HAL_Driver/stm32f1xx_hal_uart.o
START GROUP
LOAD F:/Program Files/STM32CubeIDE_1.18.0/STM32CubeIDE/plugins/com.st.stm32cube.ide.mcu.externaltools.gnu-tools-for-stm32.13.3.rel1.win32_1.0.0.202411081344/tools/bin/../lib/gcc/arm-none-eabi/13.3.1/../../../../arm-none-eabi/lib/thumb/v7-m/nofp\libc_nano.a
LOAD F:/Program Files/STM32CubeIDE_1.18.0/STM32CubeIDE/plugins/com.st.stm32cube.ide.mcu.externaltools.gnu-tools-for-stm32.13.3.rel1.win32_1.0.0.202411081344/tools/bin/../lib/gcc/arm-none-eabi/13.3.1/../../../../arm-none-eabi/lib/thumb/v7-m/nofp\libm.a
END GROUP
START GROUP
LOAD F:/Program Files/STM32CubeIDE_1.18.0/STM32CubeIDE/plugins/com.st.stm32cube.ide.mcu.externaltools.gnu-tools-for-stm32.13.3.rel1.win32_1.0.0.202411081344/tools/bin/../lib/gcc/arm-none-eabi/13.3.1/thumb/v7-m/nofp\libgcc.a
LOAD F:/Program Files/STM32CubeIDE_1.18.0/STM32CubeIDE/plugins/com.st.stm32cube.ide.mcu.externaltools.gnu-tools-for-stm32.13.3.rel1.win32_1.0.0.202411081344/tools/bin/../lib/gcc/arm-none-eabi/13.3.1/../../../../arm-none-eabi/lib/thumb/v7-m/nofp\libc_nano.a
END GROUP
START GROUP
LOAD F:/Program Files/STM32CubeIDE_1.18.0/STM32CubeIDE/plugins/com.st.stm32cube.ide.mcu.externaltools.gnu-tools-for-stm32.13.3.rel1.win32_1.0.0.202411081344/tools/bin/../lib/gcc/arm-none-eabi/13.3.1/thumb/v7-m/nofp\libgcc.a
LOAD F:/Program Files/STM32CubeIDE_1.18.0/STM32CubeIDE/plugins/com.st.stm32cube.ide.mcu.externaltools.gnu-tools-for-stm32.13.3.rel1.win32_1.0.0.202411081344/tools/bin/../lib/gcc/arm-none-eabi/13.3.1/../../../../arm-none-eabi/lib/thumb/v7-m/nofp\libc_nano.a
LOAD F:/Program Files/STM32CubeIDE_1.18.0/STM32CubeIDE/plugins/com.st.stm32cube.ide.mcu.externaltools.gnu-tools-for-stm32.13.3.rel1.win32_1.0.0.202411081344/tools/bin/../lib/gcc/arm-none-eabi/13.3.1/../../../../arm-none-eabi/lib/thumb/v7-m/nofp\libnosys.a
END GROUP
START GROUP
LOAD F:/Program Files/STM32CubeIDE_1.18.0/STM32CubeIDE/plugins/com.st.stm32cube.ide.mcu.externaltools.gnu-tools-for-stm32.13.3.rel1.win32_1.0.0.202411081344/tools/bin/../lib/gcc/arm-none-eabi/13.3.1/thumb/v7-m/nofp\libgcc.a
LOAD F:/Program Files/STM32CubeIDE_1.18.0/STM32CubeIDE/plugins/com.st.stm32cube.ide.mcu.externaltools.gnu-tools-for-stm32.13.3.rel1.win32_1.0.0.202411081344/tools/bin/../lib/gcc/arm-none-eabi/13.3.1/../../../../arm-none-eabi/lib/thumb/v7-m/nofp\libc_nano.a
LOAD F:/Program Files/STM32CubeIDE_1.18.0/STM32CubeIDE/plugins/com.st.stm32cube.ide.mcu.externaltools.gnu-tools-for-stm32.13.3.rel1.win32_1.0.0.202411081344/tools/bin/../lib/gcc/arm-none-eabi/13.3.1/../../../../arm-none-eabi/lib/thumb/v7-m/nofp\libnosys.a
END GROUP
LOAD F:/Program Files/STM32CubeIDE_1.18.0/STM32CubeIDE/plugins/com.st.stm32cube.ide.mcu.externaltools.gnu-tools-for-stm32.13.3.rel1.win32_1.0.0.202411081344/tools/bin/../lib/gcc/arm-none-eabi/13.3.1/thumb/v7-m/nofp/crtend.o
LOAD F:/Program Files/STM32CubeIDE_1.18.0/STM32CubeIDE/plugins/com.st.stm32cube.ide.mcu.externaltools.gnu-tools-for-stm32.13.3.rel1.win32_1.0.0.202411081344/tools/bin/../lib/gcc/arm-none-eabi/13.3.1/thumb/v7-m/nofp/crtn.o
                0x20005000                        _estack = (ORIGIN (RAM) + LENGTH (RAM))
                0x00000200                        _Min_Heap_Size = 0x200
                0x00000400                        _Min_Stack_Size = 0x400

.isr_vector     0x08000000      0x10c
                0x08000000                        . = ALIGN (0x4)
 *(.isr_vector)
 .isr_vector    0x08000000      0x10c ./Core/Startup/startup_stm32f103c8tx.o
                0x08000000                g_pfnVectors
                0x0800010c                        . = ALIGN (0x4)

.text           0x0800010c     0x3dc4
                0x0800010c                        . = ALIGN (0x4)
 *(.text)
 .text          0x0800010c       0x40 F:/Program Files/STM32CubeIDE_1.18.0/STM32CubeIDE/plugins/com.st.stm32cube.ide.mcu.externaltools.gnu-tools-for-stm32.13.3.rel1.win32_1.0.0.202411081344/tools/bin/../lib/gcc/arm-none-eabi/13.3.1/thumb/v7-m/nofp/crtbegin.o
 .text          0x0800014c      0x378 F:/Program Files/STM32CubeIDE_1.18.0/STM32CubeIDE/plugins/com.st.stm32cube.ide.mcu.externaltools.gnu-tools-for-stm32.13.3.rel1.win32_1.0.0.202411081344/tools/bin/../lib/gcc/arm-none-eabi/13.3.1/thumb/v7-m/nofp\libgcc.a(_arm_addsubdf3.o)
                0x0800014c                __aeabi_drsub
                0x08000154                __aeabi_dsub
                0x08000154                __subdf3
                0x08000158                __aeabi_dadd
                0x08000158                __adddf3
                0x080003d0                __floatunsidf
                0x080003d0                __aeabi_ui2d
                0x080003f0                __floatsidf
                0x080003f0                __aeabi_i2d
                0x08000414                __aeabi_f2d
                0x08000414                __extendsfdf2
                0x08000458                __floatundidf
                0x08000458                __aeabi_ul2d
                0x08000468                __floatdidf
                0x08000468                __aeabi_l2d
 .text          0x080004c4      0x21c F:/Program Files/STM32CubeIDE_1.18.0/STM32CubeIDE/plugins/com.st.stm32cube.ide.mcu.externaltools.gnu-tools-for-stm32.13.3.rel1.win32_1.0.0.202411081344/tools/bin/../lib/gcc/arm-none-eabi/13.3.1/thumb/v7-m/nofp\libgcc.a(_arm_addsubsf3.o)
                0x080004c4                __aeabi_frsub
                0x080004cc                __subsf3
                0x080004cc                __aeabi_fsub
                0x080004d0                __aeabi_fadd
                0x080004d0                __addsf3
                0x08000630                __aeabi_ui2f
                0x08000630                __floatunsisf
                0x08000638                __aeabi_i2f
                0x08000638                __floatsisf
                0x08000654                __aeabi_ul2f
                0x08000654                __floatundisf
                0x08000664                __aeabi_l2f
                0x08000664                __floatdisf
 .text          0x080006e0       0x40 F:/Program Files/STM32CubeIDE_1.18.0/STM32CubeIDE/plugins/com.st.stm32cube.ide.mcu.externaltools.gnu-tools-for-stm32.13.3.rel1.win32_1.0.0.202411081344/tools/bin/../lib/gcc/arm-none-eabi/13.3.1/thumb/v7-m/nofp\libgcc.a(_arm_fixunssfsi.o)
                0x080006e0                __fixunssfsi
                0x080006e0                __aeabi_f2uiz
 *(.text*)
 .text.MX_ADC1_Init
                0x08000720       0x9c ./Core/Src/adc.o
                0x08000720                MX_ADC1_Init
 .text.HAL_ADC_MspInit
                0x080007bc       0x78 ./Core/Src/adc.o
                0x080007bc                HAL_ADC_MspInit
 .text.MX_GPIO_Init
                0x08000834      0x13c ./Core/Src/gpio.o
                0x08000834                MX_GPIO_Init
 .text.LCD_Enable
                0x08000970       0x2c ./Core/Src/lcd.o
                0x08000970                LCD_Enable
 .text.LCD_Send_4Bits
                0x0800099c       0x70 ./Core/Src/lcd.o
                0x0800099c                LCD_Send_4Bits
 .text.LCD_Send_Command
                0x08000a0c       0x40 ./Core/Src/lcd.o
                0x08000a0c                LCD_Send_Command
 .text.LCD_Send_Data
                0x08000a4c       0x40 ./Core/Src/lcd.o
                0x08000a4c                LCD_Send_Data
 .text.LCD_Send_String
                0x08000a8c       0x2c ./Core/Src/lcd.o
                0x08000a8c                LCD_Send_String
 .text.LCD_Set_Cursor
                0x08000ab8       0x40 ./Core/Src/lcd.o
                0x08000ab8                LCD_Set_Cursor
 .text.LCD_Init
                0x08000af8       0x56 ./Core/Src/lcd.o
                0x08000af8                LCD_Init
 *fill*         0x08000b4e        0x2 
 .text.main     0x08000b50      0x104 ./Core/Src/main.o
                0x08000b50                main
 .text.SystemClock_Config
                0x08000c54       0xb6 ./Core/Src/main.o
                0x08000c54                SystemClock_Config
 *fill*         0x08000d0a        0x2 
 .text.HAL_TIM_PeriodElapsedCallback
                0x08000d0c       0x74 ./Core/Src/main.o
                0x08000d0c                HAL_TIM_PeriodElapsedCallback
 .text.Read_ADC
                0x08000d80       0xe0 ./Core/Src/main.o
                0x08000d80                Read_ADC
 .text.Error_Handler
                0x08000e60        0xc ./Core/Src/main.o
                0x08000e60                Error_Handler
 .text.MotorControl_UpdateSpeed
                0x08000e6c      0x154 ./Core/Src/motor_control.o
                0x08000e6c                MotorControl_UpdateSpeed
 .text.MotorControl_TIMCallback
                0x08000fc0       0x58 ./Core/Src/motor_control.o
                0x08000fc0                MotorControl_TIMCallback
 .text.MotorControl_LCDUpdate
                0x08001018       0x40 ./Core/Src/motor_control.o
                0x08001018                MotorControl_LCDUpdate
 .text.MotorControl_StepMotor_homing
                0x08001058       0x5c ./Core/Src/motor_control.o
                0x08001058                MotorControl_StepMotor_homing
 .text.HAL_MspInit
                0x080010b4       0x64 ./Core/Src/stm32f1xx_hal_msp.o
                0x080010b4                HAL_MspInit
 .text.NMI_Handler
                0x08001118        0x8 ./Core/Src/stm32f1xx_it.o
                0x08001118                NMI_Handler
 .text.HardFault_Handler
                0x08001120        0x8 ./Core/Src/stm32f1xx_it.o
                0x08001120                HardFault_Handler
 .text.MemManage_Handler
                0x08001128        0x8 ./Core/Src/stm32f1xx_it.o
                0x08001128                MemManage_Handler
 .text.BusFault_Handler
                0x08001130        0x8 ./Core/Src/stm32f1xx_it.o
                0x08001130                BusFault_Handler
 .text.UsageFault_Handler
                0x08001138        0x8 ./Core/Src/stm32f1xx_it.o
                0x08001138                UsageFault_Handler
 .text.SVC_Handler
                0x08001140        0xc ./Core/Src/stm32f1xx_it.o
                0x08001140                SVC_Handler
 .text.DebugMon_Handler
                0x0800114c        0xc ./Core/Src/stm32f1xx_it.o
                0x0800114c                DebugMon_Handler
 .text.PendSV_Handler
                0x08001158        0xc ./Core/Src/stm32f1xx_it.o
                0x08001158                PendSV_Handler
 .text.SysTick_Handler
                0x08001164        0xc ./Core/Src/stm32f1xx_it.o
                0x08001164                SysTick_Handler
 .text.TIM2_IRQHandler
                0x08001170       0x14 ./Core/Src/stm32f1xx_it.o
                0x08001170                TIM2_IRQHandler
 .text._sbrk    0x08001184       0x6c ./Core/Src/sysmem.o
                0x08001184                _sbrk
 .text.SystemInit
                0x080011f0        0xc ./Core/Src/system_stm32f1xx.o
                0x080011f0                SystemInit
 .text.MX_TIM1_Init
                0x080011fc       0xa0 ./Core/Src/tim.o
                0x080011fc                MX_TIM1_Init
 .text.MX_TIM2_Init
                0x0800129c       0x98 ./Core/Src/tim.o
                0x0800129c                MX_TIM2_Init
 .text.HAL_TIM_Base_MspInit
                0x08001334       0x70 ./Core/Src/tim.o
                0x08001334                HAL_TIM_Base_MspInit
 .text.MX_USART1_UART_Init
                0x080013a4       0x54 ./Core/Src/usart.o
                0x080013a4                MX_USART1_UART_Init
 .text.HAL_UART_MspInit
                0x080013f8       0x98 ./Core/Src/usart.o
                0x080013f8                HAL_UART_MspInit
 .text.Reset_Handler
                0x08001490       0x48 ./Core/Startup/startup_stm32f103c8tx.o
                0x08001490                Reset_Handler
 .text.Default_Handler
                0x080014d8        0x2 ./Core/Startup/startup_stm32f103c8tx.o
                0x080014d8                RTC_Alarm_IRQHandler
                0x080014d8                EXTI2_IRQHandler
                0x080014d8                TIM1_CC_IRQHandler
                0x080014d8                PVD_IRQHandler
                0x080014d8                EXTI3_IRQHandler
                0x080014d8                EXTI0_IRQHandler
                0x080014d8                I2C2_EV_IRQHandler
                0x080014d8                ADC1_2_IRQHandler
                0x080014d8                SPI1_IRQHandler
                0x080014d8                TAMPER_IRQHandler
                0x080014d8                DMA1_Channel4_IRQHandler
                0x080014d8                USART3_IRQHandler
                0x080014d8                RTC_IRQHandler
                0x080014d8                DMA1_Channel7_IRQHandler
                0x080014d8                CAN1_RX1_IRQHandler
                0x080014d8                TIM4_IRQHandler
                0x080014d8                I2C1_EV_IRQHandler
                0x080014d8                DMA1_Channel6_IRQHandler
                0x080014d8                TIM3_IRQHandler
                0x080014d8                RCC_IRQHandler
                0x080014d8                TIM1_TRG_COM_IRQHandler
                0x080014d8                DMA1_Channel1_IRQHandler
                0x080014d8                Default_Handler
                0x080014d8                EXTI15_10_IRQHandler
                0x080014d8                EXTI9_5_IRQHandler
                0x080014d8                SPI2_IRQHandler
                0x080014d8                DMA1_Channel5_IRQHandler
                0x080014d8                EXTI4_IRQHandler
                0x080014d8                USB_LP_CAN1_RX0_IRQHandler
                0x080014d8                USB_HP_CAN1_TX_IRQHandler
                0x080014d8                DMA1_Channel3_IRQHandler
                0x080014d8                TIM1_UP_IRQHandler
                0x080014d8                WWDG_IRQHandler
                0x080014d8                TIM1_BRK_IRQHandler
                0x080014d8                EXTI1_IRQHandler
                0x080014d8                USART2_IRQHandler
                0x080014d8                I2C2_ER_IRQHandler
                0x080014d8                DMA1_Channel2_IRQHandler
                0x080014d8                CAN1_SCE_IRQHandler
                0x080014d8                FLASH_IRQHandler
                0x080014d8                USART1_IRQHandler
                0x080014d8                I2C1_ER_IRQHandler
                0x080014d8                USBWakeUp_IRQHandler
 *fill*         0x080014da        0x2 
 .text.HAL_Init
                0x080014dc       0x2c ./Drivers/STM32F1xx_HAL_Driver/stm32f1xx_hal.o
                0x080014dc                HAL_Init
 .text.HAL_InitTick
                0x08001508       0x60 ./Drivers/STM32F1xx_HAL_Driver/stm32f1xx_hal.o
                0x08001508                HAL_InitTick
 .text.HAL_IncTick
                0x08001568       0x24 ./Drivers/STM32F1xx_HAL_Driver/stm32f1xx_hal.o
                0x08001568                HAL_IncTick
 .text.HAL_GetTick
                0x0800158c       0x14 ./Drivers/STM32F1xx_HAL_Driver/stm32f1xx_hal.o
                0x0800158c                HAL_GetTick
 .text.HAL_Delay
                0x080015a0       0x48 ./Drivers/STM32F1xx_HAL_Driver/stm32f1xx_hal.o
                0x080015a0                HAL_Delay
 .text.HAL_ADC_Init
                0x080015e8      0x1b0 ./Drivers/STM32F1xx_HAL_Driver/stm32f1xx_hal_adc.o
                0x080015e8                HAL_ADC_Init
 .text.HAL_ADC_Start
                0x08001798      0x15c ./Drivers/STM32F1xx_HAL_Driver/stm32f1xx_hal_adc.o
                0x08001798                HAL_ADC_Start
 .text.HAL_ADC_ConfigChannel
                0x080018f4      0x1f0 ./Drivers/STM32F1xx_HAL_Driver/stm32f1xx_hal_adc.o
                0x080018f4                HAL_ADC_ConfigChannel
 .text.ADC_Enable
                0x08001ae4       0xb4 ./Drivers/STM32F1xx_HAL_Driver/stm32f1xx_hal_adc.o
                0x08001ae4                ADC_Enable
 .text.ADC_ConversionStop_Disable
                0x08001b98       0x82 ./Drivers/STM32F1xx_HAL_Driver/stm32f1xx_hal_adc.o
                0x08001b98                ADC_ConversionStop_Disable
 *fill*         0x08001c1a        0x2 
 .text.__NVIC_SetPriorityGrouping
                0x08001c1c       0x48 ./Drivers/STM32F1xx_HAL_Driver/stm32f1xx_hal_cortex.o
 .text.__NVIC_GetPriorityGrouping
                0x08001c64       0x1c ./Drivers/STM32F1xx_HAL_Driver/stm32f1xx_hal_cortex.o
 .text.__NVIC_EnableIRQ
                0x08001c80       0x38 ./Drivers/STM32F1xx_HAL_Driver/stm32f1xx_hal_cortex.o
 .text.__NVIC_SetPriority
                0x08001cb8       0x54 ./Drivers/STM32F1xx_HAL_Driver/stm32f1xx_hal_cortex.o
 .text.NVIC_EncodePriority
                0x08001d0c       0x64 ./Drivers/STM32F1xx_HAL_Driver/stm32f1xx_hal_cortex.o
 .text.SysTick_Config
                0x08001d70       0x44 ./Drivers/STM32F1xx_HAL_Driver/stm32f1xx_hal_cortex.o
 .text.HAL_NVIC_SetPriorityGrouping
                0x08001db4       0x16 ./Drivers/STM32F1xx_HAL_Driver/stm32f1xx_hal_cortex.o
                0x08001db4                HAL_NVIC_SetPriorityGrouping
 .text.HAL_NVIC_SetPriority
                0x08001dca       0x38 ./Drivers/STM32F1xx_HAL_Driver/stm32f1xx_hal_cortex.o
                0x08001dca                HAL_NVIC_SetPriority
 .text.HAL_NVIC_EnableIRQ
                0x08001e02       0x1c ./Drivers/STM32F1xx_HAL_Driver/stm32f1xx_hal_cortex.o
                0x08001e02                HAL_NVIC_EnableIRQ
 .text.HAL_SYSTICK_Config
                0x08001e1e       0x18 ./Drivers/STM32F1xx_HAL_Driver/stm32f1xx_hal_cortex.o
                0x08001e1e                HAL_SYSTICK_Config
 *fill*         0x08001e36        0x2 
 .text.HAL_GPIO_Init
                0x08001e38      0x308 ./Drivers/STM32F1xx_HAL_Driver/stm32f1xx_hal_gpio.o
                0x08001e38                HAL_GPIO_Init
 .text.HAL_GPIO_ReadPin
                0x08002140       0x2e ./Drivers/STM32F1xx_HAL_Driver/stm32f1xx_hal_gpio.o
                0x08002140                HAL_GPIO_ReadPin
 .text.HAL_GPIO_WritePin
                0x0800216e       0x30 ./Drivers/STM32F1xx_HAL_Driver/stm32f1xx_hal_gpio.o
                0x0800216e                HAL_GPIO_WritePin
 .text.HAL_GPIO_TogglePin
                0x0800219e       0x32 ./Drivers/STM32F1xx_HAL_Driver/stm32f1xx_hal_gpio.o
                0x0800219e                HAL_GPIO_TogglePin
 .text.HAL_RCC_OscConfig
                0x080021d0      0x504 ./Drivers/STM32F1xx_HAL_Driver/stm32f1xx_hal_rcc.o
                0x080021d0                HAL_RCC_OscConfig
 .text.HAL_RCC_ClockConfig
                0x080026d4      0x1d4 ./Drivers/STM32F1xx_HAL_Driver/stm32f1xx_hal_rcc.o
                0x080026d4                HAL_RCC_ClockConfig
 .text.HAL_RCC_GetSysClockFreq
                0x080028a8       0xa8 ./Drivers/STM32F1xx_HAL_Driver/stm32f1xx_hal_rcc.o
                0x080028a8                HAL_RCC_GetSysClockFreq
 .text.HAL_RCC_GetHCLKFreq
                0x08002950       0x14 ./Drivers/STM32F1xx_HAL_Driver/stm32f1xx_hal_rcc.o
                0x08002950                HAL_RCC_GetHCLKFreq
 .text.HAL_RCC_GetPCLK1Freq
                0x08002964       0x28 ./Drivers/STM32F1xx_HAL_Driver/stm32f1xx_hal_rcc.o
                0x08002964                HAL_RCC_GetPCLK1Freq
 .text.HAL_RCC_GetPCLK2Freq
                0x0800298c       0x28 ./Drivers/STM32F1xx_HAL_Driver/stm32f1xx_hal_rcc.o
                0x0800298c                HAL_RCC_GetPCLK2Freq
 .text.RCC_Delay
                0x080029b4       0x3c ./Drivers/STM32F1xx_HAL_Driver/stm32f1xx_hal_rcc.o
 .text.HAL_RCCEx_PeriphCLKConfig
                0x080029f0      0x16c ./Drivers/STM32F1xx_HAL_Driver/stm32f1xx_hal_rcc_ex.o
                0x080029f0                HAL_RCCEx_PeriphCLKConfig
 .text.HAL_TIM_Base_Init
                0x08002b5c       0x9e ./Drivers/STM32F1xx_HAL_Driver/stm32f1xx_hal_tim.o
                0x08002b5c                HAL_TIM_Base_Init
 *fill*         0x08002bfa        0x2 
 .text.HAL_TIM_Base_Start_IT
                0x08002bfc       0xa4 ./Drivers/STM32F1xx_HAL_Driver/stm32f1xx_hal_tim.o
                0x08002bfc                HAL_TIM_Base_Start_IT
 .text.HAL_TIM_Base_Stop_IT
                0x08002ca0       0x5c ./Drivers/STM32F1xx_HAL_Driver/stm32f1xx_hal_tim.o
                0x08002ca0                HAL_TIM_Base_Stop_IT
 .text.HAL_TIM_IRQHandler
                0x08002cfc      0x1e0 ./Drivers/STM32F1xx_HAL_Driver/stm32f1xx_hal_tim.o
                0x08002cfc                HAL_TIM_IRQHandler
 .text.HAL_TIM_ConfigClockSource
                0x08002edc      0x18e ./Drivers/STM32F1xx_HAL_Driver/stm32f1xx_hal_tim.o
                0x08002edc                HAL_TIM_ConfigClockSource
 .text.HAL_TIM_OC_DelayElapsedCallback
                0x0800306a       0x12 ./Drivers/STM32F1xx_HAL_Driver/stm32f1xx_hal_tim.o
                0x0800306a                HAL_TIM_OC_DelayElapsedCallback
 .text.HAL_TIM_IC_CaptureCallback
                0x0800307c       0x12 ./Drivers/STM32F1xx_HAL_Driver/stm32f1xx_hal_tim.o
                0x0800307c                HAL_TIM_IC_CaptureCallback
 .text.HAL_TIM_PWM_PulseFinishedCallback
                0x0800308e       0x12 ./Drivers/STM32F1xx_HAL_Driver/stm32f1xx_hal_tim.o
                0x0800308e                HAL_TIM_PWM_PulseFinishedCallback
 .text.HAL_TIM_TriggerCallback
                0x080030a0       0x12 ./Drivers/STM32F1xx_HAL_Driver/stm32f1xx_hal_tim.o
                0x080030a0                HAL_TIM_TriggerCallback
 *fill*         0x080030b2        0x2 
 .text.TIM_Base_SetConfig
                0x080030b4       0xdc ./Drivers/STM32F1xx_HAL_Driver/stm32f1xx_hal_tim.o
                0x080030b4                TIM_Base_SetConfig
 .text.TIM_TI1_ConfigInputStage
                0x08003190       0x5c ./Drivers/STM32F1xx_HAL_Driver/stm32f1xx_hal_tim.o
 .text.TIM_TI2_ConfigInputStage
                0x080031ec       0x5e ./Drivers/STM32F1xx_HAL_Driver/stm32f1xx_hal_tim.o
 .text.TIM_ITRx_SetConfig
                0x0800324a       0x34 ./Drivers/STM32F1xx_HAL_Driver/stm32f1xx_hal_tim.o
 .text.TIM_ETR_SetConfig
                0x0800327e       0x3e ./Drivers/STM32F1xx_HAL_Driver/stm32f1xx_hal_tim.o
                0x0800327e                TIM_ETR_SetConfig
 .text.HAL_TIMEx_MasterConfigSynchronization
                0x080032bc       0xbc ./Drivers/STM32F1xx_HAL_Driver/stm32f1xx_hal_tim_ex.o
                0x080032bc                HAL_TIMEx_MasterConfigSynchronization
 .text.HAL_TIMEx_CommutCallback
                0x08003378       0x12 ./Drivers/STM32F1xx_HAL_Driver/stm32f1xx_hal_tim_ex.o
                0x08003378                HAL_TIMEx_CommutCallback
 .text.HAL_TIMEx_BreakCallback
                0x0800338a       0x12 ./Drivers/STM32F1xx_HAL_Driver/stm32f1xx_hal_tim_ex.o
                0x0800338a                HAL_TIMEx_BreakCallback
 .text.HAL_UART_Init
                0x0800339c       0xa0 ./Drivers/STM32F1xx_HAL_Driver/stm32f1xx_hal_uart.o
                0x0800339c                HAL_UART_Init
 .text.UART_SetConfig
                0x0800343c      0x11c ./Drivers/STM32F1xx_HAL_Driver/stm32f1xx_hal_uart.o
 .text.sprintf  0x08003558       0x44 F:/Program Files/STM32CubeIDE_1.18.0/STM32CubeIDE/plugins/com.st.stm32cube.ide.mcu.externaltools.gnu-tools-for-stm32.13.3.rel1.win32_1.0.0.202411081344/tools/bin/../lib/gcc/arm-none-eabi/13.3.1/../../../../arm-none-eabi/lib/thumb/v7-m/nofp\libc_nano.a(libc_a-sprintf.o)
                0x08003558                siprintf
                0x08003558                sprintf
 .text.memset   0x0800359c       0x10 F:/Program Files/STM32CubeIDE_1.18.0/STM32CubeIDE/plugins/com.st.stm32cube.ide.mcu.externaltools.gnu-tools-for-stm32.13.3.rel1.win32_1.0.0.202411081344/tools/bin/../lib/gcc/arm-none-eabi/13.3.1/../../../../arm-none-eabi/lib/thumb/v7-m/nofp\libc_nano.a(libc_a-memset.o)
                0x0800359c                memset
 .text.__errno  0x080035ac        0xc F:/Program Files/STM32CubeIDE_1.18.0/STM32CubeIDE/plugins/com.st.stm32cube.ide.mcu.externaltools.gnu-tools-for-stm32.13.3.rel1.win32_1.0.0.202411081344/tools/bin/../lib/gcc/arm-none-eabi/13.3.1/../../../../arm-none-eabi/lib/thumb/v7-m/nofp\libc_nano.a(libc_a-errno.o)
                0x080035ac                __errno
 .text.__libc_init_array
                0x080035b8       0x48 F:/Program Files/STM32CubeIDE_1.18.0/STM32CubeIDE/plugins/com.st.stm32cube.ide.mcu.externaltools.gnu-tools-for-stm32.13.3.rel1.win32_1.0.0.202411081344/tools/bin/../lib/gcc/arm-none-eabi/13.3.1/../../../../arm-none-eabi/lib/thumb/v7-m/nofp\libc_nano.a(libc_a-init.o)
                0x080035b8                __libc_init_array
 .text.__retarget_lock_acquire_recursive
                0x08003600        0x2 F:/Program Files/STM32CubeIDE_1.18.0/STM32CubeIDE/plugins/com.st.stm32cube.ide.mcu.externaltools.gnu-tools-for-stm32.13.3.rel1.win32_1.0.0.202411081344/tools/bin/../lib/gcc/arm-none-eabi/13.3.1/../../../../arm-none-eabi/lib/thumb/v7-m/nofp\libc_nano.a(libc_a-lock.o)
                0x08003600                __retarget_lock_acquire_recursive
 .text.__retarget_lock_release_recursive
                0x08003602        0x2 F:/Program Files/STM32CubeIDE_1.18.0/STM32CubeIDE/plugins/com.st.stm32cube.ide.mcu.externaltools.gnu-tools-for-stm32.13.3.rel1.win32_1.0.0.202411081344/tools/bin/../lib/gcc/arm-none-eabi/13.3.1/../../../../arm-none-eabi/lib/thumb/v7-m/nofp\libc_nano.a(libc_a-lock.o)
                0x08003602                __retarget_lock_release_recursive
 .text._free_r  0x08003604       0x90 F:/Program Files/STM32CubeIDE_1.18.0/STM32CubeIDE/plugins/com.st.stm32cube.ide.mcu.externaltools.gnu-tools-for-stm32.13.3.rel1.win32_1.0.0.202411081344/tools/bin/../lib/gcc/arm-none-eabi/13.3.1/../../../../arm-none-eabi/lib/thumb/v7-m/nofp\libc_nano.a(libc_a-freer.o)
                0x08003604                _free_r
 .text.sbrk_aligned
                0x08003694       0x44 F:/Program Files/STM32CubeIDE_1.18.0/STM32CubeIDE/plugins/com.st.stm32cube.ide.mcu.externaltools.gnu-tools-for-stm32.13.3.rel1.win32_1.0.0.202411081344/tools/bin/../lib/gcc/arm-none-eabi/13.3.1/../../../../arm-none-eabi/lib/thumb/v7-m/nofp\libc_nano.a(libc_a-mallocr.o)
 .text._malloc_r
                0x080036d8      0x100 F:/Program Files/STM32CubeIDE_1.18.0/STM32CubeIDE/plugins/com.st.stm32cube.ide.mcu.externaltools.gnu-tools-for-stm32.13.3.rel1.win32_1.0.0.202411081344/tools/bin/../lib/gcc/arm-none-eabi/13.3.1/../../../../arm-none-eabi/lib/thumb/v7-m/nofp\libc_nano.a(libc_a-mallocr.o)
                0x080036d8                _malloc_r
 .text.__malloc_lock
                0x080037d8        0xc F:/Program Files/STM32CubeIDE_1.18.0/STM32CubeIDE/plugins/com.st.stm32cube.ide.mcu.externaltools.gnu-tools-for-stm32.13.3.rel1.win32_1.0.0.202411081344/tools/bin/../lib/gcc/arm-none-eabi/13.3.1/../../../../arm-none-eabi/lib/thumb/v7-m/nofp\libc_nano.a(libc_a-mlock.o)
                0x080037d8                __malloc_lock
 .text.__malloc_unlock
                0x080037e4        0xc F:/Program Files/STM32CubeIDE_1.18.0/STM32CubeIDE/plugins/com.st.stm32cube.ide.mcu.externaltools.gnu-tools-for-stm32.13.3.rel1.win32_1.0.0.202411081344/tools/bin/../lib/gcc/arm-none-eabi/13.3.1/../../../../arm-none-eabi/lib/thumb/v7-m/nofp\libc_nano.a(libc_a-mlock.o)
                0x080037e4                __malloc_unlock
 .text.__ssputs_r
                0x080037f0       0xb6 F:/Program Files/STM32CubeIDE_1.18.0/STM32CubeIDE/plugins/com.st.stm32cube.ide.mcu.externaltools.gnu-tools-for-stm32.13.3.rel1.win32_1.0.0.202411081344/tools/bin/../lib/gcc/arm-none-eabi/13.3.1/../../../../arm-none-eabi/lib/thumb/v7-m/nofp\libc_nano.a(libc_a-nano-svfprintf.o)
                0x080037f0                __ssputs_r
 *fill*         0x080038a6        0x2 
 .text._svfprintf_r
                0x080038a8      0x1f8 F:/Program Files/STM32CubeIDE_1.18.0/STM32CubeIDE/plugins/com.st.stm32cube.ide.mcu.externaltools.gnu-tools-for-stm32.13.3.rel1.win32_1.0.0.202411081344/tools/bin/../lib/gcc/arm-none-eabi/13.3.1/../../../../arm-none-eabi/lib/thumb/v7-m/nofp\libc_nano.a(libc_a-nano-svfprintf.o)
                0x080038a8                _svfiprintf_r
                0x080038a8                _svfprintf_r
 .text._printf_common
                0x08003aa0       0xe4 F:/Program Files/STM32CubeIDE_1.18.0/STM32CubeIDE/plugins/com.st.stm32cube.ide.mcu.externaltools.gnu-tools-for-stm32.13.3.rel1.win32_1.0.0.202411081344/tools/bin/../lib/gcc/arm-none-eabi/13.3.1/../../../../arm-none-eabi/lib/thumb/v7-m/nofp\libc_nano.a(libc_a-nano-vfprintf_i.o)
                0x08003aa0                _printf_common
 .text._printf_i
                0x08003b84      0x23c F:/Program Files/STM32CubeIDE_1.18.0/STM32CubeIDE/plugins/com.st.stm32cube.ide.mcu.externaltools.gnu-tools-for-stm32.13.3.rel1.win32_1.0.0.202411081344/tools/bin/../lib/gcc/arm-none-eabi/13.3.1/../../../../arm-none-eabi/lib/thumb/v7-m/nofp\libc_nano.a(libc_a-nano-vfprintf_i.o)
                0x08003b84                _printf_i
 .text.memmove  0x08003dc0       0x34 F:/Program Files/STM32CubeIDE_1.18.0/STM32CubeIDE/plugins/com.st.stm32cube.ide.mcu.externaltools.gnu-tools-for-stm32.13.3.rel1.win32_1.0.0.202411081344/tools/bin/../lib/gcc/arm-none-eabi/13.3.1/../../../../arm-none-eabi/lib/thumb/v7-m/nofp\libc_nano.a(libc_a-memmove.o)
                0x08003dc0                memmove
 .text._sbrk_r  0x08003df4       0x20 F:/Program Files/STM32CubeIDE_1.18.0/STM32CubeIDE/plugins/com.st.stm32cube.ide.mcu.externaltools.gnu-tools-for-stm32.13.3.rel1.win32_1.0.0.202411081344/tools/bin/../lib/gcc/arm-none-eabi/13.3.1/../../../../arm-none-eabi/lib/thumb/v7-m/nofp\libc_nano.a(libc_a-sbrkr.o)
                0x08003df4                _sbrk_r
 .text.memchr   0x08003e14       0x1c F:/Program Files/STM32CubeIDE_1.18.0/STM32CubeIDE/plugins/com.st.stm32cube.ide.mcu.externaltools.gnu-tools-for-stm32.13.3.rel1.win32_1.0.0.202411081344/tools/bin/../lib/gcc/arm-none-eabi/13.3.1/../../../../arm-none-eabi/lib/thumb/v7-m/nofp\libc_nano.a(libc_a-memchr-stub.o)
                0x08003e14                memchr
 .text.memcpy   0x08003e30       0x1c F:/Program Files/STM32CubeIDE_1.18.0/STM32CubeIDE/plugins/com.st.stm32cube.ide.mcu.externaltools.gnu-tools-for-stm32.13.3.rel1.win32_1.0.0.202411081344/tools/bin/../lib/gcc/arm-none-eabi/13.3.1/../../../../arm-none-eabi/lib/thumb/v7-m/nofp\libc_nano.a(libc_a-memcpy-stub.o)
                0x08003e30                memcpy
 .text._realloc_r
                0x08003e4c       0x5c F:/Program Files/STM32CubeIDE_1.18.0/STM32CubeIDE/plugins/com.st.stm32cube.ide.mcu.externaltools.gnu-tools-for-stm32.13.3.rel1.win32_1.0.0.202411081344/tools/bin/../lib/gcc/arm-none-eabi/13.3.1/../../../../arm-none-eabi/lib/thumb/v7-m/nofp\libc_nano.a(libc_a-reallocr.o)
                0x08003e4c                _realloc_r
 .text._malloc_usable_size_r
                0x08003ea8       0x10 F:/Program Files/STM32CubeIDE_1.18.0/STM32CubeIDE/plugins/com.st.stm32cube.ide.mcu.externaltools.gnu-tools-for-stm32.13.3.rel1.win32_1.0.0.202411081344/tools/bin/../lib/gcc/arm-none-eabi/13.3.1/../../../../arm-none-eabi/lib/thumb/v7-m/nofp\libc_nano.a(libc_a-msizer.o)
                0x08003ea8                _malloc_usable_size_r
 *(.glue_7)
 .glue_7        0x08003eb8        0x0 linker stubs
 *(.glue_7t)
 .glue_7t       0x08003eb8        0x0 linker stubs
 *(.eh_frame)
 .eh_frame      0x08003eb8        0x0 F:/Program Files/STM32CubeIDE_1.18.0/STM32CubeIDE/plugins/com.st.stm32cube.ide.mcu.externaltools.gnu-tools-for-stm32.13.3.rel1.win32_1.0.0.202411081344/tools/bin/../lib/gcc/arm-none-eabi/13.3.1/thumb/v7-m/nofp/crtbegin.o
 *(.init)
 .init          0x08003eb8        0x4 F:/Program Files/STM32CubeIDE_1.18.0/STM32CubeIDE/plugins/com.st.stm32cube.ide.mcu.externaltools.gnu-tools-for-stm32.13.3.rel1.win32_1.0.0.202411081344/tools/bin/../lib/gcc/arm-none-eabi/13.3.1/thumb/v7-m/nofp/crti.o
                0x08003eb8                _init
 .init          0x08003ebc        0x8 F:/Program Files/STM32CubeIDE_1.18.0/STM32CubeIDE/plugins/com.st.stm32cube.ide.mcu.externaltools.gnu-tools-for-stm32.13.3.rel1.win32_1.0.0.202411081344/tools/bin/../lib/gcc/arm-none-eabi/13.3.1/thumb/v7-m/nofp/crtn.o
 *(.fini)
 .fini          0x08003ec4        0x4 F:/Program Files/STM32CubeIDE_1.18.0/STM32CubeIDE/plugins/com.st.stm32cube.ide.mcu.externaltools.gnu-tools-for-stm32.13.3.rel1.win32_1.0.0.202411081344/tools/bin/../lib/gcc/arm-none-eabi/13.3.1/thumb/v7-m/nofp/crti.o
                0x08003ec4                _fini
 .fini          0x08003ec8        0x8 F:/Program Files/STM32CubeIDE_1.18.0/STM32CubeIDE/plugins/com.st.stm32cube.ide.mcu.externaltools.gnu-tools-for-stm32.13.3.rel1.win32_1.0.0.202411081344/tools/bin/../lib/gcc/arm-none-eabi/13.3.1/thumb/v7-m/nofp/crtn.o
                0x08003ed0                        . = ALIGN (0x4)
                0x08003ed0                        _etext = .

.vfp11_veneer   0x08003ed0        0x0
 .vfp11_veneer  0x08003ed0        0x0 linker stubs

.v4_bx          0x08003ed0        0x0
 .v4_bx         0x08003ed0        0x0 linker stubs

.iplt           0x08003ed0        0x0
 .iplt          0x08003ed0        0x0 F:/Program Files/STM32CubeIDE_1.18.0/STM32CubeIDE/plugins/com.st.stm32cube.ide.mcu.externaltools.gnu-tools-for-stm32.13.3.rel1.win32_1.0.0.202411081344/tools/bin/../lib/gcc/arm-none-eabi/13.3.1/thumb/v7-m/nofp/crtbegin.o

.rodata         0x08003ed0       0x9c
                0x08003ed0                        . = ALIGN (0x4)
 *(.rodata)
 .rodata        0x08003ed0       0x31 ./Core/Src/main.o
 *fill*         0x08003f01        0x3 
 .rodata        0x08003f04        0x5 ./Core/Src/motor_control.o
 *(.rodata*)
 *fill*         0x08003f09        0x3 
 .rodata.AHBPrescTable
                0x08003f0c       0x10 ./Core/Src/system_stm32f1xx.o
                0x08003f0c                AHBPrescTable
 .rodata.APBPrescTable
                0x08003f1c        0x8 ./Core/Src/system_stm32f1xx.o
                0x08003f1c                APBPrescTable
 .rodata.aPLLMULFactorTable.1
                0x08003f24       0x10 ./Drivers/STM32F1xx_HAL_Driver/stm32f1xx_hal_rcc.o
 .rodata.aPredivFactorTable.0
                0x08003f34        0x2 ./Drivers/STM32F1xx_HAL_Driver/stm32f1xx_hal_rcc.o
 .rodata._svfprintf_r.str1.1
                0x08003f36       0x33 F:/Program Files/STM32CubeIDE_1.18.0/STM32CubeIDE/plugins/com.st.stm32cube.ide.mcu.externaltools.gnu-tools-for-stm32.13.3.rel1.win32_1.0.0.202411081344/tools/bin/../lib/gcc/arm-none-eabi/13.3.1/../../../../arm-none-eabi/lib/thumb/v7-m/nofp\libc_nano.a(libc_a-nano-svfprintf.o)
                                 0x11 (size before relaxing)
 .rodata._printf_i.str1.1
                0x08003f69       0x22 F:/Program Files/STM32CubeIDE_1.18.0/STM32CubeIDE/plugins/com.st.stm32cube.ide.mcu.externaltools.gnu-tools-for-stm32.13.3.rel1.win32_1.0.0.202411081344/tools/bin/../lib/gcc/arm-none-eabi/13.3.1/../../../../arm-none-eabi/lib/thumb/v7-m/nofp\libc_nano.a(libc_a-nano-vfprintf_i.o)
                0x08003f8c                        . = ALIGN (0x4)
 *fill*         0x08003f69        0x3 

.ARM.extab      0x08003f6c        0x0
                0x08003f6c                        . = ALIGN (0x4)
 *(.ARM.extab* .gnu.linkonce.armextab.*)
                0x08003f6c                        . = ALIGN (0x4)

.ARM            0x08003f6c        0x0
                0x08003f6c                        . = ALIGN (0x4)
                0x08003f6c                        __exidx_start = .
 *(.ARM.exidx*)
                0x08003f6c                        __exidx_end = .
                0x08003f6c                        . = ALIGN (0x4)

.preinit_array  0x08003f6c        0x0
                0x08003f6c                        . = ALIGN (0x4)
                0x08003f6c                        PROVIDE (__preinit_array_start = .)
 *(.preinit_array*)
                0x08003f6c                        PROVIDE (__preinit_array_end = .)
                0x08003f6c                        . = ALIGN (0x4)

.init_array     0x08003f6c        0x4
                0x08003f6c                        . = ALIGN (0x4)
                0x08003f6c                        PROVIDE (__init_array_start = .)
 *(SORT_BY_NAME(.init_array.*))
 *(.init_array*)
 .init_array    0x08003f6c        0x4 F:/Program Files/STM32CubeIDE_1.18.0/STM32CubeIDE/plugins/com.st.stm32cube.ide.mcu.externaltools.gnu-tools-for-stm32.13.3.rel1.win32_1.0.0.202411081344/tools/bin/../lib/gcc/arm-none-eabi/13.3.1/thumb/v7-m/nofp/crtbegin.o
                0x08003f70                        PROVIDE (__init_array_end = .)
                0x08003f70                        . = ALIGN (0x4)

.fini_array     0x08003f70        0x4
                0x08003f70                        . = ALIGN (0x4)
                [!provide]                        PROVIDE (__fini_array_start = .)
 *(SORT_BY_NAME(.fini_array.*))
 *(.fini_array*)
 .fini_array    0x08003f70        0x4 F:/Program Files/STM32CubeIDE_1.18.0/STM32CubeIDE/plugins/com.st.stm32cube.ide.mcu.externaltools.gnu-tools-for-stm32.13.3.rel1.win32_1.0.0.202411081344/tools/bin/../lib/gcc/arm-none-eabi/13.3.1/thumb/v7-m/nofp/crtbegin.o
                [!provide]                        PROVIDE (__fini_array_end = .)
                0x08003f74                        . = ALIGN (0x4)
                0x08003f74                        _sidata = LOADADDR (.data)

.rel.dyn        0x08003f74        0x0
 .rel.iplt      0x08003f74        0x0 F:/Program Files/STM32CubeIDE_1.18.0/STM32CubeIDE/plugins/com.st.stm32cube.ide.mcu.externaltools.gnu-tools-for-stm32.13.3.rel1.win32_1.0.0.202411081344/tools/bin/../lib/gcc/arm-none-eabi/13.3.1/thumb/v7-m/nofp/crtbegin.o

.data           0x20000000       0x5c load address 0x08003f74
                0x20000000                        . = ALIGN (0x4)
                0x20000000                        _sdata = .
 *(.data)
 *(.data*)
 .data.SystemCoreClock
                0x20000000        0x4 ./Core/Src/system_stm32f1xx.o
                0x20000000                SystemCoreClock
 .data.uwTickPrio
                0x20000004        0x4 ./Drivers/STM32F1xx_HAL_Driver/stm32f1xx_hal.o
                0x20000004                uwTickPrio
 .data.uwTickFreq
                0x20000008        0x1 ./Drivers/STM32F1xx_HAL_Driver/stm32f1xx_hal.o
                0x20000008                uwTickFreq
 *fill*         0x20000009        0x3 
 .data._impure_ptr
                0x2000000c        0x4 F:/Program Files/STM32CubeIDE_1.18.0/STM32CubeIDE/plugins/com.st.stm32cube.ide.mcu.externaltools.gnu-tools-for-stm32.13.3.rel1.win32_1.0.0.202411081344/tools/bin/../lib/gcc/arm-none-eabi/13.3.1/../../../../arm-none-eabi/lib/thumb/v7-m/nofp\libc_nano.a(libc_a-impure.o)
                0x2000000c                _impure_ptr
 .data._impure_data
                0x20000010       0x4c F:/Program Files/STM32CubeIDE_1.18.0/STM32CubeIDE/plugins/com.st.stm32cube.ide.mcu.externaltools.gnu-tools-for-stm32.13.3.rel1.win32_1.0.0.202411081344/tools/bin/../lib/gcc/arm-none-eabi/13.3.1/../../../../arm-none-eabi/lib/thumb/v7-m/nofp\libc_nano.a(libc_a-impure.o)
                0x20000010                _impure_data
 *(.RamFunc)
 *(.RamFunc*)
                0x2000005c                        . = ALIGN (0x4)
                0x2000005c                        _edata = .

.igot.plt       0x2000005c        0x0 load address 0x08003fd0
 .igot.plt      0x2000005c        0x0 F:/Program Files/STM32CubeIDE_1.18.0/STM32CubeIDE/plugins/com.st.stm32cube.ide.mcu.externaltools.gnu-tools-for-stm32.13.3.rel1.win32_1.0.0.202411081344/tools/bin/../lib/gcc/arm-none-eabi/13.3.1/thumb/v7-m/nofp/crtbegin.o
                0x2000005c                        . = ALIGN (0x4)

.bss            0x2000005c      0x2a4 load address 0x08003fd0
                0x2000005c                        _sbss = .
                0x2000005c                        __bss_start__ = _sbss
 *(.bss)
 .bss           0x2000005c       0x1c F:/Program Files/STM32CubeIDE_1.18.0/STM32CubeIDE/plugins/com.st.stm32cube.ide.mcu.externaltools.gnu-tools-for-stm32.13.3.rel1.win32_1.0.0.202411081344/tools/bin/../lib/gcc/arm-none-eabi/13.3.1/thumb/v7-m/nofp/crtbegin.o
 *(.bss*)
 .bss.hadc1     0x20000078       0x30 ./Core/Src/adc.o
                0x20000078                hadc1
 .bss.adcValues
                0x200000a8       0x10 ./Core/Src/main.o
                0x200000a8                adcValues
 .bss.stepCount
                0x200000b8        0x4 ./Core/Src/motor_control.o
                0x200000b8                stepCount
 .bss.motorEnable
                0x200000bc        0x1 ./Core/Src/motor_control.o
                0x200000bc                motorEnable
 *fill*         0x200000bd        0x3 
 .bss.adcValue  0x200000c0        0x4 ./Core/Src/motor_control.o
                0x200000c0                adcValue
 .bss.lcd0      0x200000c4       0x14 ./Core/Src/motor_control.o
                0x200000c4                lcd0
 .bss.__sbrk_heap_end
                0x200000d8        0x4 ./Core/Src/sysmem.o
 .bss.htim1     0x200000dc       0x48 ./Core/Src/tim.o
                0x200000dc                htim1
 .bss.htim2     0x20000124       0x48 ./Core/Src/tim.o
                0x20000124                htim2
 .bss.huart1    0x2000016c       0x48 ./Core/Src/usart.o
                0x2000016c                huart1
 .bss.uwTick    0x200001b4        0x4 ./Drivers/STM32F1xx_HAL_Driver/stm32f1xx_hal.o
                0x200001b4                uwTick
 .bss.__sf      0x200001b8      0x138 F:/Program Files/STM32CubeIDE_1.18.0/STM32CubeIDE/plugins/com.st.stm32cube.ide.mcu.externaltools.gnu-tools-for-stm32.13.3.rel1.win32_1.0.0.202411081344/tools/bin/../lib/gcc/arm-none-eabi/13.3.1/../../../../arm-none-eabi/lib/thumb/v7-m/nofp\libc_nano.a(libc_a-findfp.o)
                0x200001b8                __sf
 .bss.errno     0x200002f0        0x4 F:/Program Files/STM32CubeIDE_1.18.0/STM32CubeIDE/plugins/com.st.stm32cube.ide.mcu.externaltools.gnu-tools-for-stm32.13.3.rel1.win32_1.0.0.202411081344/tools/bin/../lib/gcc/arm-none-eabi/13.3.1/../../../../arm-none-eabi/lib/thumb/v7-m/nofp\libc_nano.a(libc_a-reent.o)
                0x200002f0                errno
 .bss.__lock___malloc_recursive_mutex
                0x200002f4        0x1 F:/Program Files/STM32CubeIDE_1.18.0/STM32CubeIDE/plugins/com.st.stm32cube.ide.mcu.externaltools.gnu-tools-for-stm32.13.3.rel1.win32_1.0.0.202411081344/tools/bin/../lib/gcc/arm-none-eabi/13.3.1/../../../../arm-none-eabi/lib/thumb/v7-m/nofp\libc_nano.a(libc_a-lock.o)
                0x200002f4                __lock___malloc_recursive_mutex
 *fill*         0x200002f5        0x3 
 .bss.__malloc_sbrk_start
                0x200002f8        0x4 F:/Program Files/STM32CubeIDE_1.18.0/STM32CubeIDE/plugins/com.st.stm32cube.ide.mcu.externaltools.gnu-tools-for-stm32.13.3.rel1.win32_1.0.0.202411081344/tools/bin/../lib/gcc/arm-none-eabi/13.3.1/../../../../arm-none-eabi/lib/thumb/v7-m/nofp\libc_nano.a(libc_a-mallocr.o)
                0x200002f8                __malloc_sbrk_start
 .bss.__malloc_free_list
                0x200002fc        0x4 F:/Program Files/STM32CubeIDE_1.18.0/STM32CubeIDE/plugins/com.st.stm32cube.ide.mcu.externaltools.gnu-tools-for-stm32.13.3.rel1.win32_1.0.0.202411081344/tools/bin/../lib/gcc/arm-none-eabi/13.3.1/../../../../arm-none-eabi/lib/thumb/v7-m/nofp\libc_nano.a(libc_a-mallocr.o)
                0x200002fc                __malloc_free_list
 *(COMMON)
                0x20000300                        . = ALIGN (0x4)
                0x20000300                        _ebss = .
                0x20000300                        __bss_end__ = _ebss

._user_heap_stack
                0x20000300      0x600 load address 0x08003fd0
                0x20000300                        . = ALIGN (0x8)
                [!provide]                        PROVIDE (end = .)
                0x20000300                        PROVIDE (_end = .)
                0x20000500                        . = (. + _Min_Heap_Size)
 *fill*         0x20000300      0x200 
                0x20000900                        . = (. + _Min_Stack_Size)
 *fill*         0x20000500      0x400 
                0x20000900                        . = ALIGN (0x8)

/DISCARD/
 libc.a(*)
 libm.a(*)
 libgcc.a(*)

.ARM.attributes
                0x00000000       0x29
 *(.ARM.attributes)
 .ARM.attributes
                0x00000000       0x1d F:/Program Files/STM32CubeIDE_1.18.0/STM32CubeIDE/plugins/com.st.stm32cube.ide.mcu.externaltools.gnu-tools-for-stm32.13.3.rel1.win32_1.0.0.202411081344/tools/bin/../lib/gcc/arm-none-eabi/13.3.1/thumb/v7-m/nofp/crti.o
 .ARM.attributes
                0x0000001d       0x2d F:/Program Files/STM32CubeIDE_1.18.0/STM32CubeIDE/plugins/com.st.stm32cube.ide.mcu.externaltools.gnu-tools-for-stm32.13.3.rel1.win32_1.0.0.202411081344/tools/bin/../lib/gcc/arm-none-eabi/13.3.1/thumb/v7-m/nofp/crtbegin.o
 .ARM.attributes
                0x0000004a       0x2d ./Core/Src/adc.o
 .ARM.attributes
                0x00000077       0x2d ./Core/Src/gpio.o
 .ARM.attributes
                0x000000a4       0x2d ./Core/Src/lcd.o
 .ARM.attributes
                0x000000d1       0x2d ./Core/Src/main.o
 .ARM.attributes
                0x000000fe       0x2d ./Core/Src/motor_control.o
 .ARM.attributes
                0x0000012b       0x2d ./Core/Src/stm32f1xx_hal_msp.o
 .ARM.attributes
                0x00000158       0x2d ./Core/Src/stm32f1xx_it.o
 .ARM.attributes
                0x00000185       0x2d ./Core/Src/sysmem.o
 .ARM.attributes
                0x000001b2       0x2d ./Core/Src/system_stm32f1xx.o
 .ARM.attributes
                0x000001df       0x2d ./Core/Src/tim.o
 .ARM.attributes
                0x0000020c       0x2d ./Core/Src/usart.o
 .ARM.attributes
                0x00000239       0x21 ./Core/Startup/startup_stm32f103c8tx.o
 .ARM.attributes
                0x0000025a       0x2d ./Drivers/STM32F1xx_HAL_Driver/stm32f1xx_hal.o
 .ARM.attributes
                0x00000287       0x2d ./Drivers/STM32F1xx_HAL_Driver/stm32f1xx_hal_adc.o
 .ARM.attributes
                0x000002b4       0x2d ./Drivers/STM32F1xx_HAL_Driver/stm32f1xx_hal_cortex.o
 .ARM.attributes
                0x000002e1       0x2d ./Drivers/STM32F1xx_HAL_Driver/stm32f1xx_hal_gpio.o
 .ARM.attributes
                0x0000030e       0x2d ./Drivers/STM32F1xx_HAL_Driver/stm32f1xx_hal_rcc.o
 .ARM.attributes
                0x0000033b       0x2d ./Drivers/STM32F1xx_HAL_Driver/stm32f1xx_hal_rcc_ex.o
 .ARM.attributes
                0x00000368       0x2d ./Drivers/STM32F1xx_HAL_Driver/stm32f1xx_hal_tim.o
 .ARM.attributes
                0x00000395       0x2d ./Drivers/STM32F1xx_HAL_Driver/stm32f1xx_hal_tim_ex.o
 .ARM.attributes
                0x000003c2       0x2d ./Drivers/STM32F1xx_HAL_Driver/stm32f1xx_hal_uart.o
 .ARM.attributes
                0x000003ef       0x2d F:/Program Files/STM32CubeIDE_1.18.0/STM32CubeIDE/plugins/com.st.stm32cube.ide.mcu.externaltools.gnu-tools-for-stm32.13.3.rel1.win32_1.0.0.202411081344/tools/bin/../lib/gcc/arm-none-eabi/13.3.1/../../../../arm-none-eabi/lib/thumb/v7-m/nofp\libc_nano.a(libc_a-findfp.o)
 .ARM.attributes
                0x0000041c       0x2d F:/Program Files/STM32CubeIDE_1.18.0/STM32CubeIDE/plugins/com.st.stm32cube.ide.mcu.externaltools.gnu-tools-for-stm32.13.3.rel1.win32_1.0.0.202411081344/tools/bin/../lib/gcc/arm-none-eabi/13.3.1/../../../../arm-none-eabi/lib/thumb/v7-m/nofp\libc_nano.a(libc_a-sprintf.o)
 .ARM.attributes
                0x00000449       0x2d F:/Program Files/STM32CubeIDE_1.18.0/STM32CubeIDE/plugins/com.st.stm32cube.ide.mcu.externaltools.gnu-tools-for-stm32.13.3.rel1.win32_1.0.0.202411081344/tools/bin/../lib/gcc/arm-none-eabi/13.3.1/../../../../arm-none-eabi/lib/thumb/v7-m/nofp\libc_nano.a(libc_a-memset.o)
 .ARM.attributes
                0x00000476       0x2d F:/Program Files/STM32CubeIDE_1.18.0/STM32CubeIDE/plugins/com.st.stm32cube.ide.mcu.externaltools.gnu-tools-for-stm32.13.3.rel1.win32_1.0.0.202411081344/tools/bin/../lib/gcc/arm-none-eabi/13.3.1/../../../../arm-none-eabi/lib/thumb/v7-m/nofp\libc_nano.a(libc_a-reent.o)
 .ARM.attributes
                0x000004a3       0x2d F:/Program Files/STM32CubeIDE_1.18.0/STM32CubeIDE/plugins/com.st.stm32cube.ide.mcu.externaltools.gnu-tools-for-stm32.13.3.rel1.win32_1.0.0.202411081344/tools/bin/../lib/gcc/arm-none-eabi/13.3.1/../../../../arm-none-eabi/lib/thumb/v7-m/nofp\libc_nano.a(libc_a-impure.o)
 .ARM.attributes
                0x000004d0       0x2d F:/Program Files/STM32CubeIDE_1.18.0/STM32CubeIDE/plugins/com.st.stm32cube.ide.mcu.externaltools.gnu-tools-for-stm32.13.3.rel1.win32_1.0.0.202411081344/tools/bin/../lib/gcc/arm-none-eabi/13.3.1/../../../../arm-none-eabi/lib/thumb/v7-m/nofp\libc_nano.a(libc_a-errno.o)
 .ARM.attributes
                0x000004fd       0x2d F:/Program Files/STM32CubeIDE_1.18.0/STM32CubeIDE/plugins/com.st.stm32cube.ide.mcu.externaltools.gnu-tools-for-stm32.13.3.rel1.win32_1.0.0.202411081344/tools/bin/../lib/gcc/arm-none-eabi/13.3.1/../../../../arm-none-eabi/lib/thumb/v7-m/nofp\libc_nano.a(libc_a-init.o)
 .ARM.attributes
                0x0000052a       0x2d F:/Program Files/STM32CubeIDE_1.18.0/STM32CubeIDE/plugins/com.st.stm32cube.ide.mcu.externaltools.gnu-tools-for-stm32.13.3.rel1.win32_1.0.0.202411081344/tools/bin/../lib/gcc/arm-none-eabi/13.3.1/../../../../arm-none-eabi/lib/thumb/v7-m/nofp\libc_nano.a(libc_a-lock.o)
 .ARM.attributes
                0x00000557       0x2d F:/Program Files/STM32CubeIDE_1.18.0/STM32CubeIDE/plugins/com.st.stm32cube.ide.mcu.externaltools.gnu-tools-for-stm32.13.3.rel1.win32_1.0.0.202411081344/tools/bin/../lib/gcc/arm-none-eabi/13.3.1/../../../../arm-none-eabi/lib/thumb/v7-m/nofp\libc_nano.a(libc_a-freer.o)
 .ARM.attributes
                0x00000584       0x2d F:/Program Files/STM32CubeIDE_1.18.0/STM32CubeIDE/plugins/com.st.stm32cube.ide.mcu.externaltools.gnu-tools-for-stm32.13.3.rel1.win32_1.0.0.202411081344/tools/bin/../lib/gcc/arm-none-eabi/13.3.1/../../../../arm-none-eabi/lib/thumb/v7-m/nofp\libc_nano.a(libc_a-mallocr.o)
 .ARM.attributes
                0x000005b1       0x2d F:/Program Files/STM32CubeIDE_1.18.0/STM32CubeIDE/plugins/com.st.stm32cube.ide.mcu.externaltools.gnu-tools-for-stm32.13.3.rel1.win32_1.0.0.202411081344/tools/bin/../lib/gcc/arm-none-eabi/13.3.1/../../../../arm-none-eabi/lib/thumb/v7-m/nofp\libc_nano.a(libc_a-mlock.o)
 .ARM.attributes
                0x000005de       0x2d F:/Program Files/STM32CubeIDE_1.18.0/STM32CubeIDE/plugins/com.st.stm32cube.ide.mcu.externaltools.gnu-tools-for-stm32.13.3.rel1.win32_1.0.0.202411081344/tools/bin/../lib/gcc/arm-none-eabi/13.3.1/../../../../arm-none-eabi/lib/thumb/v7-m/nofp\libc_nano.a(libc_a-nano-svfprintf.o)
 .ARM.attributes
                0x0000060b       0x2d F:/Program Files/STM32CubeIDE_1.18.0/STM32CubeIDE/plugins/com.st.stm32cube.ide.mcu.externaltools.gnu-tools-for-stm32.13.3.rel1.win32_1.0.0.202411081344/tools/bin/../lib/gcc/arm-none-eabi/13.3.1/../../../../arm-none-eabi/lib/thumb/v7-m/nofp\libc_nano.a(libc_a-nano-vfprintf_i.o)
 .ARM.attributes
                0x00000638       0x2d F:/Program Files/STM32CubeIDE_1.18.0/STM32CubeIDE/plugins/com.st.stm32cube.ide.mcu.externaltools.gnu-tools-for-stm32.13.3.rel1.win32_1.0.0.202411081344/tools/bin/../lib/gcc/arm-none-eabi/13.3.1/../../../../arm-none-eabi/lib/thumb/v7-m/nofp\libc_nano.a(libc_a-memmove.o)
 .ARM.attributes
                0x00000665       0x2d F:/Program Files/STM32CubeIDE_1.18.0/STM32CubeIDE/plugins/com.st.stm32cube.ide.mcu.externaltools.gnu-tools-for-stm32.13.3.rel1.win32_1.0.0.202411081344/tools/bin/../lib/gcc/arm-none-eabi/13.3.1/../../../../arm-none-eabi/lib/thumb/v7-m/nofp\libc_nano.a(libc_a-sbrkr.o)
 .ARM.attributes
                0x00000692       0x2d F:/Program Files/STM32CubeIDE_1.18.0/STM32CubeIDE/plugins/com.st.stm32cube.ide.mcu.externaltools.gnu-tools-for-stm32.13.3.rel1.win32_1.0.0.202411081344/tools/bin/../lib/gcc/arm-none-eabi/13.3.1/../../../../arm-none-eabi/lib/thumb/v7-m/nofp\libc_nano.a(libc_a-memchr-stub.o)
 .ARM.attributes
                0x000006bf       0x2d F:/Program Files/STM32CubeIDE_1.18.0/STM32CubeIDE/plugins/com.st.stm32cube.ide.mcu.externaltools.gnu-tools-for-stm32.13.3.rel1.win32_1.0.0.202411081344/tools/bin/../lib/gcc/arm-none-eabi/13.3.1/../../../../arm-none-eabi/lib/thumb/v7-m/nofp\libc_nano.a(libc_a-memcpy-stub.o)
 .ARM.attributes
                0x000006ec       0x2d F:/Program Files/STM32CubeIDE_1.18.0/STM32CubeIDE/plugins/com.st.stm32cube.ide.mcu.externaltools.gnu-tools-for-stm32.13.3.rel1.win32_1.0.0.202411081344/tools/bin/../lib/gcc/arm-none-eabi/13.3.1/../../../../arm-none-eabi/lib/thumb/v7-m/nofp\libc_nano.a(libc_a-reallocr.o)
 .ARM.attributes
                0x00000719       0x2d F:/Program Files/STM32CubeIDE_1.18.0/STM32CubeIDE/plugins/com.st.stm32cube.ide.mcu.externaltools.gnu-tools-for-stm32.13.3.rel1.win32_1.0.0.202411081344/tools/bin/../lib/gcc/arm-none-eabi/13.3.1/../../../../arm-none-eabi/lib/thumb/v7-m/nofp\libc_nano.a(libc_a-msizer.o)
 .ARM.attributes
                0x00000746       0x1d F:/Program Files/STM32CubeIDE_1.18.0/STM32CubeIDE/plugins/com.st.stm32cube.ide.mcu.externaltools.gnu-tools-for-stm32.13.3.rel1.win32_1.0.0.202411081344/tools/bin/../lib/gcc/arm-none-eabi/13.3.1/thumb/v7-m/nofp\libgcc.a(_arm_addsubdf3.o)
 .ARM.attributes
                0x00000763       0x1d F:/Program Files/STM32CubeIDE_1.18.0/STM32CubeIDE/plugins/com.st.stm32cube.ide.mcu.externaltools.gnu-tools-for-stm32.13.3.rel1.win32_1.0.0.202411081344/tools/bin/../lib/gcc/arm-none-eabi/13.3.1/thumb/v7-m/nofp\libgcc.a(_arm_addsubsf3.o)
 .ARM.attributes
                0x00000780       0x1d F:/Program Files/STM32CubeIDE_1.18.0/STM32CubeIDE/plugins/com.st.stm32cube.ide.mcu.externaltools.gnu-tools-for-stm32.13.3.rel1.win32_1.0.0.202411081344/tools/bin/../lib/gcc/arm-none-eabi/13.3.1/thumb/v7-m/nofp\libgcc.a(_arm_fixunssfsi.o)
 .ARM.attributes
                0x0000079d       0x1d F:/Program Files/STM32CubeIDE_1.18.0/STM32CubeIDE/plugins/com.st.stm32cube.ide.mcu.externaltools.gnu-tools-for-stm32.13.3.rel1.win32_1.0.0.202411081344/tools/bin/../lib/gcc/arm-none-eabi/13.3.1/thumb/v7-m/nofp/crtn.o
OUTPUT(3axis1.elf elf32-littlearm)
LOAD linker stubs
LOAD F:/Program Files/STM32CubeIDE_1.18.0/STM32CubeIDE/plugins/com.st.stm32cube.ide.mcu.externaltools.gnu-tools-for-stm32.13.3.rel1.win32_1.0.0.202411081344/tools/bin/../lib/gcc/arm-none-eabi/13.3.1/../../../../arm-none-eabi/lib/thumb/v7-m/nofp\libc.a
LOAD F:/Program Files/STM32CubeIDE_1.18.0/STM32CubeIDE/plugins/com.st.stm32cube.ide.mcu.externaltools.gnu-tools-for-stm32.13.3.rel1.win32_1.0.0.202411081344/tools/bin/../lib/gcc/arm-none-eabi/13.3.1/../../../../arm-none-eabi/lib/thumb/v7-m/nofp\libm.a
LOAD F:/Program Files/STM32CubeIDE_1.18.0/STM32CubeIDE/plugins/com.st.stm32cube.ide.mcu.externaltools.gnu-tools-for-stm32.13.3.rel1.win32_1.0.0.202411081344/tools/bin/../lib/gcc/arm-none-eabi/13.3.1/thumb/v7-m/nofp\libgcc.a

.debug_info     0x00000000     0xddf9
 .debug_info    0x00000000      0x7b8 ./Core/Src/adc.o
 .debug_info    0x000007b8      0x2d3 ./Core/Src/gpio.o
 .debug_info    0x00000a8b      0x294 ./Core/Src/lcd.o
 .debug_info    0x00000d1f      0xdc6 ./Core/Src/main.o
 .debug_info    0x00001ae5      0x91a ./Core/Src/motor_control.o
 .debug_info    0x000023ff      0x1f1 ./Core/Src/stm32f1xx_hal_msp.o
 .debug_info    0x000025f0      0x6a1 ./Core/Src/stm32f1xx_it.o
 .debug_info    0x00002c91      0x168 ./Core/Src/sysmem.o
 .debug_info    0x00002df9      0x222 ./Core/Src/system_stm32f1xx.o
 .debug_info    0x0000301b      0xa1a ./Core/Src/tim.o
 .debug_info    0x00003a35      0x798 ./Core/Src/usart.o
 .debug_info    0x000041cd       0x30 ./Core/Startup/startup_stm32f103c8tx.o
 .debug_info    0x000041fd      0x704 ./Drivers/STM32F1xx_HAL_Driver/stm32f1xx_hal.o
 .debug_info    0x00004901      0xc50 ./Drivers/STM32F1xx_HAL_Driver/stm32f1xx_hal_adc.o
 .debug_info    0x00005551      0xa87 ./Drivers/STM32F1xx_HAL_Driver/stm32f1xx_hal_cortex.o
 .debug_info    0x00005fd8      0x5ab ./Drivers/STM32F1xx_HAL_Driver/stm32f1xx_hal_gpio.o
 .debug_info    0x00006583      0x7d5 ./Drivers/STM32F1xx_HAL_Driver/stm32f1xx_hal_rcc.o
 .debug_info    0x00006d58      0x3c0 ./Drivers/STM32F1xx_HAL_Driver/stm32f1xx_hal_rcc_ex.o
 .debug_info    0x00007118     0x2959 ./Drivers/STM32F1xx_HAL_Driver/stm32f1xx_hal_tim.o
 .debug_info    0x00009a71     0x149b ./Drivers/STM32F1xx_HAL_Driver/stm32f1xx_hal_tim_ex.o
 .debug_info    0x0000af0c     0x2eed ./Drivers/STM32F1xx_HAL_Driver/stm32f1xx_hal_uart.o

.debug_abbrev   0x00000000     0x272d
 .debug_abbrev  0x00000000      0x1e1 ./Core/Src/adc.o
 .debug_abbrev  0x000001e1      0x13f ./Core/Src/gpio.o
 .debug_abbrev  0x00000320      0x15c ./Core/Src/lcd.o
 .debug_abbrev  0x0000047c      0x2c9 ./Core/Src/main.o
 .debug_abbrev  0x00000745      0x246 ./Core/Src/motor_control.o
 .debug_abbrev  0x0000098b       0xdb ./Core/Src/stm32f1xx_hal_msp.o
 .debug_abbrev  0x00000a66      0x191 ./Core/Src/stm32f1xx_it.o
 .debug_abbrev  0x00000bf7       0xbc ./Core/Src/sysmem.o
 .debug_abbrev  0x00000cb3      0x13f ./Core/Src/system_stm32f1xx.o
 .debug_abbrev  0x00000df2      0x21d ./Core/Src/tim.o
 .debug_abbrev  0x0000100f      0x1e6 ./Core/Src/usart.o
 .debug_abbrev  0x000011f5       0x24 ./Core/Startup/startup_stm32f103c8tx.o
 .debug_abbrev  0x00001219      0x201 ./Drivers/STM32F1xx_HAL_Driver/stm32f1xx_hal.o
 .debug_abbrev  0x0000141a      0x225 ./Drivers/STM32F1xx_HAL_Driver/stm32f1xx_hal_adc.o
 .debug_abbrev  0x0000163f      0x2f8 ./Drivers/STM32F1xx_HAL_Driver/stm32f1xx_hal_cortex.o
 .debug_abbrev  0x00001937      0x1ca ./Drivers/STM32F1xx_HAL_Driver/stm32f1xx_hal_gpio.o
 .debug_abbrev  0x00001b01      0x2b3 ./Drivers/STM32F1xx_HAL_Driver/stm32f1xx_hal_rcc.o
 .debug_abbrev  0x00001db4      0x188 ./Drivers/STM32F1xx_HAL_Driver/stm32f1xx_hal_rcc_ex.o
 .debug_abbrev  0x00001f3c      0x277 ./Drivers/STM32F1xx_HAL_Driver/stm32f1xx_hal_tim.o
 .debug_abbrev  0x000021b3      0x282 ./Drivers/STM32F1xx_HAL_Driver/stm32f1xx_hal_tim_ex.o
 .debug_abbrev  0x00002435      0x2f8 ./Drivers/STM32F1xx_HAL_Driver/stm32f1xx_hal_uart.o

.debug_aranges  0x00000000      0xda0
 .debug_aranges
                0x00000000       0x30 ./Core/Src/adc.o
 .debug_aranges
                0x00000030       0x20 ./Core/Src/gpio.o
 .debug_aranges
                0x00000050       0x50 ./Core/Src/lcd.o
 .debug_aranges
                0x000000a0       0x40 ./Core/Src/main.o
 .debug_aranges
                0x000000e0       0x38 ./Core/Src/motor_control.o
 .debug_aranges
                0x00000118       0x20 ./Core/Src/stm32f1xx_hal_msp.o
 .debug_aranges
                0x00000138       0x68 ./Core/Src/stm32f1xx_it.o
 .debug_aranges
                0x000001a0       0x20 ./Core/Src/sysmem.o
 .debug_aranges
                0x000001c0       0x28 ./Core/Src/system_stm32f1xx.o
 .debug_aranges
                0x000001e8       0x38 ./Core/Src/tim.o
 .debug_aranges
                0x00000220       0x30 ./Core/Src/usart.o
 .debug_aranges
                0x00000250       0x28 ./Core/Startup/startup_stm32f103c8tx.o
 .debug_aranges
                0x00000278       0xe0 ./Drivers/STM32F1xx_HAL_Driver/stm32f1xx_hal.o
 .debug_aranges
                0x00000358       0xf0 ./Drivers/STM32F1xx_HAL_Driver/stm32f1xx_hal_adc.o
 .debug_aranges
                0x00000448      0x100 ./Drivers/STM32F1xx_HAL_Driver/stm32f1xx_hal_cortex.o
 .debug_aranges
                0x00000548       0x58 ./Drivers/STM32F1xx_HAL_Driver/stm32f1xx_hal_gpio.o
 .debug_aranges
                0x000005a0       0x90 ./Drivers/STM32F1xx_HAL_Driver/stm32f1xx_hal_rcc.o
 .debug_aranges
                0x00000630       0x30 ./Drivers/STM32F1xx_HAL_Driver/stm32f1xx_hal_rcc_ex.o
 .debug_aranges
                0x00000660      0x3d0 ./Drivers/STM32F1xx_HAL_Driver/stm32f1xx_hal_tim.o
 .debug_aranges
                0x00000a30      0x168 ./Drivers/STM32F1xx_HAL_Driver/stm32f1xx_hal_tim_ex.o
 .debug_aranges
                0x00000b98      0x208 ./Drivers/STM32F1xx_HAL_Driver/stm32f1xx_hal_uart.o

.debug_rnglists
                0x00000000      0xa89
 .debug_rnglists
                0x00000000       0x20 ./Core/Src/adc.o
 .debug_rnglists
                0x00000020       0x14 ./Core/Src/gpio.o
 .debug_rnglists
                0x00000034       0x37 ./Core/Src/lcd.o
 .debug_rnglists
                0x0000006b       0x2e ./Core/Src/main.o
 .debug_rnglists
                0x00000099       0x26 ./Core/Src/motor_control.o
 .debug_rnglists
                0x000000bf       0x13 ./Core/Src/stm32f1xx_hal_msp.o
 .debug_rnglists
                0x000000d2       0x49 ./Core/Src/stm32f1xx_it.o
 .debug_rnglists
                0x0000011b       0x13 ./Core/Src/sysmem.o
 .debug_rnglists
                0x0000012e       0x1a ./Core/Src/system_stm32f1xx.o
 .debug_rnglists
                0x00000148       0x27 ./Core/Src/tim.o
 .debug_rnglists
                0x0000016f       0x20 ./Core/Src/usart.o
 .debug_rnglists
                0x0000018f       0x19 ./Core/Startup/startup_stm32f103c8tx.o
 .debug_rnglists
                0x000001a8       0xa3 ./Drivers/STM32F1xx_HAL_Driver/stm32f1xx_hal.o
 .debug_rnglists
                0x0000024b       0xbc ./Drivers/STM32F1xx_HAL_Driver/stm32f1xx_hal_adc.o
 .debug_rnglists
                0x00000307       0xbb ./Drivers/STM32F1xx_HAL_Driver/stm32f1xx_hal_cortex.o
 .debug_rnglists
                0x000003c2       0x3f ./Drivers/STM32F1xx_HAL_Driver/stm32f1xx_hal_gpio.o
 .debug_rnglists
                0x00000401       0x6c ./Drivers/STM32F1xx_HAL_Driver/stm32f1xx_hal_rcc.o
 .debug_rnglists
                0x0000046d       0x21 ./Drivers/STM32F1xx_HAL_Driver/stm32f1xx_hal_rcc_ex.o
 .debug_rnglists
                0x0000048e      0x31a ./Drivers/STM32F1xx_HAL_Driver/stm32f1xx_hal_tim.o
 .debug_rnglists
                0x000007a8      0x125 ./Drivers/STM32F1xx_HAL_Driver/stm32f1xx_hal_tim_ex.o
 .debug_rnglists
                0x000008cd      0x1bc ./Drivers/STM32F1xx_HAL_Driver/stm32f1xx_hal_uart.o

.debug_macro    0x00000000    0x19245
 .debug_macro   0x00000000      0x1cb ./Core/Src/adc.o
 .debug_macro   0x000001cb      0xacc ./Core/Src/adc.o
 .debug_macro   0x00000c97      0x221 ./Core/Src/adc.o
 .debug_macro   0x00000eb8       0x2e ./Core/Src/adc.o
 .debug_macro   0x00000ee6       0x22 ./Core/Src/adc.o
 .debug_macro   0x00000f08       0x22 ./Core/Src/adc.o
 .debug_macro   0x00000f2a       0x8e ./Core/Src/adc.o
 .debug_macro   0x00000fb8       0x51 ./Core/Src/adc.o
 .debug_macro   0x00001009      0x103 ./Core/Src/adc.o
 .debug_macro   0x0000110c       0x6a ./Core/Src/adc.o
 .debug_macro   0x00001176      0x1df ./Core/Src/adc.o
 .debug_macro   0x00001355       0x1c ./Core/Src/adc.o
 .debug_macro   0x00001371       0x22 ./Core/Src/adc.o
 .debug_macro   0x00001393       0xbd ./Core/Src/adc.o
 .debug_macro   0x00001450      0xd23 ./Core/Src/adc.o
 .debug_macro   0x00002173     0xe09e ./Core/Src/adc.o
 .debug_macro   0x00010211       0x6d ./Core/Src/adc.o
 .debug_macro   0x0001027e     0x34a2 ./Core/Src/adc.o
 .debug_macro   0x00013720      0x190 ./Core/Src/adc.o
 .debug_macro   0x000138b0       0x5c ./Core/Src/adc.o
 .debug_macro   0x0001390c      0x5bc ./Core/Src/adc.o
 .debug_macro   0x00013ec8      0x289 ./Core/Src/adc.o
 .debug_macro   0x00014151      0x1cb ./Core/Src/adc.o
 .debug_macro   0x0001431c      0x114 ./Core/Src/adc.o
 .debug_macro   0x00014430      0x1b2 ./Core/Src/adc.o
 .debug_macro   0x000145e2       0x27 ./Core/Src/adc.o
 .debug_macro   0x00014609      0x136 ./Core/Src/adc.o
 .debug_macro   0x0001473f      0x1bc ./Core/Src/adc.o
 .debug_macro   0x000148fb       0x34 ./Core/Src/adc.o
 .debug_macro   0x0001492f       0x3c ./Core/Src/adc.o
 .debug_macro   0x0001496b       0x57 ./Core/Src/adc.o
 .debug_macro   0x000149c2      0x46a ./Core/Src/adc.o
 .debug_macro   0x00014e2c      0x1b5 ./Core/Src/adc.o
 .debug_macro   0x00014fe1       0x87 ./Core/Src/adc.o
 .debug_macro   0x00015068      0x240 ./Core/Src/adc.o
 .debug_macro   0x000152a8      0x140 ./Core/Src/adc.o
 .debug_macro   0x000153e8      0x8ed ./Core/Src/adc.o
 .debug_macro   0x00015cd5      0x28e ./Core/Src/adc.o
 .debug_macro   0x00015f63       0x83 ./Core/Src/adc.o
 .debug_macro   0x00015fe6      0x1cb ./Core/Src/gpio.o
 .debug_macro   0x000161b1      0x2d6 ./Core/Src/lcd.o
 .debug_macro   0x00016487       0x4c ./Core/Src/lcd.o
 .debug_macro   0x000164d3       0x61 ./Core/Src/lcd.o
 .debug_macro   0x00016534       0x24 ./Core/Src/lcd.o
 .debug_macro   0x00016558       0x43 ./Core/Src/lcd.o
 .debug_macro   0x0001659b       0x34 ./Core/Src/lcd.o
 .debug_macro   0x000165cf      0x370 ./Core/Src/lcd.o
 .debug_macro   0x0001693f       0x16 ./Core/Src/lcd.o
 .debug_macro   0x00016955       0x4a ./Core/Src/lcd.o
 .debug_macro   0x0001699f       0x34 ./Core/Src/lcd.o
 .debug_macro   0x000169d3       0x10 ./Core/Src/lcd.o
 .debug_macro   0x000169e3       0x58 ./Core/Src/lcd.o
 .debug_macro   0x00016a3b       0x8e ./Core/Src/lcd.o
 .debug_macro   0x00016ac9       0x1c ./Core/Src/lcd.o
 .debug_macro   0x00016ae5      0x185 ./Core/Src/lcd.o
 .debug_macro   0x00016c6a       0x10 ./Core/Src/lcd.o
 .debug_macro   0x00016c7a       0x3c ./Core/Src/lcd.o
 .debug_macro   0x00016cb6       0x20 ./Core/Src/lcd.o
 .debug_macro   0x00016cd6       0x16 ./Core/Src/lcd.o
 .debug_macro   0x00016cec       0x16 ./Core/Src/lcd.o
 .debug_macro   0x00016d02       0x29 ./Core/Src/lcd.o
 .debug_macro   0x00016d2b      0x31f ./Core/Src/main.o
 .debug_macro   0x0001704a       0x16 ./Core/Src/main.o
 .debug_macro   0x00017060       0x10 ./Core/Src/main.o
 .debug_macro   0x00017070       0x16 ./Core/Src/main.o
 .debug_macro   0x00017086       0x16 ./Core/Src/main.o
 .debug_macro   0x0001709c      0x146 ./Core/Src/main.o
 .debug_macro   0x000171e2       0x16 ./Core/Src/main.o
 .debug_macro   0x000171f8       0x52 ./Core/Src/main.o
 .debug_macro   0x0001724a       0xc4 ./Core/Src/main.o
 .debug_macro   0x0001730e      0x2e1 ./Core/Src/motor_control.o
 .debug_macro   0x000175ef      0x1c1 ./Core/Src/stm32f1xx_hal_msp.o
 .debug_macro   0x000177b0      0x1cb ./Core/Src/stm32f1xx_it.o
 .debug_macro   0x0001797b      0x112 ./Core/Src/sysmem.o
 .debug_macro   0x00017a8d      0x23c ./Core/Src/sysmem.o
 .debug_macro   0x00017cc9      0x1b7 ./Core/Src/system_stm32f1xx.o
 .debug_macro   0x00017e80      0x1cb ./Core/Src/tim.o
 .debug_macro   0x0001804b      0x1cb ./Core/Src/usart.o
 .debug_macro   0x00018216      0x1db ./Drivers/STM32F1xx_HAL_Driver/stm32f1xx_hal.o
 .debug_macro   0x000183f1      0x1d4 ./Drivers/STM32F1xx_HAL_Driver/stm32f1xx_hal_adc.o
 .debug_macro   0x000185c5      0x1b7 ./Drivers/STM32F1xx_HAL_Driver/stm32f1xx_hal_cortex.o
 .debug_macro   0x0001877c      0x222 ./Drivers/STM32F1xx_HAL_Driver/stm32f1xx_hal_gpio.o
 .debug_macro   0x0001899e      0x1c9 ./Drivers/STM32F1xx_HAL_Driver/stm32f1xx_hal_rcc.o
 .debug_macro   0x00018b67      0x1b7 ./Drivers/STM32F1xx_HAL_Driver/stm32f1xx_hal_rcc_ex.o
 .debug_macro   0x00018d1e      0x1b8 ./Drivers/STM32F1xx_HAL_Driver/stm32f1xx_hal_tim.o
 .debug_macro   0x00018ed6      0x1b7 ./Drivers/STM32F1xx_HAL_Driver/stm32f1xx_hal_tim_ex.o
 .debug_macro   0x0001908d      0x1b8 ./Drivers/STM32F1xx_HAL_Driver/stm32f1xx_hal_uart.o

.debug_line     0x00000000    0x12915
 .debug_line    0x00000000      0x888 ./Core/Src/adc.o
 .debug_line    0x00000888      0x83d ./Core/Src/gpio.o
 .debug_line    0x000010c5      0xb54 ./Core/Src/lcd.o
 .debug_line    0x00001c19      0xcbe ./Core/Src/main.o
 .debug_line    0x000028d7      0xb78 ./Core/Src/motor_control.o
 .debug_line    0x0000344f      0x7fe ./Core/Src/stm32f1xx_hal_msp.o
 .debug_line    0x00003c4d      0x8c4 ./Core/Src/stm32f1xx_it.o
 .debug_line    0x00004511      0x67b ./Core/Src/sysmem.o
 .debug_line    0x00004b8c      0x87c ./Core/Src/system_stm32f1xx.o
 .debug_line    0x00005408      0x8f5 ./Core/Src/tim.o
 .debug_line    0x00005cfd      0x871 ./Core/Src/usart.o
 .debug_line    0x0000656e       0x78 ./Core/Startup/startup_stm32f103c8tx.o
 .debug_line    0x000065e6      0xae2 ./Drivers/STM32F1xx_HAL_Driver/stm32f1xx_hal.o
 .debug_line    0x000070c8     0x1107 ./Drivers/STM32F1xx_HAL_Driver/stm32f1xx_hal_adc.o
 .debug_line    0x000081cf      0xcac ./Drivers/STM32F1xx_HAL_Driver/stm32f1xx_hal_cortex.o
 .debug_line    0x00008e7b      0xb3f ./Drivers/STM32F1xx_HAL_Driver/stm32f1xx_hal_gpio.o
 .debug_line    0x000099ba      0xf9b ./Drivers/STM32F1xx_HAL_Driver/stm32f1xx_hal_rcc.o
 .debug_line    0x0000a955      0xa4c ./Drivers/STM32F1xx_HAL_Driver/stm32f1xx_hal_rcc_ex.o
 .debug_line    0x0000b3a1     0x35d0 ./Drivers/STM32F1xx_HAL_Driver/stm32f1xx_hal_tim.o
 .debug_line    0x0000e971     0x19a6 ./Drivers/STM32F1xx_HAL_Driver/stm32f1xx_hal_tim_ex.o
 .debug_line    0x00010317     0x25fe ./Drivers/STM32F1xx_HAL_Driver/stm32f1xx_hal_uart.o

.debug_str      0x00000000    0x8fc2e
 .debug_str     0x00000000    0x8fc2e ./Core/Src/adc.o
                              0x88573 (size before relaxing)
 .debug_str     0x0008fc2e    0x881ce ./Core/Src/gpio.o
 .debug_str     0x0008fc2e    0x8b59b ./Core/Src/lcd.o
 .debug_str     0x0008fc2e    0x8c782 ./Core/Src/main.o
 .debug_str     0x0008fc2e    0x8c32b ./Core/Src/motor_control.o
 .debug_str     0x0008fc2e    0x88156 ./Core/Src/stm32f1xx_hal_msp.o
 .debug_str     0x0008fc2e    0x8865c ./Core/Src/stm32f1xx_it.o
 .debug_str     0x0008fc2e     0x7709 ./Core/Src/sysmem.o
 .debug_str     0x0008fc2e    0x88181 ./Core/Src/system_stm32f1xx.o
 .debug_str     0x0008fc2e    0x88a8a ./Core/Src/tim.o
 .debug_str     0x0008fc2e    0x88616 ./Core/Src/usart.o
 .debug_str     0x0008fc2e       0x7b ./Core/Startup/startup_stm32f103c8tx.o
 .debug_str     0x0008fc2e    0x888e9 ./Drivers/STM32F1xx_HAL_Driver/stm32f1xx_hal.o
 .debug_str     0x0008fc2e    0x8889a ./Drivers/STM32F1xx_HAL_Driver/stm32f1xx_hal_adc.o
 .debug_str     0x0008fc2e    0x88835 ./Drivers/STM32F1xx_HAL_Driver/stm32f1xx_hal_cortex.o
 .debug_str     0x0008fc2e    0x8853c ./Drivers/STM32F1xx_HAL_Driver/stm32f1xx_hal_gpio.o
 .debug_str     0x0008fc2e    0x885e5 ./Drivers/STM32F1xx_HAL_Driver/stm32f1xx_hal_rcc.o
 .debug_str     0x0008fc2e    0x88335 ./Drivers/STM32F1xx_HAL_Driver/stm32f1xx_hal_rcc_ex.o
 .debug_str     0x0008fc2e    0x895e7 ./Drivers/STM32F1xx_HAL_Driver/stm32f1xx_hal_tim.o
 .debug_str     0x0008fc2e    0x88df3 ./Drivers/STM32F1xx_HAL_Driver/stm32f1xx_hal_tim_ex.o
 .debug_str     0x0008fc2e    0x88c56 ./Drivers/STM32F1xx_HAL_Driver/stm32f1xx_hal_uart.o

.comment        0x00000000       0x43
 .comment       0x00000000       0x43 ./Core/Src/adc.o
                                 0x44 (size before relaxing)
 .comment       0x00000043       0x44 ./Core/Src/gpio.o
 .comment       0x00000043       0x44 ./Core/Src/lcd.o
 .comment       0x00000043       0x44 ./Core/Src/main.o
 .comment       0x00000043       0x44 ./Core/Src/motor_control.o
 .comment       0x00000043       0x44 ./Core/Src/stm32f1xx_hal_msp.o
 .comment       0x00000043       0x44 ./Core/Src/stm32f1xx_it.o
 .comment       0x00000043       0x44 ./Core/Src/sysmem.o
 .comment       0x00000043       0x44 ./Core/Src/system_stm32f1xx.o
 .comment       0x00000043       0x44 ./Core/Src/tim.o
 .comment       0x00000043       0x44 ./Core/Src/usart.o
 .comment       0x00000043       0x44 ./Drivers/STM32F1xx_HAL_Driver/stm32f1xx_hal.o
 .comment       0x00000043       0x44 ./Drivers/STM32F1xx_HAL_Driver/stm32f1xx_hal_adc.o
 .comment       0x00000043       0x44 ./Drivers/STM32F1xx_HAL_Driver/stm32f1xx_hal_cortex.o
 .comment       0x00000043       0x44 ./Drivers/STM32F1xx_HAL_Driver/stm32f1xx_hal_gpio.o
 .comment       0x00000043       0x44 ./Drivers/STM32F1xx_HAL_Driver/stm32f1xx_hal_rcc.o
 .comment       0x00000043       0x44 ./Drivers/STM32F1xx_HAL_Driver/stm32f1xx_hal_rcc_ex.o
 .comment       0x00000043       0x44 ./Drivers/STM32F1xx_HAL_Driver/stm32f1xx_hal_tim.o
 .comment       0x00000043       0x44 ./Drivers/STM32F1xx_HAL_Driver/stm32f1xx_hal_tim_ex.o
 .comment       0x00000043       0x44 ./Drivers/STM32F1xx_HAL_Driver/stm32f1xx_hal_uart.o

.debug_frame    0x00000000     0x3d38
 .debug_frame   0x00000000       0x7c ./Core/Src/adc.o
 .debug_frame   0x0000007c       0x34 ./Core/Src/gpio.o
 .debug_frame   0x000000b0       0xfc ./Core/Src/lcd.o
 .debug_frame   0x000001ac       0xb4 ./Core/Src/main.o
 .debug_frame   0x00000260       0x90 ./Core/Src/motor_control.o
 .debug_frame   0x000002f0       0x38 ./Core/Src/stm32f1xx_hal_msp.o
 .debug_frame   0x00000328      0x120 ./Core/Src/stm32f1xx_it.o
 .debug_frame   0x00000448       0x34 ./Core/Src/sysmem.o
 .debug_frame   0x0000047c       0x58 ./Core/Src/system_stm32f1xx.o
 .debug_frame   0x000004d4       0xa0 ./Core/Src/tim.o
 .debug_frame   0x00000574       0x74 ./Core/Src/usart.o
 .debug_frame   0x000005e8      0x334 ./Drivers/STM32F1xx_HAL_Driver/stm32f1xx_hal.o
 .debug_frame   0x0000091c      0x40c ./Drivers/STM32F1xx_HAL_Driver/stm32f1xx_hal_adc.o
 .debug_frame   0x00000d28      0x428 ./Drivers/STM32F1xx_HAL_Driver/stm32f1xx_hal_cortex.o
 .debug_frame   0x00001150      0x14c ./Drivers/STM32F1xx_HAL_Driver/stm32f1xx_hal_gpio.o
 .debug_frame   0x0000129c      0x218 ./Drivers/STM32F1xx_HAL_Driver/stm32f1xx_hal_rcc.o
 .debug_frame   0x000014b4       0x80 ./Drivers/STM32F1xx_HAL_Driver/stm32f1xx_hal_rcc_ex.o
 .debug_frame   0x00001534     0x11b8 ./Drivers/STM32F1xx_HAL_Driver/stm32f1xx_hal_tim.o
 .debug_frame   0x000026ec      0x638 ./Drivers/STM32F1xx_HAL_Driver/stm32f1xx_hal_tim_ex.o
 .debug_frame   0x00002d24      0x944 ./Drivers/STM32F1xx_HAL_Driver/stm32f1xx_hal_uart.o
 .debug_frame   0x00003668      0x144 F:/Program Files/STM32CubeIDE_1.18.0/STM32CubeIDE/plugins/com.st.stm32cube.ide.mcu.externaltools.gnu-tools-for-stm32.13.3.rel1.win32_1.0.0.202411081344/tools/bin/../lib/gcc/arm-none-eabi/13.3.1/../../../../arm-none-eabi/lib/thumb/v7-m/nofp\libc_nano.a(libc_a-findfp.o)
 .debug_frame   0x000037ac       0x74 F:/Program Files/STM32CubeIDE_1.18.0/STM32CubeIDE/plugins/com.st.stm32cube.ide.mcu.externaltools.gnu-tools-for-stm32.13.3.rel1.win32_1.0.0.202411081344/tools/bin/../lib/gcc/arm-none-eabi/13.3.1/../../../../arm-none-eabi/lib/thumb/v7-m/nofp\libc_nano.a(libc_a-sprintf.o)
 .debug_frame   0x00003820       0x20 F:/Program Files/STM32CubeIDE_1.18.0/STM32CubeIDE/plugins/com.st.stm32cube.ide.mcu.externaltools.gnu-tools-for-stm32.13.3.rel1.win32_1.0.0.202411081344/tools/bin/../lib/gcc/arm-none-eabi/13.3.1/../../../../arm-none-eabi/lib/thumb/v7-m/nofp\libc_nano.a(libc_a-memset.o)
 .debug_frame   0x00003840       0x38 F:/Program Files/STM32CubeIDE_1.18.0/STM32CubeIDE/plugins/com.st.stm32cube.ide.mcu.externaltools.gnu-tools-for-stm32.13.3.rel1.win32_1.0.0.202411081344/tools/bin/../lib/gcc/arm-none-eabi/13.3.1/../../../../arm-none-eabi/lib/thumb/v7-m/nofp\libc_nano.a(libc_a-reent.o)
 .debug_frame   0x00003878       0x20 F:/Program Files/STM32CubeIDE_1.18.0/STM32CubeIDE/plugins/com.st.stm32cube.ide.mcu.externaltools.gnu-tools-for-stm32.13.3.rel1.win32_1.0.0.202411081344/tools/bin/../lib/gcc/arm-none-eabi/13.3.1/../../../../arm-none-eabi/lib/thumb/v7-m/nofp\libc_nano.a(libc_a-errno.o)
 .debug_frame   0x00003898       0x2c F:/Program Files/STM32CubeIDE_1.18.0/STM32CubeIDE/plugins/com.st.stm32cube.ide.mcu.externaltools.gnu-tools-for-stm32.13.3.rel1.win32_1.0.0.202411081344/tools/bin/../lib/gcc/arm-none-eabi/13.3.1/../../../../arm-none-eabi/lib/thumb/v7-m/nofp\libc_nano.a(libc_a-init.o)
 .debug_frame   0x000038c4       0xb0 F:/Program Files/STM32CubeIDE_1.18.0/STM32CubeIDE/plugins/com.st.stm32cube.ide.mcu.externaltools.gnu-tools-for-stm32.13.3.rel1.win32_1.0.0.202411081344/tools/bin/../lib/gcc/arm-none-eabi/13.3.1/../../../../arm-none-eabi/lib/thumb/v7-m/nofp\libc_nano.a(libc_a-lock.o)
 .debug_frame   0x00003974       0x38 F:/Program Files/STM32CubeIDE_1.18.0/STM32CubeIDE/plugins/com.st.stm32cube.ide.mcu.externaltools.gnu-tools-for-stm32.13.3.rel1.win32_1.0.0.202411081344/tools/bin/../lib/gcc/arm-none-eabi/13.3.1/../../../../arm-none-eabi/lib/thumb/v7-m/nofp\libc_nano.a(libc_a-freer.o)
 .debug_frame   0x000039ac       0x50 F:/Program Files/STM32CubeIDE_1.18.0/STM32CubeIDE/plugins/com.st.stm32cube.ide.mcu.externaltools.gnu-tools-for-stm32.13.3.rel1.win32_1.0.0.202411081344/tools/bin/../lib/gcc/arm-none-eabi/13.3.1/../../../../arm-none-eabi/lib/thumb/v7-m/nofp\libc_nano.a(libc_a-mallocr.o)
 .debug_frame   0x000039fc       0x30 F:/Program Files/STM32CubeIDE_1.18.0/STM32CubeIDE/plugins/com.st.stm32cube.ide.mcu.externaltools.gnu-tools-for-stm32.13.3.rel1.win32_1.0.0.202411081344/tools/bin/../lib/gcc/arm-none-eabi/13.3.1/../../../../arm-none-eabi/lib/thumb/v7-m/nofp\libc_nano.a(libc_a-mlock.o)
 .debug_frame   0x00003a2c       0x90 F:/Program Files/STM32CubeIDE_1.18.0/STM32CubeIDE/plugins/com.st.stm32cube.ide.mcu.externaltools.gnu-tools-for-stm32.13.3.rel1.win32_1.0.0.202411081344/tools/bin/../lib/gcc/arm-none-eabi/13.3.1/../../../../arm-none-eabi/lib/thumb/v7-m/nofp\libc_nano.a(libc_a-nano-svfprintf.o)
 .debug_frame   0x00003abc       0x60 F:/Program Files/STM32CubeIDE_1.18.0/STM32CubeIDE/plugins/com.st.stm32cube.ide.mcu.externaltools.gnu-tools-for-stm32.13.3.rel1.win32_1.0.0.202411081344/tools/bin/../lib/gcc/arm-none-eabi/13.3.1/../../../../arm-none-eabi/lib/thumb/v7-m/nofp\libc_nano.a(libc_a-nano-vfprintf_i.o)
 .debug_frame   0x00003b1c       0x28 F:/Program Files/STM32CubeIDE_1.18.0/STM32CubeIDE/plugins/com.st.stm32cube.ide.mcu.externaltools.gnu-tools-for-stm32.13.3.rel1.win32_1.0.0.202411081344/tools/bin/../lib/gcc/arm-none-eabi/13.3.1/../../../../arm-none-eabi/lib/thumb/v7-m/nofp\libc_nano.a(libc_a-memmove.o)
 .debug_frame   0x00003b44       0x2c F:/Program Files/STM32CubeIDE_1.18.0/STM32CubeIDE/plugins/com.st.stm32cube.ide.mcu.externaltools.gnu-tools-for-stm32.13.3.rel1.win32_1.0.0.202411081344/tools/bin/../lib/gcc/arm-none-eabi/13.3.1/../../../../arm-none-eabi/lib/thumb/v7-m/nofp\libc_nano.a(libc_a-sbrkr.o)
 .debug_frame   0x00003b70       0x28 F:/Program Files/STM32CubeIDE_1.18.0/STM32CubeIDE/plugins/com.st.stm32cube.ide.mcu.externaltools.gnu-tools-for-stm32.13.3.rel1.win32_1.0.0.202411081344/tools/bin/../lib/gcc/arm-none-eabi/13.3.1/../../../../arm-none-eabi/lib/thumb/v7-m/nofp\libc_nano.a(libc_a-memchr-stub.o)
 .debug_frame   0x00003b98       0x28 F:/Program Files/STM32CubeIDE_1.18.0/STM32CubeIDE/plugins/com.st.stm32cube.ide.mcu.externaltools.gnu-tools-for-stm32.13.3.rel1.win32_1.0.0.202411081344/tools/bin/../lib/gcc/arm-none-eabi/13.3.1/../../../../arm-none-eabi/lib/thumb/v7-m/nofp\libc_nano.a(libc_a-memcpy-stub.o)
 .debug_frame   0x00003bc0       0x3c F:/Program Files/STM32CubeIDE_1.18.0/STM32CubeIDE/plugins/com.st.stm32cube.ide.mcu.externaltools.gnu-tools-for-stm32.13.3.rel1.win32_1.0.0.202411081344/tools/bin/../lib/gcc/arm-none-eabi/13.3.1/../../../../arm-none-eabi/lib/thumb/v7-m/nofp\libc_nano.a(libc_a-reallocr.o)
 .debug_frame   0x00003bfc       0x20 F:/Program Files/STM32CubeIDE_1.18.0/STM32CubeIDE/plugins/com.st.stm32cube.ide.mcu.externaltools.gnu-tools-for-stm32.13.3.rel1.win32_1.0.0.202411081344/tools/bin/../lib/gcc/arm-none-eabi/13.3.1/../../../../arm-none-eabi/lib/thumb/v7-m/nofp\libc_nano.a(libc_a-msizer.o)
 .debug_frame   0x00003c1c       0xac F:/Program Files/STM32CubeIDE_1.18.0/STM32CubeIDE/plugins/com.st.stm32cube.ide.mcu.externaltools.gnu-tools-for-stm32.13.3.rel1.win32_1.0.0.202411081344/tools/bin/../lib/gcc/arm-none-eabi/13.3.1/thumb/v7-m/nofp\libgcc.a(_arm_addsubdf3.o)
 .debug_frame   0x00003cc8       0x4c F:/Program Files/STM32CubeIDE_1.18.0/STM32CubeIDE/plugins/com.st.stm32cube.ide.mcu.externaltools.gnu-tools-for-stm32.13.3.rel1.win32_1.0.0.202411081344/tools/bin/../lib/gcc/arm-none-eabi/13.3.1/thumb/v7-m/nofp\libgcc.a(_arm_addsubsf3.o)
 .debug_frame   0x00003d14       0x24 F:/Program Files/STM32CubeIDE_1.18.0/STM32CubeIDE/plugins/com.st.stm32cube.ide.mcu.externaltools.gnu-tools-for-stm32.13.3.rel1.win32_1.0.0.202411081344/tools/bin/../lib/gcc/arm-none-eabi/13.3.1/thumb/v7-m/nofp\libgcc.a(_arm_fixunssfsi.o)

.debug_line_str
                0x00000000       0x5f
 .debug_line_str
                0x00000000       0x5f ./Core/Startup/startup_stm32f103c8tx.o
